C51 COMPILER V9.59.0.0   MAIN                                                              01/24/2026 20:37:55 PAGE 1   


C51 COMPILER V9.59.0.0, COMPILATION OF MODULE MAIN
OBJECT MODULE PLACED IN .\Objects\main.obj
COMPILER INVOKED BY: D:\keilc51\C51\BIN\C51.EXE main.c OPTIMIZE(8,SPEED) BROWSE INCDIR(..\Driver) DEBUG OBJECTEXTEND PRI
                    -NT(.\Listings\main.lst) TABS(2) OBJECT(.\Objects\main.obj)

line level    source

   1          /* 头文件声明区 */
   2          #include <REGX52.H>//单片机寄存器专用头文件
   3          #include <Key.h>//按键底层驱动专用头文件
   4          #include <Seg.h>//数码管底层驱动专用头文件
   5          #include <intrins.h>
   6          #include <Led.h>
   7          /* 变量声明区 */
   8          unsigned char Key_Val,Key_Down,Key_Old,Key_Up;//按键专用变量
   9          unsigned char Key_Slow_Down;//按键减速专用变量
  10          unsigned char Seg_Buf[6] = {10,10,10,10,10,10};//数码管显示数据存放数组
  11          unsigned char Seg_Point[6] = {0,0,0,0,0,0};//数码管小数点数据存放数组
  12          unsigned char Seg_Pos;//数码管扫描专用变量
  13          unsigned int Seg_Slow_Down;//数码管减速专用变量
  14          unsigned char Led_Mod ;//Led模式 0-模式一：从左到右 1-模式二：从右到左 2-模式三 3-模
             -式四
  15          unsigned char Led_Num,Led_Old;//Led编号
  16          unsigned char Led_Num1,Led_Old1;
  17          unsigned char Led_Num2,Led_Old2,Led_Num2s,Led_Old2s;
  18          unsigned char Led_Num3,Led_Old3,Led_Num3s,Led_Old3s;
  19          unsigned int Time[9] = {400,500,600,700,800,900,1000,1100,1200};//流转时间数组
  20          unsigned char Time_Index;//流转时间数组索引
  21          bit System_Flag ;//系统标志位
  22          unsigned int Led_Set_Data [4] = {400,400,400,400};//各模式流转时间
  23          unsigned int Led_Data [4] = {400,400,400,400};//各模式流转时间
  24          unsigned int System_Tick;//流转时间计数
  25          unsigned char Set_Mod;//模式变量
  26          bit Setting;//模式标志位
  27          unsigned char State[3] = {11,12,13};//S A -
  28          unsigned char Mod_Set;//模式设置
  29          unsigned int Setting_Tick;
  30          bit Setting_Flag;
  31          
  32          /* 键盘处理函数 */
  33          void Key_Proc()
  34          {
  35   1        if (Key_Slow_Down) return;
  36   1        Key_Slow_Down = 1;//按键减速程序
  37   1        
  38   1        Key_Val = Key_Read();//读取按下的键值
  39   1        Key_Down = Key_Val & (Key_Val ^ Key_Old);//下降沿
  40   1        Key_Up = Key_Old & (Key_Val ^ Key_Old);//上升沿
  41   1        
  42   1        Key_Old = Key_Val;//辅助扫描
  43   1        
  44   1        switch(Key_Down)
  45   1        {
  46   2          case 7:
  47   2            System_Flag ^= 1;
  48   2          break;
  49   2          case 6:
  50   2            if(System_Flag == 0)
  51   2            {
  52   3              // 每次按键Set_Mod递增: 0->1->2->3(循环到0)
  53   3              if(++Set_Mod == 3)
C51 COMPILER V9.59.0.0   MAIN                                                              01/24/2026 20:37:55 PAGE 2   

  54   3              {
  55   4                // 第3次按键:退出设置模式
  56   4                Set_Mod = 0;
  57   4                Setting = 0;
  58   4                Led_Mod = Mod_Set;
  59   4                Led_Data [Led_Mod] = Time[Time_Index];
  60   4              }
  61   3              else if(Set_Mod == 1)
  62   3              {
  63   4                // 第1次按键(Set_Mod=1)
  64   4                Setting = 1;
  65   4                Mod_Set = Led_Mod;
  66   4                
  67   4              }
  68   3              else if(Set_Mod == 2)//第2次按键(Set_Mod=2)
  69   3              {
  70   4                Setting = 1;
  71   4                Led_Set_Data [Mod_Set] = Led_Data [Mod_Set];
  72   4              }
  73   3            }
  74   2          break;
  75   2          case 5:
  76   2            if(Setting == 1) 
  77   2            {
  78   3              if(Set_Mod == 1) 
  79   3              {
  80   4                if(++Mod_Set == 4) Mod_Set = 0;
  81   4              }else if(Set_Mod == 2)
  82   3              {
  83   4                if(++Time_Index == 9) Time_Index = 0;
  84   4                Led_Set_Data [Mod_Set] = Time[Time_Index];
  85   4              }
  86   3            }
  87   2          break;
  88   2          case 4:
  89   2            if(Setting == 1) 
  90   2            {
  91   3              if(Set_Mod == 1) 
  92   3              {
  93   4                if(--Mod_Set == 255) Mod_Set = 3;
  94   4              }else if(Set_Mod == 2)
  95   3              {
  96   4                if(--Time_Index == 255) Time_Index = 8;
  97   4                Led_Set_Data [Mod_Set] = Time[Time_Index];
  98   4              }
  99   3            }
 100   2          break;
 101   2        }
 102   1      }
 103          
 104          
 105          
 106          /* 信息处理函数 */
 107          void Seg_Proc()
 108          {
 109   1        if (Seg_Slow_Down) return;
 110   1        Seg_Slow_Down =1 ;
 111   1        // 正常显示模式
 112   1        if(Setting == 0)
 113   1        {
 114   2      
 115   2          Seg_Buf[0] = State[System_Flag];
C51 COMPILER V9.59.0.0   MAIN                                                              01/24/2026 20:37:55 PAGE 3   

 116   2          Seg_Buf[1] = Led_Mod +1;
 117   2          if((Led_Data[Led_Mod]/1000) == 0)
 118   2          {
 119   3            Seg_Buf[2] = 10;
 120   3          }else
 121   2          {
 122   3            Seg_Buf[2] = Led_Data[Led_Mod]/1000;
 123   3          }
 124   2          Seg_Buf[3] = Led_Data[Led_Mod]/100 %10;
 125   2          Seg_Buf[4] = Led_Data[Led_Mod]%100 /10;
 126   2          Seg_Buf[5] = Led_Data[Led_Mod] %10;
 127   2        }else  // 设置模式(带闪烁)
 128   1        {
 129   2          // 始终先设置显示内容
 130   2          Seg_Buf[0] = State[2];  // 显示"-"符号
 131   2          Seg_Buf[1] = Mod_Set + 1;
 132   2          if((Led_Set_Data[Mod_Set]/1000) == 0)
 133   2          {
 134   3            Seg_Buf[2] = 10;
 135   3          }else
 136   2          {
 137   3            Seg_Buf[2] = Led_Set_Data[Mod_Set]/1000;
 138   3          }
 139   2          Seg_Buf[3] = Led_Set_Data[Mod_Set]/100 %10;
 140   2          Seg_Buf[4] = Led_Set_Data[Mod_Set]%100 /10;
 141   2          Seg_Buf[5] = Led_Set_Data[Mod_Set]%10;
 142   2      
 143   2          // 根据闪烁标志清除对应位置(实现闪烁效果)
 144   2          if(Setting_Flag == 1)
 145   2          {
 146   3            if(Set_Mod == 1)  // 第1次按键6:前两位闪烁
 147   3            {
 148   4              Seg_Buf[0] = 10;
 149   4              Seg_Buf[1] = 10;
 150   4            }
 151   3            else if(Set_Mod == 2)  // 第2次按键6:后三位闪烁
 152   3            {
 153   4              Seg_Buf[2] = 10;
 154   4              Seg_Buf[3] = 10;
 155   4              Seg_Buf[4] = 10;
 156   4              Seg_Buf[5] = 10;
 157   4            }
 158   3          }
 159   2      
 160   2        }
 161   1      
 162   1      
 163   1      }
 164          
 165          
 166          
 167          
 168          /* 其他显示函数 */
 169          void Led_Proc()
 170          {
 171   1        if(System_Tick == Led_Data[Led_Mod])
 172   1        {
 173   2          System_Tick = 0;
 174   2          switch(Led_Mod)
 175   2          {
 176   3            case 0:
 177   3            if(Led_Num == 8) Led_Num = 0;
C51 COMPILER V9.59.0.0   MAIN                                                              01/24/2026 20:37:55 PAGE 4   

 178   3            Led_Disp(Led_Old,0);
 179   3            Led_Disp(Led_Num,1);
 180   3            Led_Old = Led_Num;
 181   3            Led_Num ++;
 182   3            if(Led_Old == 7) Led_Mod = 1;
 183   3            break;
 184   3            case 1:
 185   3            if(--Led_Num1 == 255) Led_Num1 = 7;
 186   3            Led_Disp(Led_Old1,0);
 187   3            Led_Disp(Led_Num1,1);
 188   3            Led_Old1 = Led_Num1;
 189   3            if(Led_Old1 == 0) Led_Mod = 2;
 190   3      
 191   3            break;
 192   3            case 2:
 193   3            if(Led_Num2 == 4) Led_Num2 = 0;
 194   3            Led_Num2s = 7 - Led_Num2;
 195   3            Led_Disp(Led_Old2s,0);
 196   3            Led_Disp(Led_Old2,0);
 197   3            Led_Disp(Led_Num2s,1);
 198   3            Led_Disp(Led_Num2,1);
 199   3            Led_Old2 = Led_Num2;
 200   3            Led_Old2s = Led_Num2s;
 201   3            Led_Num2 ++;
 202   3            if(Led_Old2 == 3) Led_Mod = 3;
 203   3            break;
 204   3            case 3:
 205   3            if(--Led_Num3 == 255) Led_Num3 = 3;
 206   3            Led_Num3s = 7 - Led_Num3;
 207   3            Led_Disp(Led_Old3s,0);
 208   3            Led_Disp(Led_Old3,0);
 209   3            Led_Disp(Led_Num3s,1);
 210   3            Led_Disp(Led_Num3,1);
 211   3            Led_Old3 = Led_Num3;
 212   3            Led_Old3s = Led_Num3s;
 213   3            if(Led_Old3 == 0) Led_Mod = 0;
 214   3            break;
 215   3            
 216   3          }
 217   2        }
 218   1      
 219   1        
 220   1      }
 221          
 222          
 223          
 224          
 225          /* 定时器0中断初始化函数 */
 226          void Timer0Init(void)   //1毫秒@12.000MHz
 227          {
 228   1        TMOD &= 0xF0;   //设置定时器模式
 229   1        TMOD |= 0x01;   //设置定时器模式
 230   1        TL0 = 0x18;   //设置定时初始值
 231   1        TH0 = 0xFC;   //设置定时初始值
 232   1        TF0 = 0;    //清除TF0标志
 233   1        TR0 = 1;    //定时器0开始计时
 234   1        ET0 = 1;    //定时器0中断打开
 235   1        EA = 1;     //总中断打开
 236   1      }
 237          
 238          
 239          /* 定时器0中断服务函数 */
C51 COMPILER V9.59.0.0   MAIN                                                              01/24/2026 20:37:55 PAGE 5   

 240          void Timer0Server() interrupt 1
 241          {
 242   1        TL0 = 0x18;   //设置定时初始值
 243   1        TH0 = 0xFC;   //设置定时初始值   
 244   1        if(++Key_Slow_Down == 10) Key_Slow_Down = 0;//键盘减速专用
 245   1        if(++Seg_Slow_Down == 50) Seg_Slow_Down = 0;//数码管减速专用
 246   1        if(++Seg_Pos == 6) Seg_Pos = 0;//数码管显示专用
 247   1        Seg_Disp(Seg_Pos, Seg_Buf[Seg_Pos], Seg_Point[Seg_Pos]);
 248   1        if(System_Flag)
 249   1        {
 250   2          System_Tick ++;
 251   2        }
 252   1        if(Setting)  // 设置模式下控制闪烁
 253   1        {
 254   2          // 每400ms翻转一次闪烁标志(显示/隐藏切换)
 255   2          if(++Setting_Tick == 400)
 256   2          {
 257   3            Setting_Tick = 0;
 258   3            Setting_Flag ^= 1;  // 0->1->0->1循环,控制Seg_Proc中的显示/清除
 259   3          }
 260   2        }
 261   1        
 262   1        
 263   1        
 264   1          
 265   1      
 266   1        
 267   1      }
 268          
 269          /* Main */
 270          void main()
 271          {
 272   1        Timer0Init();
 273   1        while (1)
 274   1        {
 275   2          Key_Proc();
 276   2          Seg_Proc();
 277   2          Led_Proc();
 278   2        }
 279   1      }


MODULE INFORMATION:   STATIC OVERLAYABLE
   CODE SIZE        =   1027    ----
   CONSTANT SIZE    =   ----    ----
   XDATA SIZE       =   ----    ----
   PDATA SIZE       =   ----    ----
   DATA SIZE        =     77    ----
   IDATA SIZE       =   ----    ----
   BIT SIZE         =      3    ----
END OF MODULE INFORMATION.


C51 COMPILATION COMPLETE.  0 WARNING(S),  0 ERROR(S)
