C51 COMPILER V9.59.0.0   MAIN                                                              01/23/2026 20:36:27 PAGE 1   


C51 COMPILER V9.59.0.0, COMPILATION OF MODULE MAIN
OBJECT MODULE PLACED IN .\Objects\main.obj
COMPILER INVOKED BY: D:\keilc51\C51\BIN\C51.EXE main.c OPTIMIZE(8,SPEED) BROWSE INCDIR(..\Driver) DEBUG OBJECTEXTEND PRI
                    -NT(.\Listings\main.lst) TABS(2) OBJECT(.\Objects\main.obj)

line level    source

   1          /* 头文件声明区 */
   2          #include <REGX52.H>//单片机寄存器专用头文件
   3          #include <Key.h>//按键底层驱动专用头文件
   4          #include <Seg.h>//数码管底层驱动专用头文件
   5          #include <intrins.h>
   6          #include <Led.h>
   7          /* 变量声明区 */
   8          unsigned char Key_Val,Key_Down,Key_Old,Key_Up;//按键专用变量
   9          unsigned char Key_Slow_Down;//按键减速专用变量
  10          unsigned char Seg_Buf[6] = {10,10,10,10,10,10};//数码管显示数据存放数组
  11          unsigned char Seg_Point[6] = {0,0,0,0,0,0};//数码管小数点数据存放数组
  12          unsigned char Seg_Pos;//数码管扫描专用变量
  13          unsigned int Seg_Slow_Down;//数码管减速专用变量
  14          unsigned char Led_Mod ;//Led模式 0-模式一：从左到右 1-模式二：从右到左 2-模式三 3-模
             -式四
  15          unsigned char Led_Num,Led_Old,Led_Nums,Led_Olds;//Led编号
  16          unsigned char Led_Enable[8] = {0,0,0,0,0,0,0,0};//Led使能数组
  17          unsigned int Time[9] = {400,500,600,700,800,900,1000,1100,1200};//流转时间数组
  18          unsigned char Time_Index;//流转时间数组索引
  19          bit System_Flag =1;//系统标志位
  20          unsigned int Led_Set_Data [4] = {400,400,400,400};//各模式流转时间
  21          unsigned int System_Tick;//流转时间计数
  22          
  23          
  24          
  25          
  26          
  27          
  28          /* 键盘处理函数 */
  29          void Key_Proc()
  30          {
  31   1        if (Key_Slow_Down) return;
  32   1        Key_Slow_Down = 1;//按键减速程序
  33   1        
  34   1        Key_Val = Key_Read();//读取按下的键值
  35   1        Key_Down = Key_Val & (Key_Val ^ Key_Old);//下降沿
  36   1        Key_Up = Key_Old & (Key_Val ^ Key_Old);//上升沿
  37   1        
  38   1        Key_Old = Key_Val;//辅助扫描
  39   1        
  40   1        switch(Key_Down)
  41   1        {
  42   2          case 7:
  43   2            System_Flag ^= 1;
  44   2          break;
  45   2          case 6:
  46   2            
  47   2          break;
  48   2          case 5:
  49   2            
  50   2          break;
  51   2          case 4:
  52   2            
  53   2          break;
C51 COMPILER V9.59.0.0   MAIN                                                              01/23/2026 20:36:27 PAGE 2   

  54   2            
  55   2        }
  56   1      }
  57          
  58          
  59          
  60          /* 信息处理函数 */
  61          void Seg_Proc()
  62          {
  63   1        if (Seg_Slow_Down) return;
  64   1        Seg_Slow_Down =1 ;
  65   1        
  66   1        
  67   1      }
  68          
  69          
  70          
  71          
  72          /* 其他显示函数 */
  73          void Led_Proc()
  74          {
  75   1        if(System_Tick == Led_Set_Data[Led_Mod])
  76   1        {
  77   2          System_Tick = 0;
  78   2          switch(Led_Mod)
  79   2          {
  80   3            case 0:
  81   3            if(Led_Num == 8) Led_Num = 0;
  82   3            Led_Disp(Led_Old,0);
  83   3            Led_Disp(Led_Num,1);
  84   3            Led_Old = Led_Num;
  85   3            Led_Num ++;
  86   3            if(Led_Old == 7) Led_Mod = 1;
  87   3            break;
  88   3            case 1:
  89   3            if(--Led_Num == 255) Led_Num = 7;
  90   3            Led_Disp(Led_Old,0);
  91   3            Led_Disp(Led_Num,1);
  92   3            Led_Old = Led_Num;
  93   3            if(Led_Old == 0) Led_Mod = 2;
  94   3      
  95   3            break;
  96   3            case 2:
  97   3            if(Led_Num == 4) Led_Num = 0;
  98   3            Led_Nums = 7 - Led_Num;
  99   3            Led_Disp(Led_Olds,0);
 100   3            Led_Disp(Led_Old,0);
 101   3            Led_Disp(Led_Nums,1);
 102   3            Led_Disp(Led_Num,1);
 103   3            Led_Old = Led_Num;
 104   3            Led_Olds = Led_Nums;
 105   3            Led_Num ++;
 106   3            if(Led_Old == 3) Led_Mod = 3;
 107   3            break;
 108   3            case 3:
 109   3            if(--Led_Num == 255) Led_Num = 3;
 110   3            Led_Nums = 7 - Led_Num;
 111   3            Led_Disp(Led_Olds,0);
 112   3            Led_Disp(Led_Old,0);
 113   3            Led_Disp(Led_Nums,1);
 114   3            Led_Disp(Led_Num,1);
 115   3            Led_Old = Led_Num;
C51 COMPILER V9.59.0.0   MAIN                                                              01/23/2026 20:36:27 PAGE 3   

 116   3            Led_Olds = Led_Nums;
 117   3            if(Led_Old == 3) 
 118   3            {
 119   4              
 120   4              Led_Mod = 0;
 121   4            }
 122   3            break;
 123   3            
 124   3          }
 125   2        }
 126   1      
 127   1        
 128   1      }
 129          
 130          
 131          
 132          
 133          /* 定时器0中断初始化函数 */
 134          void Timer0Init(void)   //1毫秒@12.000MHz
 135          {
 136   1        TMOD &= 0xF0;   //设置定时器模式
 137   1        TMOD |= 0x01;   //设置定时器模式
 138   1        TL0 = 0x18;   //设置定时初始值
 139   1        TH0 = 0xFC;   //设置定时初始值
 140   1        TF0 = 0;    //清除TF0标志
 141   1        TR0 = 1;    //定时器0开始计时
 142   1        ET0 = 1;    //定时器0中断打开
 143   1        EA = 1;     //总中断打开
 144   1      }
 145          
 146          
 147          /* 定时器0中断服务函数 */
 148          void Timer0Server() interrupt 1
 149          {
 150   1        TL0 = 0x18;   //设置定时初始值
 151   1        TH0 = 0xFC;   //设置定时初始值   
 152   1        if(++Key_Slow_Down == 10) Key_Slow_Down = 0;//键盘减速专用
 153   1        if(++Seg_Slow_Down == 50) Seg_Slow_Down = 0;//数码管减速专用
 154   1        if(++Seg_Pos == 6) Seg_Pos = 0;//数码管显示专用
 155   1        Seg_Disp(Seg_Pos, Seg_Buf[Seg_Pos], Seg_Point[Seg_Pos]);
 156   1        if(System_Flag)
 157   1        {
 158   2          System_Tick ++;
 159   2          
 160   2        }
 161   1        
 162   1        
 163   1        
 164   1          
 165   1      
 166   1        
 167   1      }
 168          
 169          /* Main */
 170          void main()
 171          {
 172   1        Timer0Init();
 173   1        while (1)
 174   1        {
 175   2          Key_Proc();
 176   2          Seg_Proc();
 177   2          Led_Proc();
C51 COMPILER V9.59.0.0   MAIN                                                              01/23/2026 20:36:27 PAGE 4   

 178   2        }
 179   1      }


MODULE INFORMATION:   STATIC OVERLAYABLE
   CODE SIZE        =    487    ----
   CONSTANT SIZE    =   ----    ----
   XDATA SIZE       =   ----    ----
   PDATA SIZE       =   ----    ----
   DATA SIZE        =     62    ----
   IDATA SIZE       =   ----    ----
   BIT SIZE         =      1    ----
END OF MODULE INFORMATION.


C51 COMPILATION COMPLETE.  0 WARNING(S),  0 ERROR(S)
