C51 COMPILER V9.59.0.0   MAIN                                                              02/02/2026 14:22:28 PAGE 1   


C51 COMPILER V9.59.0.0, COMPILATION OF MODULE MAIN
OBJECT MODULE PLACED IN .\Objects\main.obj
COMPILER INVOKED BY: D:\keilc51\C51\BIN\C51.EXE main.c OPTIMIZE(8,SPEED) BROWSE INCDIR(..\Driver) DEBUG OBJECTEXTEND PRI
                    -NT(.\Listings\main.lst) TABS(2) OBJECT(.\Objects\main.obj)

line level    source

   1          /* 头文件声明区 */
   2          #include <STC15F2K60S2.H>//单片机寄存器专用头文件
   3          #include <Init.h>//初始化底层驱动专用头文件
   4          #include <Led.h>//Led底层驱动专用头文件
   5          #include <Key.h>//按键底层驱动专用头文件
   6          #include <Seg.h>//数码管底层驱动专用头文件
   7          #include "onewire.h"
   8          
   9          /* 变量声明区 */
  10          unsigned char Key_Val,Key_Down,Key_Old,Key_Up;//按键专用变量
  11          unsigned char Key_Slow_Down;//按键减速专用变量
  12          unsigned char Seg_Buf[8] = {10,10,10,10,10,10,10,10};//数码管显示数据存放数组
  13          unsigned char Seg_Point[8] = {0,0,0,0,0,0,0,0};//数码管小数点数据存放数组
  14          unsigned char Seg_Pos;//数码管扫描专用变量
  15          unsigned int Seg_Slow_Down;//数码管减速专用变量
  16          unsigned char ucLed[8] = {0,0,0,0,0,0,0,0};//Led显示数据存放数组
  17          float t;
  18          unsigned char Display_Mode;//显示模式
  19          bit Mode1_Flag;//模式一闪烁标志位
  20          unsigned int Tick;//计时变量
  21          unsigned char Set_Index;//参数设置索引
  22          unsigned char TMAX = 30;//最大参数
  23          unsigned char TMIN = 20;//最小参数
  24          unsigned char Led_Level;//Led亮度等级
  25          unsigned char Led_PWM;//亮度调节
  26          unsigned char Error;//参数错误
  27          
  28          /* 键盘处理函数 */
  29          void Key_Proc()
  30          {
  31   1        if(Key_Slow_Down) return;
  32   1        Key_Slow_Down = 1;//键盘减速程序
  33   1      
  34   1        Key_Val = Key_Read();//实时读取键码值
  35   1        Key_Down = Key_Val & (Key_Old ^ Key_Val);//捕捉按键下降沿
  36   1        Key_Up = ~Key_Val & (Key_Old ^ Key_Val);//捕捉按键上降沿
  37   1        Key_Old = Key_Val;//辅助扫描变量
  38   1        switch(Key_Down)
  39   1        {
  40   2          case 12:
  41   2            Display_Mode ++;
  42   2            if(Display_Mode == 2) 
  43   2            {
  44   3              if(TMAX > TMIN)
  45   3              {
  46   4                Display_Mode = 0;
  47   4                Error = 0;
  48   4              }else
  49   3              {
  50   4                Display_Mode = 0;
  51   4                TMAX = 30;
  52   4                TMIN = 20;
  53   4                Error = 1;
  54   4              }
C51 COMPILER V9.59.0.0   MAIN                                                              02/02/2026 14:22:28 PAGE 2   

  55   3            }
  56   2          break;
  57   2          case 13:
  58   2            if(Display_Mode == 1)
  59   2            {
  60   3              Set_Index ++;
  61   3              if(Set_Index == 2) Set_Index = 0;
  62   3            }
  63   2          break;
  64   2          case 14:
  65   2            if(Display_Mode == 1)
  66   2            {
  67   3              switch(Set_Index)
  68   3              {
  69   4                case 0:
  70   4                  TMAX ++;
  71   4                if(TMAX >= 70) TMAX = 70;
  72   4                break;
  73   4                case 1:
  74   4                  TMIN ++;
  75   4                if(TMIN >= 70) TMIN = 70;
  76   4                break;
  77   4              }
  78   3            }
  79   2          break;
  80   2          case 15:
  81   2            if(Display_Mode == 1)
  82   2            {
  83   3              switch(Set_Index)
  84   3              {
  85   4                case 0:
  86   4                  TMAX --;
  87   4                if(TMAX <= 10) TMAX = 10;
  88   4                break;
  89   4                case 1:
  90   4                  TMIN --;
  91   4                if(TMIN <= 10) TMIN = 10;
  92   4                break;
  93   4              }
  94   3            }
  95   2          break;
  96   2          case 16:
  97   2            TMIN = 20;
  98   2            TMAX = 30;
  99   2            Display_Mode = 0;
 100   2          break;
 101   2        }
 102   1      
 103   1      }
 104          
 105          /* 信息处理函数 */
 106          void Seg_Proc()
 107          {
 108   1        if(Seg_Slow_Down) return;
 109   1        Seg_Slow_Down = 1;//数码管减速程序
 110   1      
 111   1        t = read_t();
 112   1        
 113   1      
 114   1        
 115   1        switch(Display_Mode)
 116   1        {
C51 COMPILER V9.59.0.0   MAIN                                                              02/02/2026 14:22:28 PAGE 3   

 117   2          case 0:
 118   2            Seg_Buf[0] = 11;
 119   2            Seg_Buf[1] = 10;
 120   2            Seg_Buf[2] = 10;
 121   2            Seg_Buf[3] = 10;
 122   2            Seg_Buf[4] = (unsigned char)t / 10 % 10;
 123   2            Seg_Buf[5] = (unsigned char)t % 10;
 124   2            Seg_Point[5] = 1;
 125   2            Seg_Buf[6] = (unsigned int)(t * 10) % 10;
 126   2            Seg_Buf[7] = 11;
 127   2          break;
 128   2          case 1:
 129   2            Seg_Buf[0] = 12;
 130   2            Seg_Buf[1] = 10;
 131   2            Seg_Buf[2] = 10;
 132   2            Seg_Buf[3] = TMAX /10;
 133   2            Seg_Buf[4] = TMAX %10;
 134   2            Seg_Buf[5] = 13;
 135   2            Seg_Point[5] = 0;
 136   2            Seg_Buf[6] = TMIN /10;
 137   2            Seg_Buf[7] = TMIN %10;
 138   2            if(Mode1_Flag)
 139   2            {
 140   3                if(Set_Index == 0) 
 141   3              {
 142   4                Seg_Buf[3] = 10;
 143   4                Seg_Buf[4] = 10;
 144   4              }
 145   3              if(Set_Index == 1)
 146   3              {
 147   4                Seg_Buf[6] = 10;
 148   4                Seg_Buf[7] = 10;
 149   4              }
 150   3            }
 151   2            
 152   2            
 153   2          break;
 154   2        }
 155   1      }
 156          
 157          /* 其他显示函数 */
 158          void Led_Proc()
 159          {
 160   1        if((unsigned char) t > TMAX) 
 161   1        {
 162   2          Led_Level = 3;
 163   2          ucLed[0] = 1;
 164   2        }else
 165   1        {
 166   2          ucLed[0] = 0;
 167   2        }
 168   1        if((unsigned char) t < TMIN) 
 169   1        {
 170   2          Led_Level = 9;
 171   2          ucLed[2] = 1;
 172   2        }else
 173   1        {
 174   2          ucLed[2] = 0;
 175   2        }
 176   1        if(((unsigned char) t <= TMAX) && ((unsigned char) t >= TMIN)) 
 177   1        {
 178   2          Led_Level = 6;
C51 COMPILER V9.59.0.0   MAIN                                                              02/02/2026 14:22:28 PAGE 4   

 179   2          ucLed[1] = 1;
 180   2        }else
 181   1        {
 182   2          ucLed[1] = 0;
 183   2        }
 184   1        if(Error)
 185   1        {
 186   2          ucLed[3] = 1;
 187   2        }else
 188   1        {
 189   2          ucLed[3] = 0;
 190   2        }
 191   1      }
 192          
 193          /* 定时器0中断初始化函数 */
 194          void Timer0Init(void)   //1毫秒@12.000MHz
 195          {
 196   1        AUXR &= 0x7F;   //定时器时钟12T模式
 197   1        TMOD &= 0xF0;   //设置定时器模式
 198   1        TL0 = 0x18;   //设置定时初始值
 199   1        TH0 = 0xFC;   //设置定时初始值
 200   1        TF0 = 0;    //清除TF0标志
 201   1        TR0 = 1;    //定时器0开始计时
 202   1        ET0 = 1;    //定时器中断0打开
 203   1        EA = 1;     //总中断打开
 204   1      }
 205          
 206          /* 定时器0中断服务函数 */
 207          void Timer0Server() interrupt 1
 208          {  
 209   1        if(++Key_Slow_Down == 10) Key_Slow_Down = 0;//键盘减速专用
 210   1        if(++Seg_Slow_Down == 50) Seg_Slow_Down = 0;//数码管减速专用
 211   1        if(++Seg_Pos == 8) Seg_Pos = 0;//数码管显示专用
 212   1        Seg_Disp(Seg_Pos,Seg_Buf[Seg_Pos],Seg_Point[Seg_Pos]);
 213   1        
 214   1        if(Display_Mode == 1)
 215   1        {
 216   2            if(++Tick == 250) 
 217   2          {
 218   3            Tick = 0;
 219   3            Mode1_Flag ^= 1;
 220   3          }
 221   2        }
 222   1        
 223   1        if(++ Led_PWM == 10) Led_PWM = 0;
 224   1        if(Led_PWM < Led_Level)
 225   1          Led_Disp(Seg_Pos,ucLed[Seg_Pos]);
 226   1        else
 227   1          Led_Disp(Seg_Pos,0);
 228   1      }
 229          void Delay750ms()   //@12.000MHz
 230          {
 231   1        unsigned char i, j, k;
 232   1        i = 35;
 233   1        j = 51;
 234   1        k = 182;
 235   1        do
 236   1        {
 237   2          do
 238   2          {
 239   3            while (--k);
 240   3          } while (--j);
C51 COMPILER V9.59.0.0   MAIN                                                              02/02/2026 14:22:28 PAGE 5   

 241   2        } while (--i);
 242   1      }
 243          
 244          /* Main */
 245          void main()
 246          {
 247   1        read_t();
 248   1        Delay750ms();
 249   1        System_Init();
 250   1        Timer0Init();
 251   1        while (1)
 252   1        {
 253   2          Key_Proc();
 254   2          Seg_Proc();
 255   2          Led_Proc();
 256   2        }
 257   1      }


MODULE INFORMATION:   STATIC OVERLAYABLE
   CODE SIZE        =    730    ----
   CONSTANT SIZE    =   ----    ----
   XDATA SIZE       =   ----    ----
   PDATA SIZE       =   ----    ----
   DATA SIZE        =     45    ----
   IDATA SIZE       =   ----    ----
   BIT SIZE         =      1    ----
END OF MODULE INFORMATION.


C51 COMPILATION COMPLETE.  0 WARNING(S),  0 ERROR(S)
