C51 COMPILER V9.59.0.0   MAIN                                                              02/13/2026 22:19:02 PAGE 1   


C51 COMPILER V9.59.0.0, COMPILATION OF MODULE MAIN
OBJECT MODULE PLACED IN .\Objects\main.obj
COMPILER INVOKED BY: D:\keilc51\C51\BIN\C51.EXE main.c OPTIMIZE(8,SPEED) BROWSE INCDIR(..\Driver) DEBUG OBJECTEXTEND PRI
                    -NT(.\Listings\main.lst) TABS(2) OBJECT(.\Objects\main.obj)

line level    source

   1          #include <STC15F2K60S2.H>
   2          #include "LED.h"
   3          #include "init.h"
   4          #include "Seg.h"
   5          #include "Key.h"
   6          #include "ds1302.h"
   7          #include "onewire.h"
   8          #include "iic.h"
   9          pdata unsigned char ucLed[8] = {1,0,1,0,1,0,1,0};
  10          pdata unsigned char Seg_Buf[8] = {10,10,10,10,10,10,10,10};
  11          idata unsigned char Seg_Pos = 0;
  12          idata unsigned char Seg_Slow_Down;
  13          
  14          idata unsigned char Key_Val,Key_Old,Key_Up,Key_Down;
  15          idata unsigned char Key_Slow_Down;
  16          
  17          //idata unsigned char Key_Down_Data , Key_Up_Data;//Key调试用
  18          
  19          idata unsigned char ucRtc[3] = {11,12,13};
  20          idata unsigned char Time_Slow_Down;
  21          
  22          idata unsigned int Temperature_10x;
  23          idata unsigned int Temperature_Slow_Down;
  24          
  25          idata unsigned char AD_1_Data_10x, AD_3_Data_10x;
  26          idata unsigned char AD_DA_Slow_Down;
  27          
  28          pdata unsigned char EEPROM_Data_W[8] = {1,2,3,4,5,6,7,8};
  29          pdata unsigned char EEPROM_Data_R[8] = {0,0,0,0,0,0,0,0};
  30          
  31          idata unsigned char Led_PWM = 0;      // PWM计数器 (0-9循环)
  32          idata unsigned char Led_Level = 5;    // PWM占空比等级 (0-10, 5=50%)
  33          
  34          
  35          void Key_Proc()
  36          {
  37   1        if(Key_Slow_Down < 10) return;
  38   1        Key_Slow_Down = 0;
  39   1        
  40   1        Key_Val = Key_Read();
  41   1        Key_Down = Key_Val & (Key_Val ^ Key_Old);
  42   1        Key_Up = ~ Key_Val & (Key_Val ^ Key_Old);
  43   1        Key_Old = Key_Val;
  44   1        /*测试按键*/
  45   1      //  if(Key_Down != 0)
  46   1      //    Key_Down_Data = Key_Down;
  47   1      //  if(Key_Up != 0)
  48   1      //    Key_Up_Data = Key_Up;
  49   1      }
  50          
  51          
  52          void Timer1_Isr(void) interrupt 3
  53          {
  54   1        Seg_Slow_Down ++;
C51 COMPILER V9.59.0.0   MAIN                                                              02/13/2026 22:19:02 PAGE 2   

  55   1        Key_Slow_Down ++;
  56   1        Time_Slow_Down ++;
  57   1        Temperature_Slow_Down ++;
  58   1        AD_DA_Slow_Down ++;
  59   1        Seg_Pos = (++Seg_Pos) % 8;
  60   1        if(Seg_Buf[Seg_Pos] > 20) 
  61   1        {
  62   2          Seg_Disp(Seg_Pos,Seg_Buf[Seg_Pos]- ',',1);
  63   2        }else
  64   1        {
  65   2          Seg_Disp(Seg_Pos,Seg_Buf[Seg_Pos],0);
  66   2        }
  67   1        // ========== LED PWM亮度控制 ==========
  68   1        if(++Led_PWM >= 10) Led_PWM = 0;  // 计数器循环 0-9
  69   1      
  70   1        if(Led_PWM < Led_Level)
  71   1        {
  72   2          Led_Disp(ucLed);  // 占空比内：显示LED
  73   2        }
  74   1        else
  75   1       {
  76   2        // 占空比外：关闭所有LED
  77   2         P0 = 0xFF;  // LED全灭（根据硬件电路调整）
  78   2         P2 = (P2 & 0x1F) | 0x80;
  79   2         P2 &= 0x1F;
  80   2       }
  81   1      }
  82          
  83          
  84          void Seg_Proc()
  85          {
  86   1        if(Seg_Slow_Down < 20) return;
  87   1        Seg_Slow_Down = 0;
  88   1        
  89   1      }
  90          
  91          void Led_Proc()
  92          {
  93   1        if(Temperature_10x > 300)       // 温度 > 30°C
  94   1          Led_Level = 9;              // 高亮
  95   1        else if(Temperature_10x > 200)  // 温度 > 20°C
  96   1          Led_Level = 5;              // 中等亮度
  97   1        else
  98   1          Led_Level = 2;              // 低亮度
  99   1        Led_Disp(ucLed);
 100   1      }
 101          void Get_Time()
 102          {
 103   1        if(Time_Slow_Down < 100) return;
 104   1        Time_Slow_Down = 0;
 105   1        Read_Rtc(ucRtc);
 106   1      }
 107          
 108          void Get_Temperature()
 109          {
 110   1        if(Temperature_Slow_Down <300) return;
 111   1        Temperature_Slow_Down = 0;
 112   1        Temperature_10x = rd_temperature() *10;
 113   1        
 114   1      }
 115          
 116          void AD_DA()
C51 COMPILER V9.59.0.0   MAIN                                                              02/13/2026 22:19:02 PAGE 3   

 117          {
 118   1        if(AD_DA_Slow_Down < 120) return;
 119   1        AD_DA_Slow_Down = 0;
 120   1        AD_1_Data_10x = Ad_Read(0x41) *10/51;
 121   1        AD_3_Data_10x = Ad_Read(0x43) *10/51;
 122   1        Da_Write(3*51);
 123   1        
 124   1      }
 125          
 126          void Timer1_Init(void)    //1毫秒@12.000MHz
 127          {
 128   1        AUXR &= 0xBF;     //定时器时钟12T模式
 129   1        TMOD &= 0x0F;     //设置定时器模式
 130   1        TL1 = 0x18;       //设置定时初始值
 131   1        TH1 = 0xFC;       //设置定时初始值
 132   1        TF1 = 0;        //清除TF1标志
 133   1        TR1 = 1;        //定时器1开始计时
 134   1        ET1 = 1;        //使能定时器1中断
 135   1        EA =1 ;
 136   1      }
 137          
 138          
 139          
 140          
 141          
 142          void main()
 143          {
 144   1        System_Init();
 145   1        Set_Rtc(ucRtc);
 146   1        
 147   1        Timer1_Init();
 148   1        while(1)
 149   1        {
 150   2          Key_Proc();
 151   2          Led_Proc();
 152   2          Seg_Proc();
 153   2          Get_Time();
 154   2          Get_Temperature();
 155   2          AD_DA();
 156   2        }
 157   1      }


MODULE INFORMATION:   STATIC OVERLAYABLE
   CODE SIZE        =    460    ----
   CONSTANT SIZE    =   ----    ----
   XDATA SIZE       =   ----    ----
   PDATA SIZE       =     32    ----
   DATA SIZE        =   ----    ----
   IDATA SIZE       =     20    ----
   BIT SIZE         =   ----    ----
END OF MODULE INFORMATION.


C51 COMPILATION COMPLETE.  0 WARNING(S),  0 ERROR(S)
