BL51 BANKED LINKER/LOCATER V6.22.2.0                                                    03/01/2026  14:36:17  PAGE 1


BL51 BANKED LINKER/LOCATER V6.22.2.0, INVOKED BY:
D:\KEILC51\C51\BIN\BL51.EXE .\Objects\STARTUP.obj, .\Objects\main.obj, .\Objects\Key.obj, .\Objects\Seg.obj, .\Objects\L
>> ED.obj, .\Objects\Init.obj, .\Objects\ds1302.obj, .\Objects\onewire.obj, .\Objects\iic.obj, .\Objects\ultrasound.obj,
>>  .\Objects\uart.obj TO .\Objects\V4T手敲 PRINT (.\Listings\V4T手敲.m51) RAMSIZE (256)


MEMORY MODEL: SMALL WITH FLOATING POINT ARITHMETIC


INPUT MODULES INCLUDED:
  .\Objects\STARTUP.obj (?C_STARTUP)
  .\Objects\main.obj (MAIN)
  .\Objects\Key.obj (KEY)
  .\Objects\Seg.obj (SEG)
  .\Objects\LED.obj (LED)
  .\Objects\Init.obj (INIT)
  .\Objects\ds1302.obj (DS1302)
  .\Objects\onewire.obj (ONEWIRE)
  .\Objects\iic.obj (IIC)
  .\Objects\ultrasound.obj (ULTRASOUND)
  .\Objects\uart.obj (UART)
  D:\KEILC51\C51\LIB\C51FPS.LIB (?C?FPMUL)
  D:\KEILC51\C51\LIB\C51FPS.LIB (?C?FCAST)
  D:\KEILC51\C51\LIB\C51FPS.LIB (?C?CASTF)
  D:\KEILC51\C51\LIB\C51FPS.LIB (PRINTF)
  D:\KEILC51\C51\LIB\C51FPS.LIB (SCANF)
  D:\KEILC51\C51\LIB\C51FPS.LIB (?C?FPGETOPN)
  D:\KEILC51\C51\LIB\C51FPS.LIB (?C?FPROUND)
  D:\KEILC51\C51\LIB\C51FPS.LIB (?C?FPCONVERT)
  D:\KEILC51\C51\LIB\C51FPS.LIB (?C?ATOF)
  D:\KEILC51\C51\LIB\C51FPS.LIB (?C?FPADD)
  D:\KEILC51\C51\LIB\C51FPS.LIB (?C?FPDIV)
  D:\KEILC51\C51\LIB\C51FPS.LIB (?C?FPNEG)
  D:\KEILC51\C51\LIB\C51FPS.LIB (?C?FTNPWR)
  D:\KEILC51\C51\LIB\C51S.LIB (?C_INIT)
  D:\KEILC51\C51\LIB\C51S.LIB (?C?CLDPTR)
  D:\KEILC51\C51\LIB\C51S.LIB (?C?CLDOPTR)
  D:\KEILC51\C51\LIB\C51S.LIB (?C?CSTPTR)
  D:\KEILC51\C51\LIB\C51S.LIB (?C?CSTOPTR)
  D:\KEILC51\C51\LIB\C51S.LIB (?C?UIDIV)
  D:\KEILC51\C51\LIB\C51S.LIB (?C?ISTPTR)
  D:\KEILC51\C51\LIB\C51S.LIB (?C?SLDIV)
  D:\KEILC51\C51\LIB\C51S.LIB (?C?LNEG)
  D:\KEILC51\C51\LIB\C51S.LIB (?C?SLCMP)
  D:\KEILC51\C51\LIB\C51S.LIB (?C?ULCMP)
  D:\KEILC51\C51\LIB\C51S.LIB (?C?LSTPTR)
  D:\KEILC51\C51\LIB\C51S.LIB (?C?LLDIDATA)
  D:\KEILC51\C51\LIB\C51S.LIB (?C?LLDIDATA0)
  D:\KEILC51\C51\LIB\C51S.LIB (?C?LSTIDATA)
  D:\KEILC51\C51\LIB\C51S.LIB (?C?PLDIDATA)
  D:\KEILC51\C51\LIB\C51S.LIB (?C?PLDIIDATA)
  D:\KEILC51\C51\LIB\C51S.LIB (?C?PILDIDATA)
  D:\KEILC51\C51\LIB\C51S.LIB (?C?CCASE)
  D:\KEILC51\C51\LIB\C51S.LIB (?C?ICALL)
  D:\KEILC51\C51\LIB\C51S.LIB (GETCHAR)
  D:\KEILC51\C51\LIB\C51S.LIB (UNGETC)
  D:\KEILC51\C51\LIB\C51S.LIB (ISSPACE)
  D:\KEILC51\C51\LIB\C51S.LIB (?C?MEMSET)
BL51 BANKED LINKER/LOCATER V6.22.2.0                                                  03/01/2026  14:36:17  PAGE 2


  D:\KEILC51\C51\LIB\C51S.LIB (?C?ULDIV)
  D:\KEILC51\C51\LIB\C51S.LIB (?C?LSTXDATA)
  D:\KEILC51\C51\LIB\C51S.LIB (?C?LSTPDATA)
  D:\KEILC51\C51\LIB\C51S.LIB (_GETKEY)


LINK MAP OF MODULE:  .\Objects\V4T手敲 (?C_STARTUP)


            TYPE    BASE      LENGTH    RELOCATION   SEGMENT NAME
            -----------------------------------------------------

            * * * * * * *   D A T A   M E M O R Y   * * * * * * *
            REG     0000H     0008H     ABSOLUTE     "REG BANK 0"
            DATA    0008H     0001H     UNIT         ?DT?GETCHAR
            IDATA   0009H     0004H     UNIT         ?ID?LED
                    000DH     0013H                  *** GAP ***
            BIT     0020H.0   0001H.4   UNIT         _BIT_GROUP_
            BIT     0021H.4   0000H.1   UNIT         ?BI?BEEP?LED
            BIT     0021H.5   0000H.1   UNIT         ?BI?MOTOR?LED
            BIT     0021H.6   0000H.1   UNIT         ?BI?RELAY?LED
            BIT     0021H.7   0000H.1   UNIT         ?BI?GETCHAR
            DATA    0022H     0022H     UNIT         _DATA_GROUP_
            IDATA   0044H     0074H     UNIT         ?ID?MAIN
            IDATA   00B8H     0001H     UNIT         ?STACK

            * * * * * * *  X D A T A   M E M O R Y  * * * * * * *
            XDATA   0000H     002AH     INPAGE       ?PD?MAIN
            XDATA   002AH     000BH     INPAGE       ?PD?SEG

            * * * * * * *   C O D E   M E M O R Y   * * * * * * *
            CODE    0000H     0003H     ABSOLUTE     
            CODE    0003H     0018H     UNIT         ?PR?GET_TEMPERATURE?MAIN
            CODE    001BH     0003H     ABSOLUTE     
            CODE    001EH     0005H     UNIT         ?PR?SCHEDULER_INIT?MAIN
            CODE    0023H     0003H     ABSOLUTE     
            CODE    0026H     07D9H     UNIT         ?C?LIB_CODE
            CODE    07FFH     046FH     UNIT         ?PR?PRINTF?PRINTF
            CODE    0C6EH     034FH     UNIT         ?PR?SCANF?SCANF
            CODE    0FBDH     027CH     UNIT         ?PR?SEG_PROC?MAIN
            CODE    1239H     00E6H     UNIT         ?PR??C?ATOF??C?ATOF
            CODE    131FH     00CEH     UNIT         ?PR?TIMER1_ISR?MAIN
            CODE    13EDH     00B4H     UNIT         ?C_INITSEG
            CODE    14A1H     008CH     UNIT         ?C_C51STARTUP
            CODE    152DH     0085H     UNIT         ?PR?KEY_READ?KEY
            CODE    15B2H     0082H     UNIT         ?PR?_LED_DISP?LED
            CODE    1634H     007FH     UNIT         ?PR?UART_PROC?MAIN
            CODE    16B3H     0074H     UNIT         ?PR?SCHEDULER_RUN?MAIN
            CODE    1727H     0056H     UNIT         ?PR?_SET_RTC?DS1302
            CODE    177DH     0052H     UNIT         ?PR?KEY_PROC?MAIN
            CODE    17CFH     0050H     UNIT         ?PR?MAIN?MAIN
            CODE    181FH     004FH     UNIT         ?PR?_SEG_DISP?SEG
            CODE    186EH     004FH     UNIT         ?PR?_EEPROM_READ?IIC
            CODE    18BDH     0048H     UNIT         ?PR?_EEPROM_WRITE?IIC
            CODE    1905H     0044H     UNIT         ?C?LDIV
            CODE    1949H     0041H     UNIT         ?CO?MAIN
            CODE    198AH     0041H     UNIT         ?PR?_READ_RTC?DS1302
BL51 BANKED LINKER/LOCATER V6.22.2.0                                                  03/01/2026  14:36:17  PAGE 3


            CODE    19CBH     003DH     UNIT         ?PR?_READ_DS1302_BYTE?DS1302
            CODE    1A08H     003BH     UNIT         ?PR?RD_TEMPERATURE?ONEWIRE
            CODE    1A43H     0038H     UNIT         ?PR?UT_WAVE_DATA?ULTRASOUND
            CODE    1A7BH     0035H     UNIT         ?PR?AD_DA?MAIN
            CODE    1AB0H     0035H     UNIT         ?PR?_I2CSENDBYTE?IIC
            CODE    1AE5H     0031H     UNIT         ?PR?UART1_ISR?MAIN
            CODE    1B16H     002CH     UNIT         ?PR?BEEP?LED
            CODE    1B42H     002CH     UNIT         ?PR?MOTOR?LED
            CODE    1B6EH     002CH     UNIT         ?PR?RELAY?LED
            CODE    1B9AH     002AH     UNIT         ?PR?I2CRECEIVEBYTE?IIC
            CODE    1BC4H     0028H     UNIT         ?PR?I2CWAITACK?IIC
            CODE    1BECH     0027H     UNIT         ?PR?SYSTEM_INIT?INIT
            CODE    1C13H     0027H     UNIT         ?PR?_WRITE_DS18B20?ONEWIRE
            CODE    1C3AH     0027H     UNIT         ?PR?INIT_DS18B20?ONEWIRE
            CODE    1C61H     0027H     UNIT         ?PR?_I2C_DELAY?IIC
            CODE    1C88H     0025H     UNIT         ?PR?_AD_READ?IIC
            CODE    1CADH     0023H     UNIT         ?PR?READ_DS18B20?ONEWIRE
            CODE    1CD0H     001EH     UNIT         ?PR?_DELAY_ONEWIRE?ONEWIRE
            CODE    1CEEH     001EH     UNIT         ?PR?UT_WAVE_INIT?ULTRASOUND
            CODE    1D0CH     001CH     UNIT         ?PR?_WRITE_DS1302?DS1302
            CODE    1D28H     001CH     UNIT         ?PR?_I2CSENDACK?IIC
            CODE    1D44H     001BH     UNIT         ?PR?LED_PROC?MAIN
            CODE    1D5FH     0018H     UNIT         ?PR?LED_OFF?LED
            CODE    1D77H     0017H     UNIT         ?PR?UART1_INIT?UART
            CODE    1D8EH     0015H     UNIT         ?PR?TIMER1_INIT?MAIN
            CODE    1DA3H     0015H     UNIT         ?PR?_DA_WRITE?IIC
            CODE    1DB8H     0014H     UNIT         ?PR?_WRITE_DS1302_BYTE?DS1302
            CODE    1DCCH     0013H     UNIT         ?PR?TIMER0_INIT?MAIN
            CODE    1DDFH     0013H     UNIT         ?PR?I2CSTART?IIC
            CODE    1DF2H     0013H     UNIT         ?PR?_ISSPACE?ISSPACE
            CODE    1E05H     0011H     UNIT         ?PR?GETCHAR?GETCHAR
            CODE    1E16H     0010H     UNIT         ?PR?I2CSTOP?IIC
            CODE    1E26H     000AH     UNIT         ?PR?_GETKEY?_GETKEY
            CODE    1E30H     0009H     UNIT         ?PR?GET_TIME?MAIN
            CODE    1E39H     0008H     UNIT         ?PR?DISTANCE_GET?MAIN
            CODE    1E41H     0008H     UNIT         ?PR?_PUTCHAR?UART
            CODE    1E49H     0006H     UNIT         ?PR?DELAY12US?ULTRASOUND
            CODE    1E4FH     0005H     UNIT         ?PR?GETCHAR?UNGETCHAR



OVERLAY MAP OF MODULE:   .\Objects\V4T手敲 (?C_STARTUP)


SEGMENT                                  BIT_GROUP          DATA_GROUP 
  +--> CALLED SEGMENT                 START    LENGTH     START    LENGTH
-------------------------------------------------------------------------
?C_C51STARTUP                         -----    -----      -----    -----
  +--> ?PR?MAIN?MAIN
  +--> ?C_INITSEG

?PR?MAIN?MAIN                         -----    -----      -----    -----
  +--> ?PR?SYSTEM_INIT?INIT
  +--> ?PR?SCHEDULER_INIT?MAIN
  +--> ?PR?_SET_RTC?DS1302
  +--> ?PR?_EEPROM_READ?IIC
  +--> ?PR?_EEPROM_WRITE?IIC
BL51 BANKED LINKER/LOCATER V6.22.2.0                                                  03/01/2026  14:36:17  PAGE 4


  +--> ?PR?TIMER0_INIT?MAIN
  +--> ?PR?UART1_INIT?UART
  +--> ?PR?TIMER1_INIT?MAIN
  +--> ?PR?SCHEDULER_RUN?MAIN

?PR?_SET_RTC?DS1302                   -----    -----      0022H    0003H
  +--> ?PR?_WRITE_DS1302_BYTE?DS1302

?PR?_WRITE_DS1302_BYTE?DS1302         -----    -----      -----    -----
  +--> ?PR?_WRITE_DS1302?DS1302

?PR?_EEPROM_READ?IIC                  -----    -----      0022H    0006H
  +--> ?PR?I2CWAITACK?IIC
  +--> ?PR?I2CSTART?IIC
  +--> ?PR?_I2CSENDBYTE?IIC
  +--> ?PR?I2CRECEIVEBYTE?IIC
  +--> ?PR?_I2CSENDACK?IIC
  +--> ?PR?I2CSTOP?IIC

?PR?I2CWAITACK?IIC                    -----    -----      -----    -----
  +--> ?PR?I2CSTART?IIC
  +--> ?PR?_I2CSENDBYTE?IIC
  +--> ?PR?_I2C_DELAY?IIC

?PR?I2CSTART?IIC                      -----    -----      -----    -----
  +--> ?PR?_I2C_DELAY?IIC

?PR?_I2CSENDBYTE?IIC                  -----    -----      -----    -----
  +--> ?PR?_I2C_DELAY?IIC

?PR?I2CRECEIVEBYTE?IIC                -----    -----      -----    -----
  +--> ?PR?_I2C_DELAY?IIC

?PR?_I2CSENDACK?IIC                   -----    -----      -----    -----
  +--> ?PR?_I2C_DELAY?IIC

?PR?I2CSTOP?IIC                       -----    -----      -----    -----
  +--> ?PR?_I2C_DELAY?IIC

?PR?_EEPROM_WRITE?IIC                 -----    -----      0022H    0006H
  +--> ?PR?I2CWAITACK?IIC
  +--> ?PR?_I2CSENDBYTE?IIC
  +--> ?PR?_I2C_DELAY?IIC
  +--> ?PR?I2CSTOP?IIC

?PR?SCHEDULER_RUN?MAIN                -----    -----      0022H    0005H

?C_INITSEG                            -----    -----      -----    -----
  +--> ?PR?LED_PROC?MAIN
  +--> ?PR?KEY_PROC?MAIN
  +--> ?PR?SEG_PROC?MAIN
  +--> ?PR?GET_TIME?MAIN
  +--> ?PR?GET_TEMPERATURE?MAIN
  +--> ?PR?AD_DA?MAIN
  +--> ?PR?DISTANCE_GET?MAIN
  +--> ?PR?UART_PROC?MAIN

BL51 BANKED LINKER/LOCATER V6.22.2.0                                                  03/01/2026  14:36:17  PAGE 5


?PR?KEY_PROC?MAIN                     -----    -----      -----    -----
  +--> ?PR?KEY_READ?KEY
  +--> ?CO?MAIN
  +--> ?PR?PRINTF?PRINTF

?PR?PRINTF?PRINTF                     0020H.0  0001H.1    0024H    001CH
  +--> ?PR?_PUTCHAR?UART

?PR?GET_TIME?MAIN                     -----    -----      -----    -----
  +--> ?PR?_READ_RTC?DS1302

?PR?_READ_RTC?DS1302                  -----    -----      0022H    0003H
  +--> ?PR?_READ_DS1302_BYTE?DS1302

?PR?_READ_DS1302_BYTE?DS1302          -----    -----      -----    -----
  +--> ?PR?_WRITE_DS1302?DS1302

?PR?GET_TEMPERATURE?MAIN              -----    -----      -----    -----
  +--> ?PR?RD_TEMPERATURE?ONEWIRE

?PR?RD_TEMPERATURE?ONEWIRE            -----    -----      -----    -----
  +--> ?PR?INIT_DS18B20?ONEWIRE
  +--> ?PR?_WRITE_DS18B20?ONEWIRE
  +--> ?PR?_DELAY_ONEWIRE?ONEWIRE
  +--> ?PR?READ_DS18B20?ONEWIRE

?PR?INIT_DS18B20?ONEWIRE              0020H.0  0000H.1    -----    -----
  +--> ?PR?_DELAY_ONEWIRE?ONEWIRE

?PR?_WRITE_DS18B20?ONEWIRE            -----    -----      -----    -----
  +--> ?PR?_DELAY_ONEWIRE?ONEWIRE

?PR?READ_DS18B20?ONEWIRE              -----    -----      -----    -----
  +--> ?PR?_DELAY_ONEWIRE?ONEWIRE

?PR?AD_DA?MAIN                        -----    -----      -----    -----
  +--> ?PR?_AD_READ?IIC
  +--> ?PR?_DA_WRITE?IIC

?PR?_AD_READ?IIC                      -----    -----      -----    -----
  +--> ?PR?I2CSTART?IIC
  +--> ?PR?I2CWAITACK?IIC
  +--> ?PR?_I2CSENDBYTE?IIC
  +--> ?PR?I2CRECEIVEBYTE?IIC
  +--> ?PR?_I2CSENDACK?IIC
  +--> ?PR?I2CSTOP?IIC

?PR?_DA_WRITE?IIC                     -----    -----      -----    -----
  +--> ?PR?I2CSTART?IIC
  +--> ?PR?_I2CSENDBYTE?IIC
  +--> ?PR?I2CWAITACK?IIC
  +--> ?PR?I2CSTOP?IIC

?PR?DISTANCE_GET?MAIN                 -----    -----      -----    -----
  +--> ?PR?UT_WAVE_DATA?ULTRASOUND

?PR?UT_WAVE_DATA?ULTRASOUND           -----    -----      -----    -----
BL51 BANKED LINKER/LOCATER V6.22.2.0                                                  03/01/2026  14:36:17  PAGE 6


  +--> ?PR?UT_WAVE_INIT?ULTRASOUND

?PR?UT_WAVE_INIT?ULTRASOUND           -----    -----      -----    -----
  +--> ?PR?DELAY12US?ULTRASOUND

?PR?UART_PROC?MAIN                    -----    -----      0022H    0002H
  +--> ?CO?MAIN
  +--> ?PR?PRINTF?PRINTF
  +--> ?PR?SCANF?SCANF

?PR?SCANF?SCANF                       0020H.0  0000H.6    0024H    001EH
  +--> ?PR?GETCHAR?UNGETCHAR
  +--> ?PR?_ISSPACE?ISSPACE
  +--> ?PR?GETCHAR?GETCHAR
  +--> ?PR??C?ATOF??C?ATOF

?PR?GETCHAR?GETCHAR                   -----    -----      -----    -----
  +--> ?PR?_GETKEY?_GETKEY
  +--> ?PR?_PUTCHAR?UART

?PR??C?ATOF??C?ATOF                   0020H.6  0000H.5    0042H    0002H

*** NEW ROOT ***************************************************

?PR?TIMER1_ISR?MAIN                   -----    -----      -----    -----
  +--> ?PR?_SEG_DISP?SEG
  +--> ?PR?_LED_DISP?LED
  +--> ?PR?LED_OFF?LED

?PR?_SEG_DISP?SEG                     0021H.3  0000H.1    -----    -----



SYMBOL TABLE OF MODULE:  .\Objects\V4T手敲 (?C_STARTUP)

  VALUE           TYPE          NAME
  ----------------------------------

  -------         MODULE        ?C_STARTUP
  C:14A1H         SEGMENT       ?C_C51STARTUP
  I:00B8H         SEGMENT       ?STACK
  C:0000H         PUBLIC        ?C_STARTUP
  D:00E0H         SYMBOL        ACC
  D:00F0H         SYMBOL        B
  D:0083H         SYMBOL        DPH
  D:0082H         SYMBOL        DPL
  N:0000H         SYMBOL        IBPSTACK
  N:0100H         SYMBOL        IBPSTACKTOP
  N:0080H         SYMBOL        IDATALEN
  C:14A4H         SYMBOL        IDATALOOP
  N:0000H         SYMBOL        PBPSTACK
  N:0100H         SYMBOL        PBPSTACKTOP
  N:0000H         SYMBOL        PDATALEN
  N:0000H         SYMBOL        PDATASTART
  N:0000H         SYMBOL        PPAGE
  N:0000H         SYMBOL        PPAGEENABLE
  D:00A0H         SYMBOL        PPAGE_SFR
BL51 BANKED LINKER/LOCATER V6.22.2.0                                                  03/01/2026  14:36:17  PAGE 7


  D:0081H         SYMBOL        SP
  C:14A1H         SYMBOL        STARTUP1
  N:0000H         SYMBOL        XBPSTACK
  N:0000H         SYMBOL        XBPSTACKTOP
  N:0000H         SYMBOL        XDATALEN
  N:0000H         SYMBOL        XDATASTART
  C:0000H         LINE#         126
  C:14A1H         LINE#         133
  C:14A3H         LINE#         134
  C:14A4H         LINE#         135
  C:14A5H         LINE#         136
  C:14A7H         LINE#         185
  C:14AAH         LINE#         196
  -------         ENDMOD        ?C_STARTUP

  -------         MODULE        MAIN
  C:0000H         SYMBOL        _ICE_DUMMY_
  D:0080H         PUBLIC        P0
  D:0090H         PUBLIC        P1
  D:00A0H         PUBLIC        P2
  D:00B0H         PUBLIC        P3
  I:0044H         PUBLIC        ucRtc
  D:00C0H         PUBLIC        P4
  D:00C8H         PUBLIC        P5
  B:00A8H.7       PUBLIC        EA
  D:00E8H         PUBLIC        P6
  D:00F8H         PUBLIC        P7
  C:1D44H         PUBLIC        Led_Proc
  D:00A8H         PUBLIC        IE
  I:0047H         PUBLIC        Freq
  C:1E30H         PUBLIC        Get_Time
  C:1634H         PUBLIC        Uart_Proc
  I:0049H         PUBLIC        Time_1s
  C:0FBDH         PUBLIC        Seg_Proc
  C:0003H         PUBLIC        Get_Temperature
  D:00B8H         PUBLIC        IP
  I:004BH         PUBLIC        Scheduler_Task
  B:0098H.0       PUBLIC        RI
  C:001EH         PUBLIC        Scheduler_Init
  X:0000H         PUBLIC        Seg_Buf
  C:177DH         PUBLIC        Key_Proc
  I:00A3H         PUBLIC        pwm_compare
  D:00D8H         PUBLIC        CCON
  I:00A4H         PUBLIC        Uart_Rx_Index
  I:00A5H         PUBLIC        Key_Down
  I:00A6H         PUBLIC        Seg_Show_Mod
  I:00A7H         PUBLIC        Uart_Rx_Flag
  C:17CFH         PUBLIC        main
  C:1DCCH         PUBLIC        Timer0_Init
  I:00A8H         PUBLIC        Key_Old
  C:1D8EH         PUBLIC        Timer1_Init
  I:00A9H         PUBLIC        AD_1_Data_10x
  I:00AAH         PUBLIC        AD_3_Data_10x
  I:00ABH         PUBLIC        Key_Val
  I:00ACH         PUBLIC        Distance
  D:0099H         PUBLIC        SBUF
  C:1E39H         PUBLIC        Distance_Get
BL51 BANKED LINKER/LOCATER V6.22.2.0                                                  03/01/2026  14:36:17  PAGE 8


  I:00ADH         PUBLIC        Seg_Pos
  D:0098H         PUBLIC        SCON
  D:0089H         PUBLIC        TMOD
  D:0088H         PUBLIC        TCON
  I:00AEH         PUBLIC        Uart_Rx_Tick
  C:16B3H         PUBLIC        Scheduler_Run
  I:00AFH         PUBLIC        pwm_period
  D:008EH         PUBLIC        AUXR
  C:131FH         PUBLIC        Timer1_Isr
  X:0008H         PUBLIC        Uart_Rx_Buf
  B:0088H.5       PUBLIC        TF0
  B:00A8H.3       PUBLIC        ET1
  B:0088H.7       PUBLIC        TF1
  D:008CH         PUBLIC        TH0
  D:008DH         PUBLIC        TH1
  I:00B0H         PUBLIC        Temperature_10x
  I:00B2H         PUBLIC        Key_Up
  D:008AH         PUBLIC        TL0
  D:008BH         PUBLIC        TL1
  B:0088H.4       PUBLIC        TR0
  B:0088H.6       PUBLIC        TR1
  X:0012H         PUBLIC        EEPROM_Data_R
  X:001AH         PUBLIC        EEPROM_Data_W
  C:1AE5H         PUBLIC        Uart1_Isr
  I:00B3H         PUBLIC        task_num
  C:1A7BH         PUBLIC        AD_DA
  X:0022H         PUBLIC        ucLed
  I:00B4H         PUBLIC        uwTick
  D:00D0H         PUBLIC        PSW
  -------         PROC          KEY_PROC
  C:177DH         LINE#         45
  C:177DH         LINE#         46
  C:177DH         LINE#         49
  C:1784H         LINE#         50
  C:178EH         LINE#         51
  C:1794H         LINE#         52
  C:179AH         LINE#         53
  C:17A2H         LINE#         54
  C:17ACH         LINE#         55
  C:17B0H         LINE#         56
  C:17BEH         LINE#         57
  C:17C5H         LINE#         58
  C:17C5H         LINE#         59
  C:17CEH         LINE#         60
  C:17CEH         LINE#         61
  -------         ENDPROC       KEY_PROC
  -------         PROC          SEG_PROC
  C:0FBDH         LINE#         64
  C:0FBDH         LINE#         65
  C:0FBDH         LINE#         68
  C:0FE2H         LINE#         69
  C:0FE2H         LINE#         70
  C:0FE2H         LINE#         71
  C:0FEDH         LINE#         72
  C:0FF6H         LINE#         73
  C:0FFAH         LINE#         74
  C:1005H         LINE#         75
BL51 BANKED LINKER/LOCATER V6.22.2.0                                                  03/01/2026  14:36:17  PAGE 9


  C:100EH         LINE#         76
  C:1012H         LINE#         77
  C:101AH         LINE#         78
  C:101AH         LINE#         80
  C:101CH         LINE#         81
  C:101CH         LINE#         82
  C:1031H         LINE#         83
  C:1049H         LINE#         84
  C:105AH         LINE#         85
  C:105AH         LINE#         86
  C:105AH         LINE#         87
  C:105AH         LINE#         88
  C:105AH         LINE#         89
  C:105AH         LINE#         91
  C:105CH         LINE#         92
  C:105CH         LINE#         93
  C:1069H         LINE#         94
  C:1072H         LINE#         95
  C:1076H         LINE#         96
  C:1078H         LINE#         97
  C:107AH         LINE#         98
  C:107CH         LINE#         99
  C:1089H         LINE#         100
  C:1092H         LINE#         101
  C:1093H         LINE#         102
  C:1093H         LINE#         103
  C:109EH         LINE#         104
  C:10ABH         LINE#         105
  C:10B7H         LINE#         106
  C:10BAH         LINE#         107
  C:10BAH         LINE#         108
  C:10BAH         LINE#         109
  C:10BAH         LINE#         110
  C:10BAH         LINE#         111
  C:10BDH         LINE#         112
  C:10BDH         LINE#         113
  C:10F5H         LINE#         114
  C:112DH         LINE#         115
  C:1165H         LINE#         116
  C:118CH         LINE#         117
  C:11B3H         LINE#         118
  C:11DAH         LINE#         119
  C:1201H         LINE#         120
  C:1221H         LINE#         121
  C:1222H         LINE#         122
  C:1222H         LINE#         123
  C:1228H         LINE#         124
  C:122CH         LINE#         125
  C:122EH         LINE#         126
  C:1230H         LINE#         127
  C:1232H         LINE#         128
  C:1234H         LINE#         129
  C:1236H         LINE#         130
  C:1238H         LINE#         131
  C:1238H         LINE#         132
  C:1238H         LINE#         133
  -------         ENDPROC       SEG_PROC
BL51 BANKED LINKER/LOCATER V6.22.2.0                                                  03/01/2026  14:36:17  PAGE 10


  -------         PROC          LED_PROC
  C:1D44H         LINE#         136
  C:1D44H         LINE#         137
  C:1D44H         LINE#         138
  C:1D49H         LINE#         139
  C:1D4CH         LINE#         140
  C:1D4FH         LINE#         141
  C:1D52H         LINE#         142
  C:1D55H         LINE#         143
  C:1D58H         LINE#         144
  C:1D5BH         LINE#         145
  C:1D5EH         LINE#         147
  -------         ENDPROC       LED_PROC
  -------         PROC          GET_TIME
  C:1E30H         LINE#         150
  C:1E30H         LINE#         151
  C:1E30H         LINE#         152
  -------         ENDPROC       GET_TIME
  -------         PROC          GET_TEMPERATURE
  C:0003H         LINE#         156
  C:0003H         LINE#         157
  C:0003H         LINE#         159
  C:001AH         LINE#         160
  -------         ENDPROC       GET_TEMPERATURE
  -------         PROC          AD_DA
  C:1A7BH         LINE#         163
  C:1A7BH         LINE#         164
  C:1A7BH         LINE#         166
  C:1A93H         LINE#         167
  C:1AABH         LINE#         168
  -------         ENDPROC       AD_DA
  -------         PROC          DISTANCE_GET
  C:1E39H         LINE#         173
  C:1E39H         LINE#         174
  C:1E39H         LINE#         176
  C:1E40H         LINE#         177
  -------         ENDPROC       DISTANCE_GET
  -------         PROC          UART_PROC
  -------         DO            
  D:0022H         SYMBOL        x
  D:0023H         SYMBOL        y
  -------         ENDDO         
  C:1634H         LINE#         180
  C:1634H         LINE#         181
  C:1634H         LINE#         184
  C:1639H         LINE#         185
  C:1645H         LINE#         186
  C:1645H         LINE#         187
  C:1649H         LINE#         188
  C:164CH         LINE#         190
  C:165EH         LINE#         191
  C:168AH         LINE#         192
  C:1696H         LINE#         194
  C:169DH         LINE#         196
  C:16AEH         LINE#         197
  C:16B2H         LINE#         198
  C:16B2H         LINE#         199
BL51 BANKED LINKER/LOCATER V6.22.2.0                                                  03/01/2026  14:36:17  PAGE 11


  -------         ENDPROC       UART_PROC
  -------         PROC          TIMER1_INIT
  C:1D8EH         LINE#         200
  C:1D8EH         LINE#         201
  C:1D8EH         LINE#         202
  C:1D91H         LINE#         203
  C:1D94H         LINE#         204
  C:1D97H         LINE#         205
  C:1D9AH         LINE#         206
  C:1D9CH         LINE#         207
  C:1D9EH         LINE#         208
  C:1DA0H         LINE#         209
  C:1DA2H         LINE#         210
  -------         ENDPROC       TIMER1_INIT
  -------         PROC          TIMER0_INIT
  C:1DCCH         LINE#         213
  C:1DCCH         LINE#         214
  C:1DCCH         LINE#         215
  C:1DCFH         LINE#         216
  C:1DD2H         LINE#         217
  C:1DD5H         LINE#         218
  C:1DD8H         LINE#         219
  C:1DDAH         LINE#         220
  C:1DDCH         LINE#         221
  C:1DDEH         LINE#         223
  -------         ENDPROC       TIMER0_INIT
  -------         PROC          TIMER1_ISR
  C:131FH         LINE#         226
  C:133CH         LINE#         228
  C:1353H         LINE#         229
  C:135AH         LINE#         230
  C:136DH         LINE#         231
  C:136DH         LINE#         232
  C:1373H         LINE#         233
  C:1375H         LINE#         234
  C:1375H         LINE#         235
  C:137FH         LINE#         236
  C:137FH         LINE#         237
  C:1391H         LINE#         238
  C:1391H         LINE#         239
  C:1398H         LINE#         240
  C:13A3H         LINE#         241
  C:13A9H         LINE#         242
  C:13A9H         LINE#         244
  C:13B3H         LINE#         245
  C:13BCH         LINE#         246
  C:13C7H         LINE#         248
  C:13CAH         LINE#         249
  C:13D2H         LINE#         250
  -------         ENDPROC       TIMER1_ISR
  -------         PROC          UART1_ISR
  C:1AE5H         LINE#         253
  C:1AEEH         LINE#         255
  C:1AF1H         LINE#         256
  C:1AF1H         LINE#         257
  C:1AF5H         LINE#         258
  C:1AF9H         LINE#         259
BL51 BANKED LINKER/LOCATER V6.22.2.0                                                  03/01/2026  14:36:17  PAGE 12


  C:1B05H         LINE#         260
  C:1B0DH         LINE#         261
  C:1B0FH         LINE#         262
  C:1B0FH         LINE#         263
  -------         ENDPROC       UART1_ISR
  -------         PROC          SCHEDULER_INIT
  C:001EH         LINE#         282
  C:001EH         LINE#         283
  C:001EH         LINE#         284
  C:0022H         LINE#         285
  -------         ENDPROC       SCHEDULER_INIT
  -------         PROC          SCHEDULER_RUN
  -------         DO            
  D:0022H         SYMBOL        i
  -------         DO            
  D:0023H         SYMBOL        now_time
  -------         ENDDO         
  -------         ENDDO         
  C:16B3H         LINE#         286
  C:16B3H         LINE#         287
  C:16B3H         LINE#         289
  C:16BEH         LINE#         290
  C:16BEH         LINE#         291
  C:16CAH         LINE#         292
  C:16FCH         LINE#         293
  C:16FCH         LINE#         294
  C:1710H         LINE#         295
  C:1722H         LINE#         296
  C:1722H         LINE#         297
  C:1726H         LINE#         298
  -------         ENDPROC       SCHEDULER_RUN
  -------         PROC          MAIN
  C:17CFH         LINE#         299
  C:17CFH         LINE#         300
  C:17CFH         LINE#         301
  C:17D2H         LINE#         302
  C:17D5H         LINE#         303
  C:17DEH         LINE#         305
  C:17EFH         LINE#         306
  C:1800H         LINE#         307
  C:1811H         LINE#         308
  C:1814H         LINE#         309
  C:1817H         LINE#         310
  C:181AH         LINE#         311
  C:181AH         LINE#         312
  C:181AH         LINE#         313
  C:181DH         LINE#         314
  -------         ENDPROC       MAIN
  -------         ENDMOD        MAIN

  -------         MODULE        KEY
  C:0000H         SYMBOL        _ICE_DUMMY_
  D:0080H         PUBLIC        P0
  D:0090H         PUBLIC        P1
  D:00A0H         PUBLIC        P2
  D:00B0H         PUBLIC        P3
  D:00C0H         PUBLIC        P4
BL51 BANKED LINKER/LOCATER V6.22.2.0                                                  03/01/2026  14:36:17  PAGE 13


  D:00C8H         PUBLIC        P5
  D:00E8H         PUBLIC        P6
  D:00F8H         PUBLIC        P7
  C:152DH         PUBLIC        Key_Read
  D:00A8H         PUBLIC        IE
  D:00B8H         PUBLIC        IP
  D:00D8H         PUBLIC        CCON
  B:00B0H.0       PUBLIC        P30
  D:0098H         PUBLIC        SCON
  B:00B0H.1       PUBLIC        P31
  D:0088H         PUBLIC        TCON
  B:00B0H.2       PUBLIC        P32
  B:00C0H.2       PUBLIC        P42
  B:00B0H.3       PUBLIC        P33
  B:00C0H.4       PUBLIC        P44
  B:00B0H.5       PUBLIC        P35
  D:00D0H         PUBLIC        PSW
  -------         PROC          KEY_READ
  -------         DO            
  D:0007H         SYMBOL        temp
  -------         ENDDO         
  C:152DH         LINE#         4
  C:152DH         LINE#         5
  C:152DH         LINE#         6
  C:152FH         LINE#         18
  C:1535H         LINE#         19
  C:1539H         LINE#         20
  C:153FH         LINE#         21
  C:1544H         LINE#         22
  C:1549H         LINE#         23
  C:154EH         LINE#         24
  C:1553H         LINE#         26
  C:1559H         LINE#         27
  C:155FH         LINE#         28
  C:1565H         LINE#         29
  C:156AH         LINE#         30
  C:156FH         LINE#         31
  C:1578H         LINE#         32
  C:157DH         LINE#         33
  C:1582H         LINE#         35
  C:1588H         LINE#         36
  C:158EH         LINE#         37
  C:1594H         LINE#         38
  C:1599H         LINE#         39
  C:159EH         LINE#         40
  C:15A3H         LINE#         41
  C:15A8H         LINE#         54
  C:15AEH         LINE#         55
  C:15B1H         LINE#         62
  C:15B1H         LINE#         64
  -------         ENDPROC       KEY_READ
  -------         ENDMOD        KEY

  -------         MODULE        SEG
  C:0000H         SYMBOL        _ICE_DUMMY_
  D:0080H         PUBLIC        P0
  D:0090H         PUBLIC        P1
BL51 BANKED LINKER/LOCATER V6.22.2.0                                                  03/01/2026  14:36:17  PAGE 14


  D:00A0H         PUBLIC        P2
  D:00B0H         PUBLIC        P3
  D:00C0H         PUBLIC        P4
  D:00C8H         PUBLIC        P5
  D:00E8H         PUBLIC        P6
  D:00F8H         PUBLIC        P7
  X:002AH         PUBLIC        Seg_Dula
  D:00A8H         PUBLIC        IE
  C:181FH         PUBLIC        _Seg_Disp
  D:00B8H         PUBLIC        IP
  D:00D8H         PUBLIC        CCON
  D:0098H         PUBLIC        SCON
  D:0088H         PUBLIC        TCON
  D:00D0H         PUBLIC        PSW
  -------         PROC          _SEG_DISP
  D:0007H         SYMBOL        Wela
  D:0005H         SYMBOL        Dula
  B:0021H.3       SYMBOL        Point
  -------         DO            
  D:0006H         SYMBOL        temp
  -------         ENDDO         
  C:181FH         LINE#         7
  C:181FH         LINE#         8
  C:181FH         LINE#         12
  C:1822H         LINE#         14
  C:1827H         LINE#         15
  C:182AH         LINE#         16
  C:182CH         LINE#         17
  C:1831H         LINE#         18
  C:1833H         LINE#         21
  C:1840H         LINE#         23
  C:1845H         LINE#         24
  C:1848H         LINE#         25
  C:184AH         LINE#         26
  C:184EH         LINE#         27
  C:1850H         LINE#         30
  C:1857H         LINE#         32
  C:185DH         LINE#         34
  C:1862H         LINE#         35
  C:1865H         LINE#         36
  C:1867H         LINE#         37
  C:186BH         LINE#         38
  C:186DH         LINE#         40
  -------         ENDPROC       _SEG_DISP
  -------         ENDMOD        SEG

  -------         MODULE        LED
  C:0000H         SYMBOL        _ICE_DUMMY_
  C:1B6EH         PUBLIC        Relay
  D:0080H         PUBLIC        P0
  D:0090H         PUBLIC        P1
  D:00A0H         PUBLIC        P2
  D:00B0H         PUBLIC        P3
  D:00C0H         PUBLIC        P4
  D:00C8H         PUBLIC        P5
  D:00E8H         PUBLIC        P6
  D:00F8H         PUBLIC        P7
BL51 BANKED LINKER/LOCATER V6.22.2.0                                                  03/01/2026  14:36:17  PAGE 15


  C:15B2H         PUBLIC        _Led_Disp
  D:00A8H         PUBLIC        IE
  C:1D5FH         PUBLIC        Led_Off
  C:1B42H         PUBLIC        Motor
  D:00B8H         PUBLIC        IP
  D:00D8H         PUBLIC        CCON
  D:0098H         PUBLIC        SCON
  D:0088H         PUBLIC        TCON
  I:0009H         PUBLIC        temp_1
  I:000AH         PUBLIC        temp_2
  I:000BH         PUBLIC        temp_1_old
  I:000CH         PUBLIC        temp_2_old
  D:00D0H         PUBLIC        PSW
  C:1B16H         PUBLIC        Beep
  -------         PROC          _LED_DISP
  D:0001H         SYMBOL        ucLed
  -------         DO            
  D:0006H         SYMBOL        temp
  -------         ENDDO         
  C:15B2H         LINE#         6
  C:15B2H         LINE#         7
  C:15B2H         LINE#         9
  C:15B6H         LINE#         10
  C:1612H         LINE#         13
  C:1618H         LINE#         14
  C:1618H         LINE#         15
  C:161FH         LINE#         17
  C:1624H         LINE#         18
  C:1627H         LINE#         19
  C:1629H         LINE#         20
  C:162DH         LINE#         21
  C:162FH         LINE#         23
  C:1633H         LINE#         24
  C:1633H         LINE#         25
  -------         ENDPROC       _LED_DISP
  -------         PROC          LED_OFF
  -------         DO            
  D:0007H         SYMBOL        temp
  -------         ENDDO         
  C:1D5FH         LINE#         27
  C:1D5FH         LINE#         28
  C:1D5FH         LINE#         31
  C:1D62H         LINE#         33
  C:1D67H         LINE#         34
  C:1D6AH         LINE#         35
  C:1D6CH         LINE#         36
  C:1D70H         LINE#         37
  C:1D72H         LINE#         39
  C:1D76H         LINE#         40
  -------         ENDPROC       LED_OFF
  -------         PROC          BEEP
  B:0021H.4       SYMBOL        enable
  -------         DO            
  D:0006H         SYMBOL        temp
  -------         ENDDO         
  C:1B16H         LINE#         45
  C:1B16H         LINE#         46
BL51 BANKED LINKER/LOCATER V6.22.2.0                                                  03/01/2026  14:36:17  PAGE 16


  C:1B16H         LINE#         48
  C:1B1CH         LINE#         49
  C:1B1CH         LINE#         50
  C:1B1FH         LINE#         51
  C:1B21H         LINE#         52
  C:1B21H         LINE#         53
  C:1B24H         LINE#         54
  C:1B24H         LINE#         55
  C:1B2DH         LINE#         56
  C:1B2DH         LINE#         57
  C:1B2FH         LINE#         59
  C:1B34H         LINE#         60
  C:1B37H         LINE#         61
  C:1B39H         LINE#         62
  C:1B3DH         LINE#         63
  C:1B3FH         LINE#         65
  C:1B41H         LINE#         66
  C:1B41H         LINE#         67
  -------         ENDPROC       BEEP
  -------         PROC          MOTOR
  B:0021H.5       SYMBOL        enable
  -------         DO            
  D:0006H         SYMBOL        temp
  -------         ENDDO         
  C:1B42H         LINE#         69
  C:1B42H         LINE#         70
  C:1B42H         LINE#         72
  C:1B48H         LINE#         73
  C:1B48H         LINE#         74
  C:1B4BH         LINE#         75
  C:1B4DH         LINE#         76
  C:1B4DH         LINE#         77
  C:1B50H         LINE#         78
  C:1B50H         LINE#         79
  C:1B59H         LINE#         80
  C:1B59H         LINE#         81
  C:1B5BH         LINE#         83
  C:1B60H         LINE#         84
  C:1B63H         LINE#         85
  C:1B65H         LINE#         86
  C:1B69H         LINE#         87
  C:1B6BH         LINE#         89
  C:1B6DH         LINE#         90
  C:1B6DH         LINE#         91
  -------         ENDPROC       MOTOR
  -------         PROC          RELAY
  B:0021H.6       SYMBOL        enable
  -------         DO            
  D:0006H         SYMBOL        temp
  -------         ENDDO         
  C:1B6EH         LINE#         93
  C:1B6EH         LINE#         94
  C:1B6EH         LINE#         96
  C:1B74H         LINE#         97
  C:1B74H         LINE#         98
  C:1B77H         LINE#         99
  C:1B79H         LINE#         100
BL51 BANKED LINKER/LOCATER V6.22.2.0                                                  03/01/2026  14:36:17  PAGE 17


  C:1B79H         LINE#         101
  C:1B7CH         LINE#         102
  C:1B7CH         LINE#         103
  C:1B85H         LINE#         104
  C:1B85H         LINE#         105
  C:1B87H         LINE#         107
  C:1B8CH         LINE#         108
  C:1B8FH         LINE#         109
  C:1B91H         LINE#         110
  C:1B95H         LINE#         111
  C:1B97H         LINE#         113
  C:1B99H         LINE#         114
  C:1B99H         LINE#         115
  -------         ENDPROC       RELAY
  -------         ENDMOD        LED

  -------         MODULE        INIT
  C:0000H         SYMBOL        _ICE_DUMMY_
  C:1BECH         PUBLIC        System_Init
  D:0080H         PUBLIC        P0
  D:0090H         PUBLIC        P1
  D:00A0H         PUBLIC        P2
  D:00B0H         PUBLIC        P3
  D:00C0H         PUBLIC        P4
  D:00C8H         PUBLIC        P5
  D:00E8H         PUBLIC        P6
  D:00F8H         PUBLIC        P7
  D:00A8H         PUBLIC        IE
  D:00B8H         PUBLIC        IP
  D:00D8H         PUBLIC        CCON
  D:0098H         PUBLIC        SCON
  D:0088H         PUBLIC        TCON
  D:00D0H         PUBLIC        PSW
  -------         PROC          SYSTEM_INIT
  -------         DO            
  D:0007H         SYMBOL        temp
  -------         ENDDO         
  C:1BECH         LINE#         2
  C:1BECH         LINE#         3
  C:1BECH         LINE#         6
  C:1BEFH         LINE#         8
  C:1BF4H         LINE#         9
  C:1BF7H         LINE#         10
  C:1BF9H         LINE#         11
  C:1BFDH         LINE#         12
  C:1BFFH         LINE#         15
  C:1C02H         LINE#         16
  C:1C07H         LINE#         17
  C:1C0AH         LINE#         18
  C:1C0CH         LINE#         19
  C:1C10H         LINE#         20
  C:1C12H         LINE#         23
  -------         ENDPROC       SYSTEM_INIT
  -------         ENDMOD        INIT

  -------         MODULE        DS1302
  C:0000H         SYMBOL        _ICE_DUMMY_
BL51 BANKED LINKER/LOCATER V6.22.2.0                                                  03/01/2026  14:36:17  PAGE 18


  D:0080H         PUBLIC        P0
  D:0090H         PUBLIC        P1
  D:00A0H         PUBLIC        P2
  D:00B0H         PUBLIC        P3
  D:00C0H         PUBLIC        P4
  D:00C8H         PUBLIC        P5
  B:00A8H.7       PUBLIC        EA
  D:00E8H         PUBLIC        P6
  D:00F8H         PUBLIC        P7
  C:198AH         PUBLIC        _Read_Rtc
  D:00A8H         PUBLIC        IE
  D:00B8H         PUBLIC        IP
  D:00D8H         PUBLIC        CCON
  D:0098H         PUBLIC        SCON
  D:0088H         PUBLIC        TCON
  C:1727H         PUBLIC        _Set_Rtc
  C:19CBH         PUBLIC        _Read_Ds1302_Byte
  B:00A0H.3       PUBLIC        SDA
  B:0090H.7       PUBLIC        SCK
  C:1DB8H         PUBLIC        _Write_Ds1302_Byte
  C:1D0CH         PUBLIC        _Write_Ds1302
  B:0090H.3       PUBLIC        RST
  D:00D0H         PUBLIC        PSW
  -------         PROC          _WRITE_DS1302
  D:0007H         SYMBOL        temp
  -------         DO            
  D:0006H         SYMBOL        i
  -------         ENDDO         
  C:1D0CH         LINE#         11
  C:1D0CH         LINE#         12
  C:1D0CH         LINE#         14
  C:1D18H         LINE#         15
  C:1D18H         LINE#         16
  C:1D1AH         LINE#         17
  C:1D1EH         LINE#         18
  C:1D22H         LINE#         19
  C:1D24H         LINE#         20
  C:1D27H         LINE#         21
  -------         ENDPROC       _WRITE_DS1302
  -------         PROC          _WRITE_DS1302_BYTE
  D:0007H         SYMBOL        address
  D:0005H         SYMBOL        dat
  C:1DB8H         LINE#         24
  C:1DB8H         LINE#         25
  C:1DB8H         LINE#         26
  C:1DBBH         LINE#         27
  C:1DBEH         LINE#         28
  C:1DC1H         LINE#         29
  C:1DC4H         LINE#         30
  C:1DC9H         LINE#         31
  C:1DCBH         LINE#         32
  -------         ENDPROC       _WRITE_DS1302_BYTE
  -------         PROC          _READ_DS1302_BYTE
  D:0007H         SYMBOL        address
  -------         DO            
  D:0007H         SYMBOL        i
  D:0005H         SYMBOL        temp
BL51 BANKED LINKER/LOCATER V6.22.2.0                                                  03/01/2026  14:36:17  PAGE 19


  -------         ENDDO         
  C:19CBH         LINE#         35
  C:19CBH         LINE#         36
  C:19CBH         LINE#         37
  C:19CDH         LINE#         38
  C:19D0H         LINE#         39
  C:19D3H         LINE#         40
  C:19D6H         LINE#         41
  C:19D9H         LINE#         42
  C:19E5H         LINE#         43
  C:19E5H         LINE#         44
  C:19E7H         LINE#         45
  C:19EBH         LINE#         46
  C:19EEH         LINE#         47
  C:19F1H         LINE#         48
  C:19F3H         LINE#         49
  C:19F6H         LINE#         50
  C:19F9H         LINE#         51
  C:19FCH         LINE#         52
  C:19FFH         LINE#         53
  C:1A02H         LINE#         54
  C:1A05H         LINE#         55
  C:1A07H         LINE#         56
  -------         ENDPROC       _READ_DS1302_BYTE
  -------         PROC          _SET_RTC
  D:0022H         SYMBOL        ucRtc
  -------         DO            
  D:0004H         SYMBOL        i
  -------         ENDDO         
  C:1727H         LINE#         59
  C:172DH         LINE#         60
  C:172DH         LINE#         62
  C:1734H         LINE#         63
  C:173BH         LINE#         64
  C:1747H         LINE#         65
  C:1747H         LINE#         66
  C:1773H         LINE#         67
  C:1776H         LINE#         68
  -------         ENDPROC       _SET_RTC
  -------         PROC          _READ_RTC
  D:0022H         SYMBOL        ucRtc
  -------         DO            
  D:0004H         SYMBOL        i
  D:0007H         SYMBOL        temp
  -------         ENDDO         
  C:198AH         LINE#         72
  C:1990H         LINE#         73
  C:1990H         LINE#         76
  C:1992H         LINE#         77
  C:199EH         LINE#         78
  C:199EH         LINE#         79
  C:19AAH         LINE#         80
  C:19C5H         LINE#         81
  C:19C8H         LINE#         82
  C:19CAH         LINE#         83
  -------         ENDPROC       _READ_RTC
  -------         ENDMOD        DS1302
BL51 BANKED LINKER/LOCATER V6.22.2.0                                                  03/01/2026  14:36:17  PAGE 20



  -------         MODULE        ONEWIRE
  C:0000H         SYMBOL        _ICE_DUMMY_
  D:0080H         PUBLIC        P0
  D:0090H         PUBLIC        P1
  D:00A0H         PUBLIC        P2
  D:00B0H         PUBLIC        P3
  D:00C0H         PUBLIC        P4
  C:1CADH         PUBLIC        Read_DS18B20
  D:00C8H         PUBLIC        P5
  D:00E8H         PUBLIC        P6
  D:00F8H         PUBLIC        P7
  D:00A8H         PUBLIC        IE
  C:1CD4H         PUBLIC        _Delay_OneWire
  C:1C13H         PUBLIC        _Write_DS18B20
  B:0090H.4       PUBLIC        DQ
  D:00B8H         PUBLIC        IP
  C:1C3AH         PUBLIC        init_ds18b20
  D:00D8H         PUBLIC        CCON
  D:0098H         PUBLIC        SCON
  D:0088H         PUBLIC        TCON
  C:1A08H         PUBLIC        rd_temperature
  D:00D0H         PUBLIC        PSW
  C:1CD0H         SYMBOL        L?0020
  -------         PROC          L?0019
  -------         ENDPROC       L?0019
  C:1CD0H         SYMBOL        L?0020
  -------         PROC          _DELAY_ONEWIRE
  D:0006H         SYMBOL        t
  -------         DO            
  D:0005H         SYMBOL        i
  -------         ENDDO         
  C:1CD4H         LINE#         9
  C:1CD4H         LINE#         10
  C:1CD4H         LINE#         12
  C:1CDEH         LINE#         13
  C:1CEDH         LINE#         14
  C:1CEDH         LINE#         15
  -------         ENDPROC       _DELAY_ONEWIRE
  -------         PROC          _WRITE_DS18B20
  D:0001H         SYMBOL        dat
  -------         DO            
  D:0003H         SYMBOL        i
  -------         ENDDO         
  C:1C13H         LINE#         18
  C:1C15H         LINE#         19
  C:1C15H         LINE#         21
  C:1C21H         LINE#         22
  C:1C21H         LINE#         23
  C:1C23H         LINE#         24
  C:1C27H         LINE#         25
  C:1C2AH         LINE#         26
  C:1C2CH         LINE#         27
  C:1C30H         LINE#         28
  C:1C33H         LINE#         29
  -------         ENDPROC       _WRITE_DS18B20
  -------         PROC          READ_DS18B20
BL51 BANKED LINKER/LOCATER V6.22.2.0                                                  03/01/2026  14:36:17  PAGE 21


  -------         DO            
  D:0003H         SYMBOL        i
  D:0004H         SYMBOL        dat
  -------         ENDDO         
  C:1CADH         LINE#         33
  C:1CADH         LINE#         34
  C:1CADH         LINE#         38
  C:1CB9H         LINE#         39
  C:1CB9H         LINE#         40
  C:1CBBH         LINE#         41
  C:1CBFH         LINE#         42
  C:1CC1H         LINE#         43
  C:1CC4H         LINE#         44
  C:1CC4H         LINE#         45
  C:1CC7H         LINE#         46
  C:1CC7H         LINE#         47
  C:1CCAH         LINE#         48
  C:1CCDH         LINE#         49
  C:1CCFH         LINE#         50
  -------         ENDPROC       READ_DS18B20
  -------         PROC          INIT_DS18B20
  -------         DO            
  B:0020H.0       SYMBOL        initflag
  -------         ENDDO         
  C:1C3AH         LINE#         53
  C:1C3AH         LINE#         54
  C:1C3AH         LINE#         55
  C:1C3CH         LINE#         57
  C:1C3EH         LINE#         58
  C:1C45H         LINE#         59
  C:1C47H         LINE#         60
  C:1C4EH         LINE#         61
  C:1C50H         LINE#         62
  C:1C57H         LINE#         63
  C:1C5BH         LINE#         64
  C:1C5EH         LINE#         66
  C:1C60H         LINE#         67
  -------         ENDPROC       INIT_DS18B20
  -------         PROC          RD_TEMPERATURE
  -------         DO            
  D:0007H         SYMBOL        high
  D:0001H         SYMBOL        low
  -------         ENDDO         
  C:1A08H         LINE#         70
  C:1A08H         LINE#         71
  C:1A08H         LINE#         74
  C:1A0BH         LINE#         75
  C:1A10H         LINE#         76
  C:1A15H         LINE#         78
  C:1A1CH         LINE#         80
  C:1A1FH         LINE#         81
  C:1A24H         LINE#         82
  C:1A29H         LINE#         84
  C:1A2EH         LINE#         85
  C:1A31H         LINE#         87
  -------         ENDPROC       RD_TEMPERATURE
  -------         ENDMOD        ONEWIRE
BL51 BANKED LINKER/LOCATER V6.22.2.0                                                  03/01/2026  14:36:17  PAGE 22



  -------         MODULE        IIC
  C:0000H         SYMBOL        _ICE_DUMMY_
  D:0080H         PUBLIC        P0
  D:0090H         PUBLIC        P1
  D:00A0H         PUBLIC        P2
  D:00B0H         PUBLIC        P3
  C:1C88H         PUBLIC        _Ad_Read
  D:00C0H         PUBLIC        P4
  D:00C8H         PUBLIC        P5
  B:00A8H.7       PUBLIC        EA
  D:00E8H         PUBLIC        P6
  D:00F8H         PUBLIC        P7
  D:00A8H         PUBLIC        IE
  C:1C72H         SYMBOL        _I2C_Delay
  C:1DA3H         PUBLIC        _Da_Write
  D:00B8H         PUBLIC        IP
  C:1B9AH         PUBLIC        I2CReceiveByte
  D:00D8H         PUBLIC        CCON
  C:186EH         PUBLIC        _EEPROM_Read
  D:0098H         PUBLIC        SCON
  D:0088H         PUBLIC        TCON
  B:00A0H.1       PUBLIC        sda
  C:18BDH         PUBLIC        _EEPROM_Write
  B:00A0H.0       PUBLIC        scl
  C:1DDFH         PUBLIC        I2CStart
  C:1D28H         PUBLIC        _I2CSendAck
  C:1AB0H         PUBLIC        _I2CSendByte
  C:1BD6H         PUBLIC        I2CWaitAck
  C:1E16H         PUBLIC        I2CStop
  D:00D0H         PUBLIC        PSW
  -------         PROC          L?0035
  -------         ENDPROC       L?0035
  -------         PROC          _I2C_DELAY
  D:0007H         SYMBOL        n
  C:1C72H         LINE#         13
  C:1C72H         LINE#         14
  C:1C72H         LINE#         16
  C:1C72H         LINE#         17
  C:1C77H         LINE#         18
  C:1C7CH         LINE#         19
  C:1C81H         LINE#         20
  C:1C81H         LINE#         21
  C:1C87H         LINE#         22
  -------         ENDPROC       _I2C_DELAY
  -------         PROC          I2CSTART
  C:1DDFH         LINE#         25
  C:1DDFH         LINE#         26
  C:1DDFH         LINE#         27
  C:1DE1H         LINE#         28
  C:1DE3H         LINE#         29
  C:1DE8H         LINE#         30
  C:1DEAH         LINE#         31
  C:1DEFH         LINE#         32
  C:1DF1H         LINE#         33
  -------         ENDPROC       I2CSTART
  -------         PROC          I2CSTOP
BL51 BANKED LINKER/LOCATER V6.22.2.0                                                  03/01/2026  14:36:17  PAGE 23


  C:1E16H         LINE#         36
  C:1E16H         LINE#         37
  C:1E16H         LINE#         38
  C:1E18H         LINE#         39
  C:1E1AH         LINE#         40
  C:1E1FH         LINE#         41
  C:1E21H         LINE#         42
  -------         ENDPROC       I2CSTOP
  -------         PROC          _I2CSENDBYTE
  D:0005H         SYMBOL        byt
  -------         DO            
  D:0004H         SYMBOL        i
  -------         ENDDO         
  C:1AB0H         LINE#         46
  C:1AB2H         LINE#         47
  C:1AB2H         LINE#         50
  C:1ABEH         LINE#         51
  C:1AC0H         LINE#         52
  C:1AC5H         LINE#         53
  C:1AC9H         LINE#         54
  C:1ACBH         LINE#         55
  C:1ACDH         LINE#         56
  C:1ACDH         LINE#         57
  C:1ACFH         LINE#         58
  C:1ACFH         LINE#         59
  C:1AD4H         LINE#         60
  C:1AD6H         LINE#         61
  C:1ADAH         LINE#         62
  C:1ADFH         LINE#         63
  C:1AE2H         LINE#         65
  C:1AE4H         LINE#         66
  -------         ENDPROC       _I2CSENDBYTE
  -------         PROC          I2CRECEIVEBYTE
  -------         DO            
  D:0005H         SYMBOL        da
  D:0004H         SYMBOL        i
  -------         ENDDO         
  C:1B9AH         LINE#         69
  C:1B9AH         LINE#         70
  C:1B9AH         LINE#         73
  C:1BA6H         LINE#         74
  C:1BA8H         LINE#         75
  C:1BADH         LINE#         76
  C:1BB1H         LINE#         77
  C:1BB4H         LINE#         78
  C:1BB7H         LINE#         79
  C:1BB9H         LINE#         80
  C:1BBEH         LINE#         81
  C:1BC1H         LINE#         82
  C:1BC3H         LINE#         83
  -------         ENDPROC       I2CRECEIVEBYTE
  C:1BCBH         SYMBOL        L?0037
  -------         PROC          L?0036
  -------         ENDPROC       L?0036
  C:1BCBH         SYMBOL        L?0037
  -------         PROC          I2CWAITACK
  -------         DO            
BL51 BANKED LINKER/LOCATER V6.22.2.0                                                  03/01/2026  14:36:17  PAGE 24


  D:0005H         SYMBOL        ackbit
  -------         ENDDO         
  C:1BD6H         LINE#         86
  C:1BD6H         LINE#         87
  C:1BD6H         LINE#         90
  C:1BD8H         LINE#         91
  C:1BDDH         LINE#         92
  C:1BE2H         LINE#         93
  C:1BE4H         LINE#         94
  C:1BE9H         LINE#         96
  C:1BEBH         LINE#         97
  -------         ENDPROC       I2CWAITACK
  -------         PROC          _I2CSENDACK
  D:0007H         SYMBOL        ackbit
  C:1D28H         LINE#         100
  C:1D28H         LINE#         101
  C:1D28H         LINE#         102
  C:1D2AH         LINE#         103
  C:1D2FH         LINE#         104
  C:1D34H         LINE#         105
  C:1D36H         LINE#         106
  C:1D3BH         LINE#         107
  C:1D3DH         LINE#         108
  C:1D3FH         LINE#         109
  -------         ENDPROC       _I2CSENDACK
  -------         PROC          _AD_READ
  D:0003H         SYMBOL        addr
  -------         DO            
  D:0005H         SYMBOL        temp
  -------         ENDDO         
  C:1C88H         LINE#         120
  C:1C8AH         LINE#         121
  C:1C8AH         LINE#         124
  C:1C8DH         LINE#         125
  C:1C8FH         LINE#         126
  C:1C8FH         LINE#         127
  C:1C8FH         LINE#         128
  C:1C92H         LINE#         130
  C:1C95H         LINE#         131
  C:1C9AH         LINE#         132
  C:1C9DH         LINE#         133
  C:1CA2H         LINE#         135
  C:1CA7H         LINE#         136
  C:1CAAH         LINE#         138
  C:1CACH         LINE#         139
  -------         ENDPROC       _AD_READ
  -------         PROC          _DA_WRITE
  D:0003H         SYMBOL        dat
  C:1DA3H         LINE#         142
  C:1DA5H         LINE#         143
  C:1DA5H         LINE#         144
  C:1DA8H         LINE#         145
  C:1DADH         LINE#         146
  C:1DB0H         LINE#         147
  C:1DB2H         LINE#         148
  C:1DB2H         LINE#         149
  C:1DB2H         LINE#         150
BL51 BANKED LINKER/LOCATER V6.22.2.0                                                  03/01/2026  14:36:17  PAGE 25


  C:1DB5H         LINE#         151
  -------         ENDPROC       _DA_WRITE
  -------         PROC          _EEPROM_WRITE
  D:0022H         SYMBOL        str
  D:0003H         SYMBOL        addr
  D:0026H         SYMBOL        num
  C:18BDH         LINE#         155
  C:18C3H         LINE#         156
  C:18C3H         LINE#         157
  C:18C3H         LINE#         158
  C:18C3H         LINE#         159
  C:18C3H         LINE#         160
  C:18C3H         LINE#         161
  C:18C6H         LINE#         164
  C:18D3H         LINE#         165
  C:18D3H         LINE#         166
  C:18E8H         LINE#         167
  C:18EBH         LINE#         168
  C:18F0H         LINE#         169
  C:18F2H         LINE#         170
  C:18F5H         LINE#         171
  C:18F5H         LINE#         172
  C:18F5H         LINE#         173
  C:18F5H         LINE#         174
  C:18F8H         LINE#         175
  C:18FDH         LINE#         176
  C:18FDH         LINE#         177
  C:18FDH         LINE#         178
  C:18FDH         LINE#         179
  C:1900H         LINE#         180
  -------         ENDPROC       _EEPROM_WRITE
  -------         PROC          _EEPROM_READ
  D:0022H         SYMBOL        str
  D:0003H         SYMBOL        addr
  D:0026H         SYMBOL        num
  C:186EH         LINE#         184
  C:1874H         LINE#         185
  C:1874H         LINE#         186
  C:1874H         LINE#         187
  C:1874H         LINE#         188
  C:1874H         LINE#         189
  C:1874H         LINE#         190
  C:1877H         LINE#         192
  C:187AH         LINE#         193
  C:187FH         LINE#         194
  C:1882H         LINE#         195
  C:1884H         LINE#         196
  C:1891H         LINE#         197
  C:1891H         LINE#         198
  C:18A6H         LINE#         199
  C:18ACH         LINE#         200
  C:18B0H         LINE#         202
  C:18B5H         LINE#         203
  C:18B7H         LINE#         204
  C:18BAH         LINE#         205
  C:18BCH         LINE#         206
  -------         ENDPROC       _EEPROM_READ
BL51 BANKED LINKER/LOCATER V6.22.2.0                                                  03/01/2026  14:36:17  PAGE 26


  -------         ENDMOD        IIC

  -------         MODULE        ULTRASOUND
  C:0000H         SYMBOL        _ICE_DUMMY_
  D:0080H         PUBLIC        P0
  D:0090H         PUBLIC        P1
  D:00A0H         PUBLIC        P2
  D:00B0H         PUBLIC        P3
  D:00C0H         PUBLIC        P4
  D:00C8H         PUBLIC        P5
  B:00A8H.7       PUBLIC        EA
  D:00E8H         PUBLIC        P6
  D:00F8H         PUBLIC        P7
  B:00D8H.7       PUBLIC        CF
  D:00F9H         PUBLIC        CH
  D:00A8H         PUBLIC        IE
  D:00E9H         PUBLIC        CL
  B:00D8H.6       PUBLIC        CR
  D:00B8H         PUBLIC        IP
  C:1A43H         PUBLIC        Ut_Wave_Data
  D:00D9H         PUBLIC        CMOD
  D:00D8H         PUBLIC        CCON
  B:0090H.1       PUBLIC        US_RX
  D:0098H         PUBLIC        SCON
  B:0090H.0       PUBLIC        US_TX
  D:0088H         PUBLIC        TCON
  C:1CEEH         PUBLIC        Ut_Wave_Init
  C:1E49H         PUBLIC        Delay12us
  D:00D0H         PUBLIC        PSW
  -------         PROC          DELAY12US
  -------         DO            
  D:0007H         SYMBOL        i
  -------         ENDDO         
  C:1E49H         LINE#         17
  C:1E49H         LINE#         18
  C:1E49H         LINE#         21
  C:1E4AH         LINE#         22
  C:1E4CH         LINE#         23
  C:1E4EH         LINE#         24
  -------         ENDPROC       DELAY12US
  -------         PROC          UT_WAVE_INIT
  -------         DO            
  D:0006H         SYMBOL        i
  -------         ENDDO         
  C:1CEEH         LINE#         26
  C:1CEEH         LINE#         27
  C:1CEEH         LINE#         29
  C:1CF0H         LINE#         30
  C:1CFCH         LINE#         31
  C:1CFCH         LINE#         32
  C:1CFEH         LINE#         33
  C:1D01H         LINE#         34
  C:1D03H         LINE#         35
  C:1D06H         LINE#         36
  C:1D09H         LINE#         37
  C:1D0BH         LINE#         38
  -------         ENDPROC       UT_WAVE_INIT
BL51 BANKED LINKER/LOCATER V6.22.2.0                                                  03/01/2026  14:36:17  PAGE 27


  -------         PROC          UT_WAVE_DATA
  -------         DO            
  D:0006H         SYMBOL        time
  -------         ENDDO         
  C:1A43H         LINE#         39
  C:1A43H         LINE#         40
  C:1A43H         LINE#         42
  C:1A46H         LINE#         43
  C:1A4AH         LINE#         44
  C:1A4DH         LINE#         45
  C:1A4FH         LINE#         46
  C:1A55H         LINE#         48
  C:1A57H         LINE#         50
  C:1A5AH         LINE#         51
  C:1A5AH         LINE#         52
  C:1A62H         LINE#         53
  C:1A76H         LINE#         54
  C:1A76H         LINE#         55
  C:1A76H         LINE#         56
  C:1A78H         LINE#         57
  C:1A7AH         LINE#         58
  C:1A7AH         LINE#         59
  -------         ENDPROC       UT_WAVE_DATA
  -------         ENDMOD        ULTRASOUND

  -------         MODULE        UART
  C:0000H         SYMBOL        _ICE_DUMMY_
  D:0080H         PUBLIC        P0
  D:0090H         PUBLIC        P1
  D:00A0H         PUBLIC        P2
  D:00B0H         PUBLIC        P3
  D:00C0H         PUBLIC        P4
  D:00C8H         PUBLIC        P5
  B:00A8H.7       PUBLIC        EA
  D:00E8H         PUBLIC        P6
  D:00F8H         PUBLIC        P7
  D:00A8H         PUBLIC        IE
  B:00A8H.4       PUBLIC        ES
  D:00B8H         PUBLIC        IP
  B:0098H.1       PUBLIC        TI
  D:00D8H         PUBLIC        CCON
  D:0099H         PUBLIC        SBUF
  D:0098H         PUBLIC        SCON
  D:0088H         PUBLIC        TCON
  D:008EH         PUBLIC        AUXR
  C:1D77H         PUBLIC        Uart1_Init
  D:00D6H         PUBLIC        T2H
  D:00D7H         PUBLIC        T2L
  D:00D0H         PUBLIC        PSW
  C:1E41H         PUBLIC        _putchar
  -------         PROC          UART1_INIT
  C:1D77H         LINE#         3
  C:1D77H         LINE#         4
  C:1D77H         LINE#         5
  C:1D7AH         LINE#         6
  C:1D7DH         LINE#         7
  C:1D80H         LINE#         8
BL51 BANKED LINKER/LOCATER V6.22.2.0                                                  03/01/2026  14:36:17  PAGE 28


  C:1D83H         LINE#         9
  C:1D86H         LINE#         10
  C:1D89H         LINE#         11
  C:1D8BH         LINE#         12
  C:1D8DH         LINE#         13
  -------         ENDPROC       UART1_INIT
  -------         PROC          _PUTCHAR
  D:0007H         SYMBOL        ch
  C:1E41H         LINE#         16
  C:1E41H         LINE#         17
  C:1E41H         LINE#         18
  C:1E43H         LINE#         19
  C:1E46H         LINE#         21
  C:1E48H         LINE#         22
  C:1E48H         LINE#         23
  -------         ENDPROC       _PUTCHAR
  -------         ENDMOD        UART

  -------         MODULE        ?C?FPMUL
  C:0026H         PUBLIC        ?C?FPMUL
  -------         ENDMOD        ?C?FPMUL

  -------         MODULE        ?C?FCAST
  C:0136H         PUBLIC        ?C?FCASTC
  C:0131H         PUBLIC        ?C?FCASTI
  C:012CH         PUBLIC        ?C?FCASTL
  -------         ENDMOD        ?C?FCAST

  -------         MODULE        ?C?CASTF
  C:016AH         PUBLIC        ?C?CASTF
  -------         ENDMOD        ?C?CASTF

  -------         MODULE        PRINTF
  D:0024H         PUBLIC        ?_PRINTF?BYTE
  D:0024H         PUBLIC        ?_SPRINTF?BYTE
  C:0861H         PUBLIC        _PRINTF
  C:085BH         PUBLIC        _SPRINTF
  -------         ENDMOD        PRINTF

  -------         MODULE        SCANF
  D:0024H         PUBLIC        ?_SCANF?BYTE
  D:0024H         PUBLIC        ?_SSCANF?BYTE
  C:0CF0H         PUBLIC        _SCANF
  C:0CECH         PUBLIC        _SSCANF
  -------         ENDMOD        SCANF

  -------         MODULE        ?C?FPROUND
  C:01EBH         PUBLIC        ?C?FPROUND
  -------         ENDMOD        ?C?FPROUND

  -------         MODULE        ?C?FPCONVERT
  C:021AH         PUBLIC        ?C?FPCONVERT
  -------         ENDMOD        ?C?FPCONVERT

  -------         MODULE        ?C?FPADD
  C:0324H         PUBLIC        ?C?FPADD
  C:0320H         PUBLIC        ?C?FPSUB
BL51 BANKED LINKER/LOCATER V6.22.2.0                                                  03/01/2026  14:36:17  PAGE 29


  -------         ENDMOD        ?C?FPADD

  -------         MODULE        ?C?FPDIV
  C:0418H         PUBLIC        ?C?FPDIV
  -------         ENDMOD        ?C?FPDIV

  -------         MODULE        ?C?FPNEG
  C:04B5H         PUBLIC        ?C?FPNEG
  -------         ENDMOD        ?C?FPNEG

  -------         MODULE        ?C?FTNPWR
  C:04F6H         PUBLIC        ?C?FTNPWR
  -------         ENDMOD        ?C?FTNPWR

  -------         MODULE        ?C?CLDPTR
  C:0536H         PUBLIC        ?C?CLDPTR
  -------         ENDMOD        ?C?CLDPTR

  -------         MODULE        ?C?CLDOPTR
  C:054FH         PUBLIC        ?C?CLDOPTR
  -------         ENDMOD        ?C?CLDOPTR

  -------         MODULE        ?C?CSTPTR
  C:057CH         PUBLIC        ?C?CSTPTR
  -------         ENDMOD        ?C?CSTPTR

  -------         MODULE        ?C?CSTOPTR
  C:058EH         PUBLIC        ?C?CSTOPTR
  -------         ENDMOD        ?C?CSTOPTR

  -------         MODULE        ?C?UIDIV
  C:05B0H         PUBLIC        ?C?UIDIV
  -------         ENDMOD        ?C?UIDIV

  -------         MODULE        ?C?ISTPTR
  C:0605H         PUBLIC        ?C?ISTPTR
  -------         ENDMOD        ?C?ISTPTR

  -------         MODULE        ?C?SLDIV
  C:1905H         PUBLIC        ?C?SLDIV
  -------         ENDMOD        ?C?SLDIV

  -------         MODULE        ?C?LNEG
  C:0624H         PUBLIC        ?C?LNEG
  -------         ENDMOD        ?C?LNEG

  -------         MODULE        ?C?SLCMP
  C:0632H         PUBLIC        ?C?SLCMP
  -------         ENDMOD        ?C?SLCMP

  -------         MODULE        ?C?ULCMP
  C:0648H         PUBLIC        ?C?ULCMP
  -------         ENDMOD        ?C?ULCMP

  -------         MODULE        ?C?LSTPTR
  C:0659H         PUBLIC        ?C?LSTPTR
  -------         ENDMOD        ?C?LSTPTR
BL51 BANKED LINKER/LOCATER V6.22.2.0                                                  03/01/2026  14:36:17  PAGE 30



  -------         MODULE        ?C?LLDIDATA
  C:0673H         PUBLIC        ?C?LLDIDATA
  -------         ENDMOD        ?C?LLDIDATA

  -------         MODULE        ?C?LLDIDATA0
  C:067FH         PUBLIC        ?C?LLDIDATA0
  -------         ENDMOD        ?C?LLDIDATA0

  -------         MODULE        ?C?LSTIDATA
  C:068CH         PUBLIC        ?C?LSTIDATA
  -------         ENDMOD        ?C?LSTIDATA

  -------         MODULE        ?C?PLDIDATA
  C:0698H         PUBLIC        ?C?PLDIDATA
  -------         ENDMOD        ?C?PLDIDATA

  -------         MODULE        ?C?PLDIIDATA
  C:06A1H         PUBLIC        ?C?PLDIIDATA
  -------         ENDMOD        ?C?PLDIIDATA

  -------         MODULE        ?C?PILDIDATA
  C:06B1H         PUBLIC        ?C?PILDIDATA
  -------         ENDMOD        ?C?PILDIDATA

  -------         MODULE        ?C?CCASE
  C:06C1H         PUBLIC        ?C?CCASE
  -------         ENDMOD        ?C?CCASE

  -------         MODULE        ?C?ICALL
  C:06E7H         PUBLIC        ?C?ICALL
  C:06EBH         PUBLIC        ?C?ICALL2
  -------         ENDMOD        ?C?ICALL

  -------         MODULE        GETCHAR
  B:0021H.7       PUBLIC        ?C?CHARLOADED
  D:0008H         PUBLIC        ?_UNGETCHAR?BYTE
  C:1E05H         PUBLIC        GETCHAR
  -------         ENDMOD        GETCHAR

  -------         MODULE        UNGETC
  C:1E4FH         PUBLIC        _UNGETCHAR
  -------         ENDMOD        UNGETC

  -------         MODULE        ISSPACE
  C:1DF2H         PUBLIC        _isspace
  -------         ENDMOD        ISSPACE

  -------         MODULE        ?C?MEMSET
  C:06EDH         PUBLIC        ?C?MEMSET
  -------         ENDMOD        ?C?MEMSET

  -------         MODULE        ?C?ULDIV
  C:0755H         PUBLIC        ?C?ULDIV
  -------         ENDMOD        ?C?ULDIV

  -------         MODULE        ?C?LSTXDATA
BL51 BANKED LINKER/LOCATER V6.22.2.0                                                  03/01/2026  14:36:17  PAGE 31


  C:07E7H         PUBLIC        ?C?LSTXDATA
  -------         ENDMOD        ?C?LSTXDATA

  -------         MODULE        ?C?LSTPDATA
  C:07F3H         PUBLIC        ?C?LSTPDATA
  -------         ENDMOD        ?C?LSTPDATA

  -------         MODULE        _GETKEY
  C:1E26H         PUBLIC        _GETKEY
  -------         ENDMOD        _GETKEY

*** WARNING L16: UNCALLED SEGMENT, IGNORED FOR OVERLAY PROCESS
    SEGMENT: ?PR?BEEP?LED

*** WARNING L16: UNCALLED SEGMENT, IGNORED FOR OVERLAY PROCESS
    SEGMENT: ?PR?MOTOR?LED

*** WARNING L16: UNCALLED SEGMENT, IGNORED FOR OVERLAY PROCESS
    SEGMENT: ?PR?RELAY?LED

Program Size: data=166.0 xdata=53 code=7764
LINK/LOCATE RUN COMPLETE.  3 WARNING(S),  0 ERROR(S)
