BL51 BANKED LINKER/LOCATER V6.22.2.0                                                    02/21/2026  12:23:35  PAGE 1


BL51 BANKED LINKER/LOCATER V6.22.2.0, INVOKED BY:
D:\KEILC51\C51\BIN\BL51.EXE .\Objects\STARTUP.obj, .\Objects\main.obj, .\Objects\Key.obj, .\Objects\Seg.obj, .\Objects\L
>> ED.obj, .\Objects\Init.obj, .\Objects\ds1302.obj, .\Objects\onewire.obj, .\Objects\iic.obj, .\Objects\ultrasound.obj,
>>  .\Objects\uart.obj TO .\Objects\V4T手敲 PRINT (.\Listings\V4T手敲.m51) RAMSIZE (256)


MEMORY MODEL: SMALL WITH FLOATING POINT ARITHMETIC


INPUT MODULES INCLUDED:
  .\Objects\STARTUP.obj (?C_STARTUP)
  .\Objects\main.obj (MAIN)
  .\Objects\Key.obj (KEY)
  .\Objects\Seg.obj (SEG)
  .\Objects\LED.obj (LED)
  .\Objects\Init.obj (INIT)
  .\Objects\ds1302.obj (DS1302)
  .\Objects\onewire.obj (ONEWIRE)
  .\Objects\iic.obj (IIC)
  .\Objects\ultrasound.obj (ULTRASOUND)
  .\Objects\uart.obj (UART)
  D:\KEILC51\C51\LIB\C51FPS.LIB (?C?FPMUL)
  D:\KEILC51\C51\LIB\C51FPS.LIB (?C?FCAST)
  D:\KEILC51\C51\LIB\C51FPS.LIB (?C?CASTF)
  D:\KEILC51\C51\LIB\C51FPS.LIB (PRINTF)
  D:\KEILC51\C51\LIB\C51FPS.LIB (SCANF)
  D:\KEILC51\C51\LIB\C51FPS.LIB (?C?FPGETOPN)
  D:\KEILC51\C51\LIB\C51FPS.LIB (?C?FPROUND)
  D:\KEILC51\C51\LIB\C51FPS.LIB (?C?FPCONVERT)
  D:\KEILC51\C51\LIB\C51FPS.LIB (?C?ATOF)
  D:\KEILC51\C51\LIB\C51FPS.LIB (?C?FPADD)
  D:\KEILC51\C51\LIB\C51FPS.LIB (?C?FPDIV)
  D:\KEILC51\C51\LIB\C51FPS.LIB (?C?FPNEG)
  D:\KEILC51\C51\LIB\C51FPS.LIB (?C?FTNPWR)
  D:\KEILC51\C51\LIB\C51S.LIB (?C_INIT)
  D:\KEILC51\C51\LIB\C51S.LIB (?C?CLDPTR)
  D:\KEILC51\C51\LIB\C51S.LIB (?C?CLDOPTR)
  D:\KEILC51\C51\LIB\C51S.LIB (?C?CSTPTR)
  D:\KEILC51\C51\LIB\C51S.LIB (?C?CSTOPTR)
  D:\KEILC51\C51\LIB\C51S.LIB (?C?UIDIV)
  D:\KEILC51\C51\LIB\C51S.LIB (?C?ISTPTR)
  D:\KEILC51\C51\LIB\C51S.LIB (?C?SLDIV)
  D:\KEILC51\C51\LIB\C51S.LIB (?C?LNEG)
  D:\KEILC51\C51\LIB\C51S.LIB (?C?SLCMP)
  D:\KEILC51\C51\LIB\C51S.LIB (?C?ULCMP)
  D:\KEILC51\C51\LIB\C51S.LIB (?C?LSTPTR)
  D:\KEILC51\C51\LIB\C51S.LIB (?C?LLDIDATA)
  D:\KEILC51\C51\LIB\C51S.LIB (?C?LLDIDATA0)
  D:\KEILC51\C51\LIB\C51S.LIB (?C?LSTIDATA)
  D:\KEILC51\C51\LIB\C51S.LIB (?C?PLDIDATA)
  D:\KEILC51\C51\LIB\C51S.LIB (?C?PLDIIDATA)
  D:\KEILC51\C51\LIB\C51S.LIB (?C?PILDIDATA)
  D:\KEILC51\C51\LIB\C51S.LIB (?C?CCASE)
  D:\KEILC51\C51\LIB\C51S.LIB (?C?ICALL)
  D:\KEILC51\C51\LIB\C51S.LIB (GETCHAR)
  D:\KEILC51\C51\LIB\C51S.LIB (UNGETC)
  D:\KEILC51\C51\LIB\C51S.LIB (ISSPACE)
  D:\KEILC51\C51\LIB\C51S.LIB (?C?MEMSET)
BL51 BANKED LINKER/LOCATER V6.22.2.0                                                  02/21/2026  12:23:35  PAGE 2


  D:\KEILC51\C51\LIB\C51S.LIB (?C?ULDIV)
  D:\KEILC51\C51\LIB\C51S.LIB (?C?LSTXDATA)
  D:\KEILC51\C51\LIB\C51S.LIB (?C?LSTPDATA)
  D:\KEILC51\C51\LIB\C51S.LIB (_GETKEY)


LINK MAP OF MODULE:  .\Objects\V4T手敲 (?C_STARTUP)


            TYPE    BASE      LENGTH    RELOCATION   SEGMENT NAME
            -----------------------------------------------------

            * * * * * * *   D A T A   M E M O R Y   * * * * * * *
            REG     0000H     0008H     ABSOLUTE     "REG BANK 0"
            DATA    0008H     0001H     UNIT         ?DT?GETCHAR
            IDATA   0009H     0004H     UNIT         ?ID?LED
                    000DH     0013H                  *** GAP ***
            BIT     0020H.0   0001H.4   UNIT         _BIT_GROUP_
            BIT     0021H.4   0000H.1   UNIT         ?BI?BEEP?LED
            BIT     0021H.5   0000H.1   UNIT         ?BI?MOTOR?LED
            BIT     0021H.6   0000H.1   UNIT         ?BI?RELAY?LED
            BIT     0021H.7   0000H.1   UNIT         ?BI?GETCHAR
            DATA    0022H     0022H     UNIT         _DATA_GROUP_
            IDATA   0044H     0074H     UNIT         ?ID?MAIN
            IDATA   00B8H     0001H     UNIT         ?STACK

            * * * * * * *  X D A T A   M E M O R Y  * * * * * * *
            XDATA   0000H     002AH     INPAGE       ?PD?MAIN
            XDATA   002AH     000BH     INPAGE       ?PD?SEG

            * * * * * * *   C O D E   M E M O R Y   * * * * * * *
            CODE    0000H     0003H     ABSOLUTE     
            CODE    0003H     0018H     UNIT         ?PR?GET_TEMPERATURE?MAIN
            CODE    001BH     0003H     ABSOLUTE     
            CODE    001EH     0005H     UNIT         ?PR?SCHEDULER_INIT?MAIN
            CODE    0023H     0003H     ABSOLUTE     
            CODE    0026H     07D9H     UNIT         ?C?LIB_CODE
            CODE    07FFH     046FH     UNIT         ?PR?PRINTF?PRINTF
            CODE    0C6EH     034FH     UNIT         ?PR?SCANF?SCANF
            CODE    0FBDH     027CH     UNIT         ?PR?SEG_PROC?MAIN
            CODE    1239H     00E6H     UNIT         ?PR??C?ATOF??C?ATOF
            CODE    131FH     00CEH     UNIT         ?PR?TIMER1_ISR?MAIN
            CODE    13EDH     00B4H     UNIT         ?C_INITSEG
            CODE    14A1H     008CH     UNIT         ?C_C51STARTUP
            CODE    152DH     0085H     UNIT         ?PR?KEY_READ?KEY
            CODE    15B2H     0082H     UNIT         ?PR?_LED_DISP?LED
            CODE    1634H     007FH     UNIT         ?PR?UART_PROC?MAIN
            CODE    16B3H     0074H     UNIT         ?PR?SCHEDULER_RUN?MAIN
            CODE    1727H     006CH     UNIT         ?PR?UART1_ISR?MAIN
            CODE    1793H     0056H     UNIT         ?PR?_SET_RTC?DS1302
            CODE    17E9H     0052H     UNIT         ?PR?KEY_PROC?MAIN
            CODE    183BH     0050H     UNIT         ?PR?MAIN?MAIN
            CODE    188BH     004FH     UNIT         ?PR?_SEG_DISP?SEG
            CODE    18DAH     004FH     UNIT         ?PR?_EEPROM_READ?IIC
            CODE    1929H     0048H     UNIT         ?PR?_EEPROM_WRITE?IIC
            CODE    1971H     0044H     UNIT         ?C?LDIV
            CODE    19B5H     0041H     UNIT         ?CO?MAIN
BL51 BANKED LINKER/LOCATER V6.22.2.0                                                  02/21/2026  12:23:35  PAGE 3


            CODE    19F6H     0041H     UNIT         ?PR?_READ_RTC?DS1302
            CODE    1A37H     003DH     UNIT         ?PR?_READ_DS1302_BYTE?DS1302
            CODE    1A74H     003BH     UNIT         ?PR?RD_TEMPERATURE?ONEWIRE
            CODE    1AAFH     0038H     UNIT         ?PR?UT_WAVE_DATA?ULTRASOUND
            CODE    1AE7H     0035H     UNIT         ?PR?AD_DA?MAIN
            CODE    1B1CH     0035H     UNIT         ?PR?_I2CSENDBYTE?IIC
            CODE    1B51H     002CH     UNIT         ?PR?BEEP?LED
            CODE    1B7DH     002CH     UNIT         ?PR?MOTOR?LED
            CODE    1BA9H     002CH     UNIT         ?PR?RELAY?LED
            CODE    1BD5H     002AH     UNIT         ?PR?I2CRECEIVEBYTE?IIC
            CODE    1BFFH     0028H     UNIT         ?PR?I2CWAITACK?IIC
            CODE    1C27H     0027H     UNIT         ?PR?SYSTEM_INIT?INIT
            CODE    1C4EH     0027H     UNIT         ?PR?_WRITE_DS18B20?ONEWIRE
            CODE    1C75H     0027H     UNIT         ?PR?INIT_DS18B20?ONEWIRE
            CODE    1C9CH     0027H     UNIT         ?PR?_I2C_DELAY?IIC
            CODE    1CC3H     0025H     UNIT         ?PR?_AD_READ?IIC
            CODE    1CE8H     0023H     UNIT         ?PR?READ_DS18B20?ONEWIRE
            CODE    1D0BH     001EH     UNIT         ?PR?_DELAY_ONEWIRE?ONEWIRE
            CODE    1D29H     001EH     UNIT         ?PR?UT_WAVE_INIT?ULTRASOUND
            CODE    1D47H     001CH     UNIT         ?PR?_WRITE_DS1302?DS1302
            CODE    1D63H     001CH     UNIT         ?PR?_I2CSENDACK?IIC
            CODE    1D7FH     001BH     UNIT         ?PR?LED_PROC?MAIN
            CODE    1D9AH     0018H     UNIT         ?PR?LED_OFF?LED
            CODE    1DB2H     0017H     UNIT         ?PR?UART1_INIT?UART
            CODE    1DC9H     0015H     UNIT         ?PR?TIMER1_INIT?MAIN
            CODE    1DDEH     0015H     UNIT         ?PR?_DA_WRITE?IIC
            CODE    1DF3H     0014H     UNIT         ?PR?_WRITE_DS1302_BYTE?DS1302
            CODE    1E07H     0013H     UNIT         ?PR?TIMER0_INIT?MAIN
            CODE    1E1AH     0013H     UNIT         ?PR?I2CSTART?IIC
            CODE    1E2DH     0013H     UNIT         ?PR?_ISSPACE?ISSPACE
            CODE    1E40H     0011H     UNIT         ?PR?GETCHAR?GETCHAR
            CODE    1E51H     0010H     UNIT         ?PR?I2CSTOP?IIC
            CODE    1E61H     000AH     UNIT         ?PR?_GETKEY?_GETKEY
            CODE    1E6BH     0009H     UNIT         ?PR?GET_TIME?MAIN
            CODE    1E74H     0008H     UNIT         ?PR?DISTANCE_GET?MAIN
            CODE    1E7CH     0008H     UNIT         ?PR?_PUTCHAR?UART
            CODE    1E84H     0006H     UNIT         ?PR?DELAY12US?ULTRASOUND
            CODE    1E8AH     0005H     UNIT         ?PR?GETCHAR?UNGETCHAR



OVERLAY MAP OF MODULE:   .\Objects\V4T手敲 (?C_STARTUP)


SEGMENT                                  BIT_GROUP          DATA_GROUP 
  +--> CALLED SEGMENT                 START    LENGTH     START    LENGTH
-------------------------------------------------------------------------
?C_C51STARTUP                         -----    -----      -----    -----
  +--> ?PR?MAIN?MAIN
  +--> ?C_INITSEG

?PR?MAIN?MAIN                         -----    -----      -----    -----
  +--> ?PR?SYSTEM_INIT?INIT
  +--> ?PR?SCHEDULER_INIT?MAIN
  +--> ?PR?_SET_RTC?DS1302
  +--> ?PR?_EEPROM_READ?IIC
  +--> ?PR?_EEPROM_WRITE?IIC
BL51 BANKED LINKER/LOCATER V6.22.2.0                                                  02/21/2026  12:23:35  PAGE 4


  +--> ?PR?TIMER0_INIT?MAIN
  +--> ?PR?UART1_INIT?UART
  +--> ?PR?TIMER1_INIT?MAIN
  +--> ?PR?SCHEDULER_RUN?MAIN

?PR?_SET_RTC?DS1302                   -----    -----      0022H    0003H
  +--> ?PR?_WRITE_DS1302_BYTE?DS1302

?PR?_WRITE_DS1302_BYTE?DS1302         -----    -----      -----    -----
  +--> ?PR?_WRITE_DS1302?DS1302

?PR?_EEPROM_READ?IIC                  -----    -----      0022H    0006H
  +--> ?PR?I2CWAITACK?IIC
  +--> ?PR?I2CSTART?IIC
  +--> ?PR?_I2CSENDBYTE?IIC
  +--> ?PR?I2CRECEIVEBYTE?IIC
  +--> ?PR?_I2CSENDACK?IIC
  +--> ?PR?I2CSTOP?IIC

?PR?I2CWAITACK?IIC                    -----    -----      -----    -----
  +--> ?PR?I2CSTART?IIC
  +--> ?PR?_I2CSENDBYTE?IIC
  +--> ?PR?_I2C_DELAY?IIC

?PR?I2CSTART?IIC                      -----    -----      -----    -----
  +--> ?PR?_I2C_DELAY?IIC

?PR?_I2CSENDBYTE?IIC                  -----    -----      -----    -----
  +--> ?PR?_I2C_DELAY?IIC

?PR?I2CRECEIVEBYTE?IIC                -----    -----      -----    -----
  +--> ?PR?_I2C_DELAY?IIC

?PR?_I2CSENDACK?IIC                   -----    -----      -----    -----
  +--> ?PR?_I2C_DELAY?IIC

?PR?I2CSTOP?IIC                       -----    -----      -----    -----
  +--> ?PR?_I2C_DELAY?IIC

?PR?_EEPROM_WRITE?IIC                 -----    -----      0022H    0006H
  +--> ?PR?I2CWAITACK?IIC
  +--> ?PR?_I2CSENDBYTE?IIC
  +--> ?PR?_I2C_DELAY?IIC
  +--> ?PR?I2CSTOP?IIC

?PR?SCHEDULER_RUN?MAIN                -----    -----      0022H    0005H

?C_INITSEG                            -----    -----      -----    -----
  +--> ?PR?LED_PROC?MAIN
  +--> ?PR?KEY_PROC?MAIN
  +--> ?PR?SEG_PROC?MAIN
  +--> ?PR?GET_TIME?MAIN
  +--> ?PR?GET_TEMPERATURE?MAIN
  +--> ?PR?AD_DA?MAIN
  +--> ?PR?DISTANCE_GET?MAIN
  +--> ?PR?UART_PROC?MAIN

BL51 BANKED LINKER/LOCATER V6.22.2.0                                                  02/21/2026  12:23:35  PAGE 5


?PR?KEY_PROC?MAIN                     -----    -----      -----    -----
  +--> ?PR?KEY_READ?KEY
  +--> ?CO?MAIN
  +--> ?PR?PRINTF?PRINTF

?PR?PRINTF?PRINTF                     0020H.0  0001H.1    0024H    001CH
  +--> ?PR?_PUTCHAR?UART

?PR?GET_TIME?MAIN                     -----    -----      -----    -----
  +--> ?PR?_READ_RTC?DS1302

?PR?_READ_RTC?DS1302                  -----    -----      0022H    0003H
  +--> ?PR?_READ_DS1302_BYTE?DS1302

?PR?_READ_DS1302_BYTE?DS1302          -----    -----      -----    -----
  +--> ?PR?_WRITE_DS1302?DS1302

?PR?GET_TEMPERATURE?MAIN              -----    -----      -----    -----
  +--> ?PR?RD_TEMPERATURE?ONEWIRE

?PR?RD_TEMPERATURE?ONEWIRE            -----    -----      -----    -----
  +--> ?PR?INIT_DS18B20?ONEWIRE
  +--> ?PR?_WRITE_DS18B20?ONEWIRE
  +--> ?PR?_DELAY_ONEWIRE?ONEWIRE
  +--> ?PR?READ_DS18B20?ONEWIRE

?PR?INIT_DS18B20?ONEWIRE              0020H.0  0000H.1    -----    -----
  +--> ?PR?_DELAY_ONEWIRE?ONEWIRE

?PR?_WRITE_DS18B20?ONEWIRE            -----    -----      -----    -----
  +--> ?PR?_DELAY_ONEWIRE?ONEWIRE

?PR?READ_DS18B20?ONEWIRE              -----    -----      -----    -----
  +--> ?PR?_DELAY_ONEWIRE?ONEWIRE

?PR?AD_DA?MAIN                        -----    -----      -----    -----
  +--> ?PR?_AD_READ?IIC
  +--> ?PR?_DA_WRITE?IIC

?PR?_AD_READ?IIC                      -----    -----      -----    -----
  +--> ?PR?I2CSTART?IIC
  +--> ?PR?I2CWAITACK?IIC
  +--> ?PR?_I2CSENDBYTE?IIC
  +--> ?PR?I2CRECEIVEBYTE?IIC
  +--> ?PR?_I2CSENDACK?IIC
  +--> ?PR?I2CSTOP?IIC

?PR?_DA_WRITE?IIC                     -----    -----      -----    -----
  +--> ?PR?I2CSTART?IIC
  +--> ?PR?_I2CSENDBYTE?IIC
  +--> ?PR?I2CWAITACK?IIC
  +--> ?PR?I2CSTOP?IIC

?PR?DISTANCE_GET?MAIN                 -----    -----      -----    -----
  +--> ?PR?UT_WAVE_DATA?ULTRASOUND

?PR?UT_WAVE_DATA?ULTRASOUND           -----    -----      -----    -----
BL51 BANKED LINKER/LOCATER V6.22.2.0                                                  02/21/2026  12:23:35  PAGE 6


  +--> ?PR?UT_WAVE_INIT?ULTRASOUND

?PR?UT_WAVE_INIT?ULTRASOUND           -----    -----      -----    -----
  +--> ?PR?DELAY12US?ULTRASOUND

?PR?UART_PROC?MAIN                    -----    -----      0022H    0002H
  +--> ?CO?MAIN
  +--> ?PR?PRINTF?PRINTF
  +--> ?PR?SCANF?SCANF

?PR?SCANF?SCANF                       0020H.0  0000H.6    0024H    001EH
  +--> ?PR?GETCHAR?UNGETCHAR
  +--> ?PR?_ISSPACE?ISSPACE
  +--> ?PR?GETCHAR?GETCHAR
  +--> ?PR??C?ATOF??C?ATOF

?PR?GETCHAR?GETCHAR                   -----    -----      -----    -----
  +--> ?PR?_GETKEY?_GETKEY
  +--> ?PR?_PUTCHAR?UART

?PR??C?ATOF??C?ATOF                   0020H.6  0000H.5    0042H    0002H

*** NEW ROOT ***************************************************

?PR?TIMER1_ISR?MAIN                   -----    -----      -----    -----
  +--> ?PR?_SEG_DISP?SEG
  +--> ?PR?_LED_DISP?LED
  +--> ?PR?LED_OFF?LED

?PR?_SEG_DISP?SEG                     0021H.3  0000H.1    -----    -----



SYMBOL TABLE OF MODULE:  .\Objects\V4T手敲 (?C_STARTUP)

  VALUE           TYPE          NAME
  ----------------------------------

  -------         MODULE        ?C_STARTUP
  C:14A1H         SEGMENT       ?C_C51STARTUP
  I:00B8H         SEGMENT       ?STACK
  C:0000H         PUBLIC        ?C_STARTUP
  D:00E0H         SYMBOL        ACC
  D:00F0H         SYMBOL        B
  D:0083H         SYMBOL        DPH
  D:0082H         SYMBOL        DPL
  N:0000H         SYMBOL        IBPSTACK
  N:0100H         SYMBOL        IBPSTACKTOP
  N:0080H         SYMBOL        IDATALEN
  C:14A4H         SYMBOL        IDATALOOP
  N:0000H         SYMBOL        PBPSTACK
  N:0100H         SYMBOL        PBPSTACKTOP
  N:0000H         SYMBOL        PDATALEN
  N:0000H         SYMBOL        PDATASTART
  N:0000H         SYMBOL        PPAGE
  N:0000H         SYMBOL        PPAGEENABLE
  D:00A0H         SYMBOL        PPAGE_SFR
BL51 BANKED LINKER/LOCATER V6.22.2.0                                                  02/21/2026  12:23:35  PAGE 7


  D:0081H         SYMBOL        SP
  C:14A1H         SYMBOL        STARTUP1
  N:0000H         SYMBOL        XBPSTACK
  N:0000H         SYMBOL        XBPSTACKTOP
  N:0000H         SYMBOL        XDATALEN
  N:0000H         SYMBOL        XDATASTART
  C:0000H         LINE#         126
  C:14A1H         LINE#         133
  C:14A3H         LINE#         134
  C:14A4H         LINE#         135
  C:14A5H         LINE#         136
  C:14A7H         LINE#         185
  C:14AAH         LINE#         196
  -------         ENDMOD        ?C_STARTUP

  -------         MODULE        MAIN
  C:0000H         SYMBOL        _ICE_DUMMY_
  D:0080H         PUBLIC        P0
  D:0090H         PUBLIC        P1
  D:00A0H         PUBLIC        P2
  D:00B0H         PUBLIC        P3
  I:0044H         PUBLIC        ucRtc
  D:00C0H         PUBLIC        P4
  D:00C8H         PUBLIC        P5
  B:00A8H.7       PUBLIC        EA
  D:00E8H         PUBLIC        P6
  D:00F8H         PUBLIC        P7
  C:1D7FH         PUBLIC        Led_Proc
  D:00A8H         PUBLIC        IE
  I:0047H         PUBLIC        Freq
  C:1E6BH         PUBLIC        Get_Time
  C:1634H         PUBLIC        Uart_Proc
  I:0049H         PUBLIC        Time_1s
  C:0FBDH         PUBLIC        Seg_Proc
  C:0003H         PUBLIC        Get_Temperature
  D:00B8H         PUBLIC        IP
  I:004BH         PUBLIC        Scheduler_Task
  B:0098H.0       PUBLIC        RI
  C:001EH         PUBLIC        Scheduler_Init
  X:0000H         PUBLIC        Seg_Buf
  C:17E9H         PUBLIC        Key_Proc
  I:00A3H         PUBLIC        pwm_compare
  D:00D8H         PUBLIC        CCON
  I:00A4H         PUBLIC        Uart_Rx_Index
  I:00A5H         PUBLIC        Key_Down
  I:00A6H         PUBLIC        Seg_Show_Mod
  I:00A7H         PUBLIC        Uart_Rx_Flag
  C:183BH         PUBLIC        main
  C:1E07H         PUBLIC        Timer0_Init
  I:00A8H         PUBLIC        Key_Old
  C:1DC9H         PUBLIC        Timer1_Init
  I:00A9H         PUBLIC        AD_1_Data_10x
  I:00AAH         PUBLIC        AD_3_Data_10x
  I:00ABH         PUBLIC        Key_Val
  I:00ACH         PUBLIC        Distance
  D:0099H         PUBLIC        SBUF
  C:1E74H         PUBLIC        Distance_Get
BL51 BANKED LINKER/LOCATER V6.22.2.0                                                  02/21/2026  12:23:35  PAGE 8


  I:00ADH         PUBLIC        Seg_Pos
  D:0098H         PUBLIC        SCON
  D:0089H         PUBLIC        TMOD
  D:0088H         PUBLIC        TCON
  I:00AEH         PUBLIC        Uart_Rx_Tick
  C:16B3H         PUBLIC        Scheduler_Run
  I:00AFH         PUBLIC        pwm_period
  D:008EH         PUBLIC        AUXR
  C:131FH         PUBLIC        Timer1_Isr
  X:0008H         PUBLIC        Uart_Rx_Buf
  B:0088H.5       PUBLIC        TF0
  B:00A8H.3       PUBLIC        ET1
  B:0088H.7       PUBLIC        TF1
  D:008CH         PUBLIC        TH0
  D:008DH         PUBLIC        TH1
  I:00B0H         PUBLIC        Temperature_10x
  I:00B2H         PUBLIC        Key_Up
  D:008AH         PUBLIC        TL0
  D:008BH         PUBLIC        TL1
  B:0088H.4       PUBLIC        TR0
  B:0088H.6       PUBLIC        TR1
  X:0012H         PUBLIC        EEPROM_Data_R
  X:001AH         PUBLIC        EEPROM_Data_W
  C:1727H         PUBLIC        Uart1_Isr
  I:00B3H         PUBLIC        task_num
  C:1AE7H         PUBLIC        AD_DA
  X:0022H         PUBLIC        ucLed
  I:00B4H         PUBLIC        uwTick
  D:00D0H         PUBLIC        PSW
  -------         PROC          KEY_PROC
  C:17E9H         LINE#         45
  C:17E9H         LINE#         46
  C:17E9H         LINE#         49
  C:17F0H         LINE#         50
  C:17FAH         LINE#         51
  C:1800H         LINE#         52
  C:1806H         LINE#         53
  C:180EH         LINE#         54
  C:1818H         LINE#         55
  C:181CH         LINE#         56
  C:182AH         LINE#         57
  C:1831H         LINE#         58
  C:1831H         LINE#         59
  C:183AH         LINE#         60
  C:183AH         LINE#         61
  -------         ENDPROC       KEY_PROC
  -------         PROC          SEG_PROC
  C:0FBDH         LINE#         64
  C:0FBDH         LINE#         65
  C:0FBDH         LINE#         68
  C:0FE2H         LINE#         69
  C:0FE2H         LINE#         70
  C:0FE2H         LINE#         71
  C:0FEDH         LINE#         72
  C:0FF6H         LINE#         73
  C:0FFAH         LINE#         74
  C:1005H         LINE#         75
BL51 BANKED LINKER/LOCATER V6.22.2.0                                                  02/21/2026  12:23:35  PAGE 9


  C:100EH         LINE#         76
  C:1012H         LINE#         77
  C:101AH         LINE#         78
  C:101AH         LINE#         80
  C:101CH         LINE#         81
  C:101CH         LINE#         82
  C:1031H         LINE#         83
  C:1049H         LINE#         84
  C:105AH         LINE#         85
  C:105AH         LINE#         86
  C:105AH         LINE#         87
  C:105AH         LINE#         88
  C:105AH         LINE#         89
  C:105AH         LINE#         91
  C:105CH         LINE#         92
  C:105CH         LINE#         93
  C:1069H         LINE#         94
  C:1072H         LINE#         95
  C:1076H         LINE#         96
  C:1078H         LINE#         97
  C:107AH         LINE#         98
  C:107CH         LINE#         99
  C:1089H         LINE#         100
  C:1092H         LINE#         101
  C:1093H         LINE#         102
  C:1093H         LINE#         103
  C:109EH         LINE#         104
  C:10ABH         LINE#         105
  C:10B7H         LINE#         106
  C:10BAH         LINE#         107
  C:10BAH         LINE#         108
  C:10BAH         LINE#         109
  C:10BAH         LINE#         110
  C:10BAH         LINE#         111
  C:10BDH         LINE#         112
  C:10BDH         LINE#         113
  C:10F5H         LINE#         114
  C:112DH         LINE#         115
  C:1165H         LINE#         116
  C:118CH         LINE#         117
  C:11B3H         LINE#         118
  C:11DAH         LINE#         119
  C:1201H         LINE#         120
  C:1221H         LINE#         121
  C:1222H         LINE#         122
  C:1222H         LINE#         123
  C:1228H         LINE#         124
  C:122CH         LINE#         125
  C:122EH         LINE#         126
  C:1230H         LINE#         127
  C:1232H         LINE#         128
  C:1234H         LINE#         129
  C:1236H         LINE#         130
  C:1238H         LINE#         131
  C:1238H         LINE#         132
  C:1238H         LINE#         133
  -------         ENDPROC       SEG_PROC
BL51 BANKED LINKER/LOCATER V6.22.2.0                                                  02/21/2026  12:23:35  PAGE 10


  -------         PROC          LED_PROC
  C:1D7FH         LINE#         136
  C:1D7FH         LINE#         137
  C:1D7FH         LINE#         138
  C:1D84H         LINE#         139
  C:1D87H         LINE#         140
  C:1D8AH         LINE#         141
  C:1D8DH         LINE#         142
  C:1D90H         LINE#         143
  C:1D93H         LINE#         144
  C:1D96H         LINE#         145
  C:1D99H         LINE#         147
  -------         ENDPROC       LED_PROC
  -------         PROC          GET_TIME
  C:1E6BH         LINE#         150
  C:1E6BH         LINE#         151
  C:1E6BH         LINE#         152
  -------         ENDPROC       GET_TIME
  -------         PROC          GET_TEMPERATURE
  C:0003H         LINE#         156
  C:0003H         LINE#         157
  C:0003H         LINE#         159
  C:001AH         LINE#         160
  -------         ENDPROC       GET_TEMPERATURE
  -------         PROC          AD_DA
  C:1AE7H         LINE#         163
  C:1AE7H         LINE#         164
  C:1AE7H         LINE#         166
  C:1AFFH         LINE#         167
  C:1B17H         LINE#         168
  -------         ENDPROC       AD_DA
  -------         PROC          DISTANCE_GET
  C:1E74H         LINE#         173
  C:1E74H         LINE#         174
  C:1E74H         LINE#         176
  C:1E7BH         LINE#         177
  -------         ENDPROC       DISTANCE_GET
  -------         PROC          UART_PROC
  -------         DO            
  D:0022H         SYMBOL        x
  D:0023H         SYMBOL        y
  -------         ENDDO         
  C:1634H         LINE#         180
  C:1634H         LINE#         181
  C:1634H         LINE#         183
  C:1639H         LINE#         184
  C:1645H         LINE#         185
  C:1645H         LINE#         186
  C:1649H         LINE#         187
  C:164CH         LINE#         189
  C:165EH         LINE#         190
  C:168AH         LINE#         191
  C:1696H         LINE#         193
  C:169DH         LINE#         195
  C:16AEH         LINE#         196
  C:16B2H         LINE#         197
  C:16B2H         LINE#         198
BL51 BANKED LINKER/LOCATER V6.22.2.0                                                  02/21/2026  12:23:35  PAGE 11


  -------         ENDPROC       UART_PROC
  -------         PROC          TIMER1_INIT
  C:1DC9H         LINE#         199
  C:1DC9H         LINE#         200
  C:1DC9H         LINE#         201
  C:1DCCH         LINE#         202
  C:1DCFH         LINE#         203
  C:1DD2H         LINE#         204
  C:1DD5H         LINE#         205
  C:1DD7H         LINE#         206
  C:1DD9H         LINE#         207
  C:1DDBH         LINE#         208
  C:1DDDH         LINE#         209
  -------         ENDPROC       TIMER1_INIT
  -------         PROC          TIMER0_INIT
  C:1E07H         LINE#         212
  C:1E07H         LINE#         213
  C:1E07H         LINE#         214
  C:1E0AH         LINE#         215
  C:1E0DH         LINE#         216
  C:1E10H         LINE#         217
  C:1E13H         LINE#         218
  C:1E15H         LINE#         219
  C:1E17H         LINE#         220
  C:1E19H         LINE#         222
  -------         ENDPROC       TIMER0_INIT
  -------         PROC          TIMER1_ISR
  C:131FH         LINE#         225
  C:133CH         LINE#         227
  C:1353H         LINE#         228
  C:135AH         LINE#         229
  C:136DH         LINE#         230
  C:136DH         LINE#         231
  C:1373H         LINE#         232
  C:1375H         LINE#         233
  C:1375H         LINE#         234
  C:137FH         LINE#         235
  C:137FH         LINE#         236
  C:1391H         LINE#         237
  C:1391H         LINE#         238
  C:1398H         LINE#         239
  C:13A3H         LINE#         240
  C:13A9H         LINE#         241
  C:13A9H         LINE#         243
  C:13B3H         LINE#         244
  C:13BCH         LINE#         245
  C:13C7H         LINE#         247
  C:13CAH         LINE#         248
  C:13D2H         LINE#         249
  -------         ENDPROC       TIMER1_ISR
  -------         PROC          UART1_ISR
  C:1727H         LINE#         252
  C:1744H         LINE#         254
  C:1747H         LINE#         255
  C:1747H         LINE#         256
  C:174BH         LINE#         257
  C:174FH         LINE#         258
BL51 BANKED LINKER/LOCATER V6.22.2.0                                                  02/21/2026  12:23:35  PAGE 12


  C:1759H         LINE#         259
  C:175BH         LINE#         260
  C:1767H         LINE#         261
  C:1767H         LINE#         262
  C:1769H         LINE#         263
  C:1778H         LINE#         264
  C:1778H         LINE#         265
  C:1778H         LINE#         266
  -------         ENDPROC       UART1_ISR
  -------         PROC          SCHEDULER_INIT
  C:001EH         LINE#         285
  C:001EH         LINE#         286
  C:001EH         LINE#         287
  C:0022H         LINE#         288
  -------         ENDPROC       SCHEDULER_INIT
  -------         PROC          SCHEDULER_RUN
  -------         DO            
  D:0022H         SYMBOL        i
  -------         DO            
  D:0023H         SYMBOL        now_time
  -------         ENDDO         
  -------         ENDDO         
  C:16B3H         LINE#         289
  C:16B3H         LINE#         290
  C:16B3H         LINE#         292
  C:16BEH         LINE#         293
  C:16BEH         LINE#         294
  C:16CAH         LINE#         295
  C:16FCH         LINE#         296
  C:16FCH         LINE#         297
  C:1710H         LINE#         298
  C:1722H         LINE#         299
  C:1722H         LINE#         300
  C:1726H         LINE#         301
  -------         ENDPROC       SCHEDULER_RUN
  -------         PROC          MAIN
  C:183BH         LINE#         302
  C:183BH         LINE#         303
  C:183BH         LINE#         304
  C:183EH         LINE#         305
  C:1841H         LINE#         306
  C:184AH         LINE#         308
  C:185BH         LINE#         309
  C:186CH         LINE#         310
  C:187DH         LINE#         311
  C:1880H         LINE#         312
  C:1883H         LINE#         313
  C:1886H         LINE#         314
  C:1886H         LINE#         315
  C:1886H         LINE#         316
  C:1889H         LINE#         317
  -------         ENDPROC       MAIN
  -------         ENDMOD        MAIN

  -------         MODULE        KEY
  C:0000H         SYMBOL        _ICE_DUMMY_
  D:0080H         PUBLIC        P0
BL51 BANKED LINKER/LOCATER V6.22.2.0                                                  02/21/2026  12:23:35  PAGE 13


  D:0090H         PUBLIC        P1
  D:00A0H         PUBLIC        P2
  D:00B0H         PUBLIC        P3
  D:00C0H         PUBLIC        P4
  D:00C8H         PUBLIC        P5
  D:00E8H         PUBLIC        P6
  D:00F8H         PUBLIC        P7
  C:152DH         PUBLIC        Key_Read
  D:00A8H         PUBLIC        IE
  D:00B8H         PUBLIC        IP
  D:00D8H         PUBLIC        CCON
  B:00B0H.0       PUBLIC        P30
  D:0098H         PUBLIC        SCON
  B:00B0H.1       PUBLIC        P31
  D:0088H         PUBLIC        TCON
  B:00B0H.2       PUBLIC        P32
  B:00C0H.2       PUBLIC        P42
  B:00B0H.3       PUBLIC        P33
  B:00C0H.4       PUBLIC        P44
  B:00B0H.5       PUBLIC        P35
  D:00D0H         PUBLIC        PSW
  -------         PROC          KEY_READ
  -------         DO            
  D:0007H         SYMBOL        temp
  -------         ENDDO         
  C:152DH         LINE#         4
  C:152DH         LINE#         5
  C:152DH         LINE#         6
  C:152FH         LINE#         18
  C:1535H         LINE#         19
  C:1539H         LINE#         20
  C:153FH         LINE#         21
  C:1544H         LINE#         22
  C:1549H         LINE#         23
  C:154EH         LINE#         24
  C:1553H         LINE#         26
  C:1559H         LINE#         27
  C:155FH         LINE#         28
  C:1565H         LINE#         29
  C:156AH         LINE#         30
  C:156FH         LINE#         31
  C:1578H         LINE#         32
  C:157DH         LINE#         33
  C:1582H         LINE#         35
  C:1588H         LINE#         36
  C:158EH         LINE#         37
  C:1594H         LINE#         38
  C:1599H         LINE#         39
  C:159EH         LINE#         40
  C:15A3H         LINE#         41
  C:15A8H         LINE#         54
  C:15AEH         LINE#         55
  C:15B1H         LINE#         62
  C:15B1H         LINE#         64
  -------         ENDPROC       KEY_READ
  -------         ENDMOD        KEY

BL51 BANKED LINKER/LOCATER V6.22.2.0                                                  02/21/2026  12:23:35  PAGE 14


  -------         MODULE        SEG
  C:0000H         SYMBOL        _ICE_DUMMY_
  D:0080H         PUBLIC        P0
  D:0090H         PUBLIC        P1
  D:00A0H         PUBLIC        P2
  D:00B0H         PUBLIC        P3
  D:00C0H         PUBLIC        P4
  D:00C8H         PUBLIC        P5
  D:00E8H         PUBLIC        P6
  D:00F8H         PUBLIC        P7
  X:002AH         PUBLIC        Seg_Dula
  D:00A8H         PUBLIC        IE
  C:188BH         PUBLIC        _Seg_Disp
  D:00B8H         PUBLIC        IP
  D:00D8H         PUBLIC        CCON
  D:0098H         PUBLIC        SCON
  D:0088H         PUBLIC        TCON
  D:00D0H         PUBLIC        PSW
  -------         PROC          _SEG_DISP
  D:0007H         SYMBOL        Wela
  D:0005H         SYMBOL        Dula
  B:0021H.3       SYMBOL        Point
  -------         DO            
  D:0006H         SYMBOL        temp
  -------         ENDDO         
  C:188BH         LINE#         7
  C:188BH         LINE#         8
  C:188BH         LINE#         12
  C:188EH         LINE#         14
  C:1893H         LINE#         15
  C:1896H         LINE#         16
  C:1898H         LINE#         17
  C:189DH         LINE#         18
  C:189FH         LINE#         21
  C:18ACH         LINE#         23
  C:18B1H         LINE#         24
  C:18B4H         LINE#         25
  C:18B6H         LINE#         26
  C:18BAH         LINE#         27
  C:18BCH         LINE#         30
  C:18C3H         LINE#         32
  C:18C9H         LINE#         34
  C:18CEH         LINE#         35
  C:18D1H         LINE#         36
  C:18D3H         LINE#         37
  C:18D7H         LINE#         38
  C:18D9H         LINE#         40
  -------         ENDPROC       _SEG_DISP
  -------         ENDMOD        SEG

  -------         MODULE        LED
  C:0000H         SYMBOL        _ICE_DUMMY_
  C:1BA9H         PUBLIC        Relay
  D:0080H         PUBLIC        P0
  D:0090H         PUBLIC        P1
  D:00A0H         PUBLIC        P2
  D:00B0H         PUBLIC        P3
BL51 BANKED LINKER/LOCATER V6.22.2.0                                                  02/21/2026  12:23:35  PAGE 15


  D:00C0H         PUBLIC        P4
  D:00C8H         PUBLIC        P5
  D:00E8H         PUBLIC        P6
  D:00F8H         PUBLIC        P7
  C:15B2H         PUBLIC        _Led_Disp
  D:00A8H         PUBLIC        IE
  C:1D9AH         PUBLIC        Led_Off
  C:1B7DH         PUBLIC        Motor
  D:00B8H         PUBLIC        IP
  D:00D8H         PUBLIC        CCON
  D:0098H         PUBLIC        SCON
  D:0088H         PUBLIC        TCON
  I:0009H         PUBLIC        temp_1
  I:000AH         PUBLIC        temp_2
  I:000BH         PUBLIC        temp_1_old
  I:000CH         PUBLIC        temp_2_old
  D:00D0H         PUBLIC        PSW
  C:1B51H         PUBLIC        Beep
  -------         PROC          _LED_DISP
  D:0001H         SYMBOL        ucLed
  -------         DO            
  D:0006H         SYMBOL        temp
  -------         ENDDO         
  C:15B2H         LINE#         6
  C:15B2H         LINE#         7
  C:15B2H         LINE#         9
  C:15B6H         LINE#         10
  C:1612H         LINE#         13
  C:1618H         LINE#         14
  C:1618H         LINE#         15
  C:161FH         LINE#         17
  C:1624H         LINE#         18
  C:1627H         LINE#         19
  C:1629H         LINE#         20
  C:162DH         LINE#         21
  C:162FH         LINE#         23
  C:1633H         LINE#         24
  C:1633H         LINE#         25
  -------         ENDPROC       _LED_DISP
  -------         PROC          LED_OFF
  -------         DO            
  D:0007H         SYMBOL        temp
  -------         ENDDO         
  C:1D9AH         LINE#         27
  C:1D9AH         LINE#         28
  C:1D9AH         LINE#         31
  C:1D9DH         LINE#         33
  C:1DA2H         LINE#         34
  C:1DA5H         LINE#         35
  C:1DA7H         LINE#         36
  C:1DABH         LINE#         37
  C:1DADH         LINE#         39
  C:1DB1H         LINE#         40
  -------         ENDPROC       LED_OFF
  -------         PROC          BEEP
  B:0021H.4       SYMBOL        enable
  -------         DO            
BL51 BANKED LINKER/LOCATER V6.22.2.0                                                  02/21/2026  12:23:35  PAGE 16


  D:0006H         SYMBOL        temp
  -------         ENDDO         
  C:1B51H         LINE#         45
  C:1B51H         LINE#         46
  C:1B51H         LINE#         48
  C:1B57H         LINE#         49
  C:1B57H         LINE#         50
  C:1B5AH         LINE#         51
  C:1B5CH         LINE#         52
  C:1B5CH         LINE#         53
  C:1B5FH         LINE#         54
  C:1B5FH         LINE#         55
  C:1B68H         LINE#         56
  C:1B68H         LINE#         57
  C:1B6AH         LINE#         59
  C:1B6FH         LINE#         60
  C:1B72H         LINE#         61
  C:1B74H         LINE#         62
  C:1B78H         LINE#         63
  C:1B7AH         LINE#         65
  C:1B7CH         LINE#         66
  C:1B7CH         LINE#         67
  -------         ENDPROC       BEEP
  -------         PROC          MOTOR
  B:0021H.5       SYMBOL        enable
  -------         DO            
  D:0006H         SYMBOL        temp
  -------         ENDDO         
  C:1B7DH         LINE#         69
  C:1B7DH         LINE#         70
  C:1B7DH         LINE#         72
  C:1B83H         LINE#         73
  C:1B83H         LINE#         74
  C:1B86H         LINE#         75
  C:1B88H         LINE#         76
  C:1B88H         LINE#         77
  C:1B8BH         LINE#         78
  C:1B8BH         LINE#         79
  C:1B94H         LINE#         80
  C:1B94H         LINE#         81
  C:1B96H         LINE#         83
  C:1B9BH         LINE#         84
  C:1B9EH         LINE#         85
  C:1BA0H         LINE#         86
  C:1BA4H         LINE#         87
  C:1BA6H         LINE#         89
  C:1BA8H         LINE#         90
  C:1BA8H         LINE#         91
  -------         ENDPROC       MOTOR
  -------         PROC          RELAY
  B:0021H.6       SYMBOL        enable
  -------         DO            
  D:0006H         SYMBOL        temp
  -------         ENDDO         
  C:1BA9H         LINE#         93
  C:1BA9H         LINE#         94
  C:1BA9H         LINE#         96
BL51 BANKED LINKER/LOCATER V6.22.2.0                                                  02/21/2026  12:23:35  PAGE 17


  C:1BAFH         LINE#         97
  C:1BAFH         LINE#         98
  C:1BB2H         LINE#         99
  C:1BB4H         LINE#         100
  C:1BB4H         LINE#         101
  C:1BB7H         LINE#         102
  C:1BB7H         LINE#         103
  C:1BC0H         LINE#         104
  C:1BC0H         LINE#         105
  C:1BC2H         LINE#         107
  C:1BC7H         LINE#         108
  C:1BCAH         LINE#         109
  C:1BCCH         LINE#         110
  C:1BD0H         LINE#         111
  C:1BD2H         LINE#         113
  C:1BD4H         LINE#         114
  C:1BD4H         LINE#         115
  -------         ENDPROC       RELAY
  -------         ENDMOD        LED

  -------         MODULE        INIT
  C:0000H         SYMBOL        _ICE_DUMMY_
  C:1C27H         PUBLIC        System_Init
  D:0080H         PUBLIC        P0
  D:0090H         PUBLIC        P1
  D:00A0H         PUBLIC        P2
  D:00B0H         PUBLIC        P3
  D:00C0H         PUBLIC        P4
  D:00C8H         PUBLIC        P5
  D:00E8H         PUBLIC        P6
  D:00F8H         PUBLIC        P7
  D:00A8H         PUBLIC        IE
  D:00B8H         PUBLIC        IP
  D:00D8H         PUBLIC        CCON
  D:0098H         PUBLIC        SCON
  D:0088H         PUBLIC        TCON
  D:00D0H         PUBLIC        PSW
  -------         PROC          SYSTEM_INIT
  -------         DO            
  D:0007H         SYMBOL        temp
  -------         ENDDO         
  C:1C27H         LINE#         2
  C:1C27H         LINE#         3
  C:1C27H         LINE#         6
  C:1C2AH         LINE#         8
  C:1C2FH         LINE#         9
  C:1C32H         LINE#         10
  C:1C34H         LINE#         11
  C:1C38H         LINE#         12
  C:1C3AH         LINE#         15
  C:1C3DH         LINE#         16
  C:1C42H         LINE#         17
  C:1C45H         LINE#         18
  C:1C47H         LINE#         19
  C:1C4BH         LINE#         20
  C:1C4DH         LINE#         23
  -------         ENDPROC       SYSTEM_INIT
BL51 BANKED LINKER/LOCATER V6.22.2.0                                                  02/21/2026  12:23:35  PAGE 18


  -------         ENDMOD        INIT

  -------         MODULE        DS1302
  C:0000H         SYMBOL        _ICE_DUMMY_
  D:0080H         PUBLIC        P0
  D:0090H         PUBLIC        P1
  D:00A0H         PUBLIC        P2
  D:00B0H         PUBLIC        P3
  D:00C0H         PUBLIC        P4
  D:00C8H         PUBLIC        P5
  B:00A8H.7       PUBLIC        EA
  D:00E8H         PUBLIC        P6
  D:00F8H         PUBLIC        P7
  C:19F6H         PUBLIC        _Read_Rtc
  D:00A8H         PUBLIC        IE
  D:00B8H         PUBLIC        IP
  D:00D8H         PUBLIC        CCON
  D:0098H         PUBLIC        SCON
  D:0088H         PUBLIC        TCON
  C:1793H         PUBLIC        _Set_Rtc
  C:1A37H         PUBLIC        _Read_Ds1302_Byte
  B:00A0H.3       PUBLIC        SDA
  B:0090H.7       PUBLIC        SCK
  C:1DF3H         PUBLIC        _Write_Ds1302_Byte
  C:1D47H         PUBLIC        _Write_Ds1302
  B:0090H.3       PUBLIC        RST
  D:00D0H         PUBLIC        PSW
  -------         PROC          _WRITE_DS1302
  D:0007H         SYMBOL        temp
  -------         DO            
  D:0006H         SYMBOL        i
  -------         ENDDO         
  C:1D47H         LINE#         11
  C:1D47H         LINE#         12
  C:1D47H         LINE#         14
  C:1D53H         LINE#         15
  C:1D53H         LINE#         16
  C:1D55H         LINE#         17
  C:1D59H         LINE#         18
  C:1D5DH         LINE#         19
  C:1D5FH         LINE#         20
  C:1D62H         LINE#         21
  -------         ENDPROC       _WRITE_DS1302
  -------         PROC          _WRITE_DS1302_BYTE
  D:0007H         SYMBOL        address
  D:0005H         SYMBOL        dat
  C:1DF3H         LINE#         24
  C:1DF3H         LINE#         25
  C:1DF3H         LINE#         26
  C:1DF6H         LINE#         27
  C:1DF9H         LINE#         28
  C:1DFCH         LINE#         29
  C:1DFFH         LINE#         30
  C:1E04H         LINE#         31
  C:1E06H         LINE#         32
  -------         ENDPROC       _WRITE_DS1302_BYTE
  -------         PROC          _READ_DS1302_BYTE
BL51 BANKED LINKER/LOCATER V6.22.2.0                                                  02/21/2026  12:23:35  PAGE 19


  D:0007H         SYMBOL        address
  -------         DO            
  D:0007H         SYMBOL        i
  D:0005H         SYMBOL        temp
  -------         ENDDO         
  C:1A37H         LINE#         35
  C:1A37H         LINE#         36
  C:1A37H         LINE#         37
  C:1A39H         LINE#         38
  C:1A3CH         LINE#         39
  C:1A3FH         LINE#         40
  C:1A42H         LINE#         41
  C:1A45H         LINE#         42
  C:1A51H         LINE#         43
  C:1A51H         LINE#         44
  C:1A53H         LINE#         45
  C:1A57H         LINE#         46
  C:1A5AH         LINE#         47
  C:1A5DH         LINE#         48
  C:1A5FH         LINE#         49
  C:1A62H         LINE#         50
  C:1A65H         LINE#         51
  C:1A68H         LINE#         52
  C:1A6BH         LINE#         53
  C:1A6EH         LINE#         54
  C:1A71H         LINE#         55
  C:1A73H         LINE#         56
  -------         ENDPROC       _READ_DS1302_BYTE
  -------         PROC          _SET_RTC
  D:0022H         SYMBOL        ucRtc
  -------         DO            
  D:0004H         SYMBOL        i
  -------         ENDDO         
  C:1793H         LINE#         59
  C:1799H         LINE#         60
  C:1799H         LINE#         62
  C:17A0H         LINE#         63
  C:17A7H         LINE#         64
  C:17B3H         LINE#         65
  C:17B3H         LINE#         66
  C:17DFH         LINE#         67
  C:17E2H         LINE#         68
  -------         ENDPROC       _SET_RTC
  -------         PROC          _READ_RTC
  D:0022H         SYMBOL        ucRtc
  -------         DO            
  D:0004H         SYMBOL        i
  D:0007H         SYMBOL        temp
  -------         ENDDO         
  C:19F6H         LINE#         72
  C:19FCH         LINE#         73
  C:19FCH         LINE#         76
  C:19FEH         LINE#         77
  C:1A0AH         LINE#         78
  C:1A0AH         LINE#         79
  C:1A16H         LINE#         80
  C:1A31H         LINE#         81
BL51 BANKED LINKER/LOCATER V6.22.2.0                                                  02/21/2026  12:23:35  PAGE 20


  C:1A34H         LINE#         82
  C:1A36H         LINE#         83
  -------         ENDPROC       _READ_RTC
  -------         ENDMOD        DS1302

  -------         MODULE        ONEWIRE
  C:0000H         SYMBOL        _ICE_DUMMY_
  D:0080H         PUBLIC        P0
  D:0090H         PUBLIC        P1
  D:00A0H         PUBLIC        P2
  D:00B0H         PUBLIC        P3
  D:00C0H         PUBLIC        P4
  C:1CE8H         PUBLIC        Read_DS18B20
  D:00C8H         PUBLIC        P5
  D:00E8H         PUBLIC        P6
  D:00F8H         PUBLIC        P7
  D:00A8H         PUBLIC        IE
  C:1D0FH         PUBLIC        _Delay_OneWire
  C:1C4EH         PUBLIC        _Write_DS18B20
  B:0090H.4       PUBLIC        DQ
  D:00B8H         PUBLIC        IP
  C:1C75H         PUBLIC        init_ds18b20
  D:00D8H         PUBLIC        CCON
  D:0098H         PUBLIC        SCON
  D:0088H         PUBLIC        TCON
  C:1A74H         PUBLIC        rd_temperature
  D:00D0H         PUBLIC        PSW
  C:1D0BH         SYMBOL        L?0020
  -------         PROC          L?0019
  -------         ENDPROC       L?0019
  C:1D0BH         SYMBOL        L?0020
  -------         PROC          _DELAY_ONEWIRE
  D:0006H         SYMBOL        t
  -------         DO            
  D:0005H         SYMBOL        i
  -------         ENDDO         
  C:1D0FH         LINE#         9
  C:1D0FH         LINE#         10
  C:1D0FH         LINE#         12
  C:1D19H         LINE#         13
  C:1D28H         LINE#         14
  C:1D28H         LINE#         15
  -------         ENDPROC       _DELAY_ONEWIRE
  -------         PROC          _WRITE_DS18B20
  D:0001H         SYMBOL        dat
  -------         DO            
  D:0003H         SYMBOL        i
  -------         ENDDO         
  C:1C4EH         LINE#         18
  C:1C50H         LINE#         19
  C:1C50H         LINE#         21
  C:1C5CH         LINE#         22
  C:1C5CH         LINE#         23
  C:1C5EH         LINE#         24
  C:1C62H         LINE#         25
  C:1C65H         LINE#         26
  C:1C67H         LINE#         27
BL51 BANKED LINKER/LOCATER V6.22.2.0                                                  02/21/2026  12:23:35  PAGE 21


  C:1C6BH         LINE#         28
  C:1C6EH         LINE#         29
  -------         ENDPROC       _WRITE_DS18B20
  -------         PROC          READ_DS18B20
  -------         DO            
  D:0003H         SYMBOL        i
  D:0004H         SYMBOL        dat
  -------         ENDDO         
  C:1CE8H         LINE#         33
  C:1CE8H         LINE#         34
  C:1CE8H         LINE#         38
  C:1CF4H         LINE#         39
  C:1CF4H         LINE#         40
  C:1CF6H         LINE#         41
  C:1CFAH         LINE#         42
  C:1CFCH         LINE#         43
  C:1CFFH         LINE#         44
  C:1CFFH         LINE#         45
  C:1D02H         LINE#         46
  C:1D02H         LINE#         47
  C:1D05H         LINE#         48
  C:1D08H         LINE#         49
  C:1D0AH         LINE#         50
  -------         ENDPROC       READ_DS18B20
  -------         PROC          INIT_DS18B20
  -------         DO            
  B:0020H.0       SYMBOL        initflag
  -------         ENDDO         
  C:1C75H         LINE#         53
  C:1C75H         LINE#         54
  C:1C75H         LINE#         55
  C:1C77H         LINE#         57
  C:1C79H         LINE#         58
  C:1C80H         LINE#         59
  C:1C82H         LINE#         60
  C:1C89H         LINE#         61
  C:1C8BH         LINE#         62
  C:1C92H         LINE#         63
  C:1C96H         LINE#         64
  C:1C99H         LINE#         66
  C:1C9BH         LINE#         67
  -------         ENDPROC       INIT_DS18B20
  -------         PROC          RD_TEMPERATURE
  -------         DO            
  D:0007H         SYMBOL        high
  D:0001H         SYMBOL        low
  -------         ENDDO         
  C:1A74H         LINE#         70
  C:1A74H         LINE#         71
  C:1A74H         LINE#         74
  C:1A77H         LINE#         75
  C:1A7CH         LINE#         76
  C:1A81H         LINE#         78
  C:1A88H         LINE#         80
  C:1A8BH         LINE#         81
  C:1A90H         LINE#         82
  C:1A95H         LINE#         84
BL51 BANKED LINKER/LOCATER V6.22.2.0                                                  02/21/2026  12:23:35  PAGE 22


  C:1A9AH         LINE#         85
  C:1A9DH         LINE#         87
  -------         ENDPROC       RD_TEMPERATURE
  -------         ENDMOD        ONEWIRE

  -------         MODULE        IIC
  C:0000H         SYMBOL        _ICE_DUMMY_
  D:0080H         PUBLIC        P0
  D:0090H         PUBLIC        P1
  D:00A0H         PUBLIC        P2
  D:00B0H         PUBLIC        P3
  C:1CC3H         PUBLIC        _Ad_Read
  D:00C0H         PUBLIC        P4
  D:00C8H         PUBLIC        P5
  B:00A8H.7       PUBLIC        EA
  D:00E8H         PUBLIC        P6
  D:00F8H         PUBLIC        P7
  D:00A8H         PUBLIC        IE
  C:1CADH         SYMBOL        _I2C_Delay
  C:1DDEH         PUBLIC        _Da_Write
  D:00B8H         PUBLIC        IP
  C:1BD5H         PUBLIC        I2CReceiveByte
  D:00D8H         PUBLIC        CCON
  C:18DAH         PUBLIC        _EEPROM_Read
  D:0098H         PUBLIC        SCON
  D:0088H         PUBLIC        TCON
  B:00A0H.1       PUBLIC        sda
  C:1929H         PUBLIC        _EEPROM_Write
  B:00A0H.0       PUBLIC        scl
  C:1E1AH         PUBLIC        I2CStart
  C:1D63H         PUBLIC        _I2CSendAck
  C:1B1CH         PUBLIC        _I2CSendByte
  C:1C11H         PUBLIC        I2CWaitAck
  C:1E51H         PUBLIC        I2CStop
  D:00D0H         PUBLIC        PSW
  -------         PROC          L?0035
  -------         ENDPROC       L?0035
  -------         PROC          _I2C_DELAY
  D:0007H         SYMBOL        n
  C:1CADH         LINE#         13
  C:1CADH         LINE#         14
  C:1CADH         LINE#         16
  C:1CADH         LINE#         17
  C:1CB2H         LINE#         18
  C:1CB7H         LINE#         19
  C:1CBCH         LINE#         20
  C:1CBCH         LINE#         21
  C:1CC2H         LINE#         22
  -------         ENDPROC       _I2C_DELAY
  -------         PROC          I2CSTART
  C:1E1AH         LINE#         25
  C:1E1AH         LINE#         26
  C:1E1AH         LINE#         27
  C:1E1CH         LINE#         28
  C:1E1EH         LINE#         29
  C:1E23H         LINE#         30
  C:1E25H         LINE#         31
BL51 BANKED LINKER/LOCATER V6.22.2.0                                                  02/21/2026  12:23:35  PAGE 23


  C:1E2AH         LINE#         32
  C:1E2CH         LINE#         33
  -------         ENDPROC       I2CSTART
  -------         PROC          I2CSTOP
  C:1E51H         LINE#         36
  C:1E51H         LINE#         37
  C:1E51H         LINE#         38
  C:1E53H         LINE#         39
  C:1E55H         LINE#         40
  C:1E5AH         LINE#         41
  C:1E5CH         LINE#         42
  -------         ENDPROC       I2CSTOP
  -------         PROC          _I2CSENDBYTE
  D:0005H         SYMBOL        byt
  -------         DO            
  D:0004H         SYMBOL        i
  -------         ENDDO         
  C:1B1CH         LINE#         46
  C:1B1EH         LINE#         47
  C:1B1EH         LINE#         50
  C:1B2AH         LINE#         51
  C:1B2CH         LINE#         52
  C:1B31H         LINE#         53
  C:1B35H         LINE#         54
  C:1B37H         LINE#         55
  C:1B39H         LINE#         56
  C:1B39H         LINE#         57
  C:1B3BH         LINE#         58
  C:1B3BH         LINE#         59
  C:1B40H         LINE#         60
  C:1B42H         LINE#         61
  C:1B46H         LINE#         62
  C:1B4BH         LINE#         63
  C:1B4EH         LINE#         65
  C:1B50H         LINE#         66
  -------         ENDPROC       _I2CSENDBYTE
  -------         PROC          I2CRECEIVEBYTE
  -------         DO            
  D:0005H         SYMBOL        da
  D:0004H         SYMBOL        i
  -------         ENDDO         
  C:1BD5H         LINE#         69
  C:1BD5H         LINE#         70
  C:1BD5H         LINE#         73
  C:1BE1H         LINE#         74
  C:1BE3H         LINE#         75
  C:1BE8H         LINE#         76
  C:1BECH         LINE#         77
  C:1BEFH         LINE#         78
  C:1BF2H         LINE#         79
  C:1BF4H         LINE#         80
  C:1BF9H         LINE#         81
  C:1BFCH         LINE#         82
  C:1BFEH         LINE#         83
  -------         ENDPROC       I2CRECEIVEBYTE
  C:1C06H         SYMBOL        L?0037
  -------         PROC          L?0036
BL51 BANKED LINKER/LOCATER V6.22.2.0                                                  02/21/2026  12:23:35  PAGE 24


  -------         ENDPROC       L?0036
  C:1C06H         SYMBOL        L?0037
  -------         PROC          I2CWAITACK
  -------         DO            
  D:0005H         SYMBOL        ackbit
  -------         ENDDO         
  C:1C11H         LINE#         86
  C:1C11H         LINE#         87
  C:1C11H         LINE#         90
  C:1C13H         LINE#         91
  C:1C18H         LINE#         92
  C:1C1DH         LINE#         93
  C:1C1FH         LINE#         94
  C:1C24H         LINE#         96
  C:1C26H         LINE#         97
  -------         ENDPROC       I2CWAITACK
  -------         PROC          _I2CSENDACK
  D:0007H         SYMBOL        ackbit
  C:1D63H         LINE#         100
  C:1D63H         LINE#         101
  C:1D63H         LINE#         102
  C:1D65H         LINE#         103
  C:1D6AH         LINE#         104
  C:1D6FH         LINE#         105
  C:1D71H         LINE#         106
  C:1D76H         LINE#         107
  C:1D78H         LINE#         108
  C:1D7AH         LINE#         109
  -------         ENDPROC       _I2CSENDACK
  -------         PROC          _AD_READ
  D:0003H         SYMBOL        addr
  -------         DO            
  D:0005H         SYMBOL        temp
  -------         ENDDO         
  C:1CC3H         LINE#         120
  C:1CC5H         LINE#         121
  C:1CC5H         LINE#         124
  C:1CC8H         LINE#         125
  C:1CCAH         LINE#         126
  C:1CCAH         LINE#         127
  C:1CCAH         LINE#         128
  C:1CCDH         LINE#         130
  C:1CD0H         LINE#         131
  C:1CD5H         LINE#         132
  C:1CD8H         LINE#         133
  C:1CDDH         LINE#         135
  C:1CE2H         LINE#         136
  C:1CE5H         LINE#         138
  C:1CE7H         LINE#         139
  -------         ENDPROC       _AD_READ
  -------         PROC          _DA_WRITE
  D:0003H         SYMBOL        dat
  C:1DDEH         LINE#         142
  C:1DE0H         LINE#         143
  C:1DE0H         LINE#         144
  C:1DE3H         LINE#         145
  C:1DE8H         LINE#         146
BL51 BANKED LINKER/LOCATER V6.22.2.0                                                  02/21/2026  12:23:35  PAGE 25


  C:1DEBH         LINE#         147
  C:1DEDH         LINE#         148
  C:1DEDH         LINE#         149
  C:1DEDH         LINE#         150
  C:1DF0H         LINE#         151
  -------         ENDPROC       _DA_WRITE
  -------         PROC          _EEPROM_WRITE
  D:0022H         SYMBOL        str
  D:0003H         SYMBOL        addr
  D:0026H         SYMBOL        num
  C:1929H         LINE#         155
  C:192FH         LINE#         156
  C:192FH         LINE#         157
  C:192FH         LINE#         158
  C:192FH         LINE#         159
  C:192FH         LINE#         160
  C:192FH         LINE#         161
  C:1932H         LINE#         164
  C:193FH         LINE#         165
  C:193FH         LINE#         166
  C:1954H         LINE#         167
  C:1957H         LINE#         168
  C:195CH         LINE#         169
  C:195EH         LINE#         170
  C:1961H         LINE#         171
  C:1961H         LINE#         172
  C:1961H         LINE#         173
  C:1961H         LINE#         174
  C:1964H         LINE#         175
  C:1969H         LINE#         176
  C:1969H         LINE#         177
  C:1969H         LINE#         178
  C:1969H         LINE#         179
  C:196CH         LINE#         180
  -------         ENDPROC       _EEPROM_WRITE
  -------         PROC          _EEPROM_READ
  D:0022H         SYMBOL        str
  D:0003H         SYMBOL        addr
  D:0026H         SYMBOL        num
  C:18DAH         LINE#         184
  C:18E0H         LINE#         185
  C:18E0H         LINE#         186
  C:18E0H         LINE#         187
  C:18E0H         LINE#         188
  C:18E0H         LINE#         189
  C:18E0H         LINE#         190
  C:18E3H         LINE#         192
  C:18E6H         LINE#         193
  C:18EBH         LINE#         194
  C:18EEH         LINE#         195
  C:18F0H         LINE#         196
  C:18FDH         LINE#         197
  C:18FDH         LINE#         198
  C:1912H         LINE#         199
  C:1918H         LINE#         200
  C:191CH         LINE#         202
  C:1921H         LINE#         203
BL51 BANKED LINKER/LOCATER V6.22.2.0                                                  02/21/2026  12:23:35  PAGE 26


  C:1923H         LINE#         204
  C:1926H         LINE#         205
  C:1928H         LINE#         206
  -------         ENDPROC       _EEPROM_READ
  -------         ENDMOD        IIC

  -------         MODULE        ULTRASOUND
  C:0000H         SYMBOL        _ICE_DUMMY_
  D:0080H         PUBLIC        P0
  D:0090H         PUBLIC        P1
  D:00A0H         PUBLIC        P2
  D:00B0H         PUBLIC        P3
  D:00C0H         PUBLIC        P4
  D:00C8H         PUBLIC        P5
  B:00A8H.7       PUBLIC        EA
  D:00E8H         PUBLIC        P6
  D:00F8H         PUBLIC        P7
  B:00D8H.7       PUBLIC        CF
  D:00F9H         PUBLIC        CH
  D:00A8H         PUBLIC        IE
  D:00E9H         PUBLIC        CL
  B:00D8H.6       PUBLIC        CR
  D:00B8H         PUBLIC        IP
  C:1AAFH         PUBLIC        Ut_Wave_Data
  D:00D9H         PUBLIC        CMOD
  D:00D8H         PUBLIC        CCON
  B:0090H.1       PUBLIC        US_RX
  D:0098H         PUBLIC        SCON
  B:0090H.0       PUBLIC        US_TX
  D:0088H         PUBLIC        TCON
  C:1D29H         PUBLIC        Ut_Wave_Init
  C:1E84H         PUBLIC        Delay12us
  D:00D0H         PUBLIC        PSW
  -------         PROC          DELAY12US
  -------         DO            
  D:0007H         SYMBOL        i
  -------         ENDDO         
  C:1E84H         LINE#         17
  C:1E84H         LINE#         18
  C:1E84H         LINE#         21
  C:1E85H         LINE#         22
  C:1E87H         LINE#         23
  C:1E89H         LINE#         24
  -------         ENDPROC       DELAY12US
  -------         PROC          UT_WAVE_INIT
  -------         DO            
  D:0006H         SYMBOL        i
  -------         ENDDO         
  C:1D29H         LINE#         26
  C:1D29H         LINE#         27
  C:1D29H         LINE#         29
  C:1D2BH         LINE#         30
  C:1D37H         LINE#         31
  C:1D37H         LINE#         32
  C:1D39H         LINE#         33
  C:1D3CH         LINE#         34
  C:1D3EH         LINE#         35
BL51 BANKED LINKER/LOCATER V6.22.2.0                                                  02/21/2026  12:23:35  PAGE 27


  C:1D41H         LINE#         36
  C:1D44H         LINE#         37
  C:1D46H         LINE#         38
  -------         ENDPROC       UT_WAVE_INIT
  -------         PROC          UT_WAVE_DATA
  -------         DO            
  D:0006H         SYMBOL        time
  -------         ENDDO         
  C:1AAFH         LINE#         39
  C:1AAFH         LINE#         40
  C:1AAFH         LINE#         42
  C:1AB2H         LINE#         43
  C:1AB6H         LINE#         44
  C:1AB9H         LINE#         45
  C:1ABBH         LINE#         46
  C:1AC1H         LINE#         48
  C:1AC3H         LINE#         50
  C:1AC6H         LINE#         51
  C:1AC6H         LINE#         52
  C:1ACEH         LINE#         53
  C:1AE2H         LINE#         54
  C:1AE2H         LINE#         55
  C:1AE2H         LINE#         56
  C:1AE4H         LINE#         57
  C:1AE6H         LINE#         58
  C:1AE6H         LINE#         59
  -------         ENDPROC       UT_WAVE_DATA
  -------         ENDMOD        ULTRASOUND

  -------         MODULE        UART
  C:0000H         SYMBOL        _ICE_DUMMY_
  D:0080H         PUBLIC        P0
  D:0090H         PUBLIC        P1
  D:00A0H         PUBLIC        P2
  D:00B0H         PUBLIC        P3
  D:00C0H         PUBLIC        P4
  D:00C8H         PUBLIC        P5
  B:00A8H.7       PUBLIC        EA
  D:00E8H         PUBLIC        P6
  D:00F8H         PUBLIC        P7
  D:00A8H         PUBLIC        IE
  B:00A8H.4       PUBLIC        ES
  D:00B8H         PUBLIC        IP
  B:0098H.1       PUBLIC        TI
  D:00D8H         PUBLIC        CCON
  D:0099H         PUBLIC        SBUF
  D:0098H         PUBLIC        SCON
  D:0088H         PUBLIC        TCON
  D:008EH         PUBLIC        AUXR
  C:1DB2H         PUBLIC        Uart1_Init
  D:00D6H         PUBLIC        T2H
  D:00D7H         PUBLIC        T2L
  D:00D0H         PUBLIC        PSW
  C:1E7CH         PUBLIC        _putchar
  -------         PROC          UART1_INIT
  C:1DB2H         LINE#         3
  C:1DB2H         LINE#         4
BL51 BANKED LINKER/LOCATER V6.22.2.0                                                  02/21/2026  12:23:35  PAGE 28


  C:1DB2H         LINE#         5
  C:1DB5H         LINE#         6
  C:1DB8H         LINE#         7
  C:1DBBH         LINE#         8
  C:1DBEH         LINE#         9
  C:1DC1H         LINE#         10
  C:1DC4H         LINE#         11
  C:1DC6H         LINE#         12
  C:1DC8H         LINE#         13
  -------         ENDPROC       UART1_INIT
  -------         PROC          _PUTCHAR
  D:0007H         SYMBOL        ch
  C:1E7CH         LINE#         16
  C:1E7CH         LINE#         17
  C:1E7CH         LINE#         18
  C:1E7EH         LINE#         19
  C:1E81H         LINE#         21
  C:1E83H         LINE#         22
  C:1E83H         LINE#         23
  -------         ENDPROC       _PUTCHAR
  -------         ENDMOD        UART

  -------         MODULE        ?C?FPMUL
  C:0026H         PUBLIC        ?C?FPMUL
  -------         ENDMOD        ?C?FPMUL

  -------         MODULE        ?C?FCAST
  C:0136H         PUBLIC        ?C?FCASTC
  C:0131H         PUBLIC        ?C?FCASTI
  C:012CH         PUBLIC        ?C?FCASTL
  -------         ENDMOD        ?C?FCAST

  -------         MODULE        ?C?CASTF
  C:016AH         PUBLIC        ?C?CASTF
  -------         ENDMOD        ?C?CASTF

  -------         MODULE        PRINTF
  D:0024H         PUBLIC        ?_PRINTF?BYTE
  D:0024H         PUBLIC        ?_SPRINTF?BYTE
  C:0861H         PUBLIC        _PRINTF
  C:085BH         PUBLIC        _SPRINTF
  -------         ENDMOD        PRINTF

  -------         MODULE        SCANF
  D:0024H         PUBLIC        ?_SCANF?BYTE
  D:0024H         PUBLIC        ?_SSCANF?BYTE
  C:0CF0H         PUBLIC        _SCANF
  C:0CECH         PUBLIC        _SSCANF
  -------         ENDMOD        SCANF

  -------         MODULE        ?C?FPROUND
  C:01EBH         PUBLIC        ?C?FPROUND
  -------         ENDMOD        ?C?FPROUND

  -------         MODULE        ?C?FPCONVERT
  C:021AH         PUBLIC        ?C?FPCONVERT
  -------         ENDMOD        ?C?FPCONVERT
BL51 BANKED LINKER/LOCATER V6.22.2.0                                                  02/21/2026  12:23:35  PAGE 29



  -------         MODULE        ?C?FPADD
  C:0324H         PUBLIC        ?C?FPADD
  C:0320H         PUBLIC        ?C?FPSUB
  -------         ENDMOD        ?C?FPADD

  -------         MODULE        ?C?FPDIV
  C:0418H         PUBLIC        ?C?FPDIV
  -------         ENDMOD        ?C?FPDIV

  -------         MODULE        ?C?FPNEG
  C:04B5H         PUBLIC        ?C?FPNEG
  -------         ENDMOD        ?C?FPNEG

  -------         MODULE        ?C?FTNPWR
  C:04F6H         PUBLIC        ?C?FTNPWR
  -------         ENDMOD        ?C?FTNPWR

  -------         MODULE        ?C?CLDPTR
  C:0536H         PUBLIC        ?C?CLDPTR
  -------         ENDMOD        ?C?CLDPTR

  -------         MODULE        ?C?CLDOPTR
  C:054FH         PUBLIC        ?C?CLDOPTR
  -------         ENDMOD        ?C?CLDOPTR

  -------         MODULE        ?C?CSTPTR
  C:057CH         PUBLIC        ?C?CSTPTR
  -------         ENDMOD        ?C?CSTPTR

  -------         MODULE        ?C?CSTOPTR
  C:058EH         PUBLIC        ?C?CSTOPTR
  -------         ENDMOD        ?C?CSTOPTR

  -------         MODULE        ?C?UIDIV
  C:05B0H         PUBLIC        ?C?UIDIV
  -------         ENDMOD        ?C?UIDIV

  -------         MODULE        ?C?ISTPTR
  C:0605H         PUBLIC        ?C?ISTPTR
  -------         ENDMOD        ?C?ISTPTR

  -------         MODULE        ?C?SLDIV
  C:1971H         PUBLIC        ?C?SLDIV
  -------         ENDMOD        ?C?SLDIV

  -------         MODULE        ?C?LNEG
  C:0624H         PUBLIC        ?C?LNEG
  -------         ENDMOD        ?C?LNEG

  -------         MODULE        ?C?SLCMP
  C:0632H         PUBLIC        ?C?SLCMP
  -------         ENDMOD        ?C?SLCMP

  -------         MODULE        ?C?ULCMP
  C:0648H         PUBLIC        ?C?ULCMP
  -------         ENDMOD        ?C?ULCMP
BL51 BANKED LINKER/LOCATER V6.22.2.0                                                  02/21/2026  12:23:35  PAGE 30



  -------         MODULE        ?C?LSTPTR
  C:0659H         PUBLIC        ?C?LSTPTR
  -------         ENDMOD        ?C?LSTPTR

  -------         MODULE        ?C?LLDIDATA
  C:0673H         PUBLIC        ?C?LLDIDATA
  -------         ENDMOD        ?C?LLDIDATA

  -------         MODULE        ?C?LLDIDATA0
  C:067FH         PUBLIC        ?C?LLDIDATA0
  -------         ENDMOD        ?C?LLDIDATA0

  -------         MODULE        ?C?LSTIDATA
  C:068CH         PUBLIC        ?C?LSTIDATA
  -------         ENDMOD        ?C?LSTIDATA

  -------         MODULE        ?C?PLDIDATA
  C:0698H         PUBLIC        ?C?PLDIDATA
  -------         ENDMOD        ?C?PLDIDATA

  -------         MODULE        ?C?PLDIIDATA
  C:06A1H         PUBLIC        ?C?PLDIIDATA
  -------         ENDMOD        ?C?PLDIIDATA

  -------         MODULE        ?C?PILDIDATA
  C:06B1H         PUBLIC        ?C?PILDIDATA
  -------         ENDMOD        ?C?PILDIDATA

  -------         MODULE        ?C?CCASE
  C:06C1H         PUBLIC        ?C?CCASE
  -------         ENDMOD        ?C?CCASE

  -------         MODULE        ?C?ICALL
  C:06E7H         PUBLIC        ?C?ICALL
  C:06EBH         PUBLIC        ?C?ICALL2
  -------         ENDMOD        ?C?ICALL

  -------         MODULE        GETCHAR
  B:0021H.7       PUBLIC        ?C?CHARLOADED
  D:0008H         PUBLIC        ?_UNGETCHAR?BYTE
  C:1E40H         PUBLIC        GETCHAR
  -------         ENDMOD        GETCHAR

  -------         MODULE        UNGETC
  C:1E8AH         PUBLIC        _UNGETCHAR
  -------         ENDMOD        UNGETC

  -------         MODULE        ISSPACE
  C:1E2DH         PUBLIC        _isspace
  -------         ENDMOD        ISSPACE

  -------         MODULE        ?C?MEMSET
  C:06EDH         PUBLIC        ?C?MEMSET
  -------         ENDMOD        ?C?MEMSET

  -------         MODULE        ?C?ULDIV
BL51 BANKED LINKER/LOCATER V6.22.2.0                                                  02/21/2026  12:23:35  PAGE 31


  C:0755H         PUBLIC        ?C?ULDIV
  -------         ENDMOD        ?C?ULDIV

  -------         MODULE        ?C?LSTXDATA
  C:07E7H         PUBLIC        ?C?LSTXDATA
  -------         ENDMOD        ?C?LSTXDATA

  -------         MODULE        ?C?LSTPDATA
  C:07F3H         PUBLIC        ?C?LSTPDATA
  -------         ENDMOD        ?C?LSTPDATA

  -------         MODULE        _GETKEY
  C:1E61H         PUBLIC        _GETKEY
  -------         ENDMOD        _GETKEY

*** WARNING L16: UNCALLED SEGMENT, IGNORED FOR OVERLAY PROCESS
    SEGMENT: ?PR?BEEP?LED

*** WARNING L16: UNCALLED SEGMENT, IGNORED FOR OVERLAY PROCESS
    SEGMENT: ?PR?MOTOR?LED

*** WARNING L16: UNCALLED SEGMENT, IGNORED FOR OVERLAY PROCESS
    SEGMENT: ?PR?RELAY?LED

Program Size: data=166.0 xdata=53 code=7823
LINK/LOCATE RUN COMPLETE.  3 WARNING(S),  0 ERROR(S)
