BL51 BANKED LINKER/LOCATER V6.22.2.0                                                    02/08/2026  23:01:53  PAGE 1


BL51 BANKED LINKER/LOCATER V6.22.2.0, INVOKED BY:
D:\KEILC51\C51\BIN\BL51.EXE .\Objects\STARTUP.obj, .\Objects\main.obj, .\Objects\Key.obj, .\Objects\Seg.obj, .\Objects\L
>> ED.obj, .\Objects\Init.obj, .\Objects\ds1302.obj, .\Objects\onewire.obj, .\Objects\iic.obj TO .\Objects\V4T手敲 PRINT
>>  (.\Listings\V4T手敲.m51) RAMSIZE (256)


MEMORY MODEL: SMALL WITH FLOATING POINT ARITHMETIC


INPUT MODULES INCLUDED:
  .\Objects\STARTUP.obj (?C_STARTUP)
  .\Objects\main.obj (MAIN)
  .\Objects\Key.obj (KEY)
  .\Objects\Seg.obj (SEG)
  .\Objects\LED.obj (LED)
  .\Objects\Init.obj (INIT)
  .\Objects\ds1302.obj (DS1302)
  .\Objects\onewire.obj (ONEWIRE)
  .\Objects\iic.obj (IIC)
  D:\KEILC51\C51\LIB\C51FPS.LIB (?C?FPMUL)
  D:\KEILC51\C51\LIB\C51FPS.LIB (?C?FCAST)
  D:\KEILC51\C51\LIB\C51FPS.LIB (?C?CASTF)
  D:\KEILC51\C51\LIB\C51FPS.LIB (?C?FPGETOPN)
  D:\KEILC51\C51\LIB\C51S.LIB (?C_INIT)
  D:\KEILC51\C51\LIB\C51S.LIB (?C?CLDPTR)
  D:\KEILC51\C51\LIB\C51S.LIB (?C?CLDOPTR)
  D:\KEILC51\C51\LIB\C51S.LIB (?C?CSTOPTR)
  D:\KEILC51\C51\LIB\C51S.LIB (?C?LNEG)


LINK MAP OF MODULE:  .\Objects\V4T手敲 (?C_STARTUP)


            TYPE    BASE      LENGTH    RELOCATION   SEGMENT NAME
            -----------------------------------------------------

            * * * * * * *   D A T A   M E M O R Y   * * * * * * *
            REG     0000H     0008H     ABSOLUTE     "REG BANK 0"
            DATA    0008H     0003H     UNIT         _DATA_GROUP_
            IDATA   000BH     000FH     UNIT         ?ID?MAIN
            IDATA   001AH     0004H     UNIT         ?ID?LED
                    001EH     0002H                  *** GAP ***
            BIT     0020H.0   0000H.2   UNIT         _BIT_GROUP_
            BIT     0020H.2   0000H.1   UNIT         ?BI?BEEP?LED
            BIT     0020H.3   0000H.1   UNIT         ?BI?MOTOR?LED
            BIT     0020H.4   0000H.1   UNIT         ?BI?RELAY?LED
                    0020H.5   0000H.3                *** GAP ***
            IDATA   0021H     0001H     UNIT         ?STACK

            * * * * * * *  X D A T A   M E M O R Y  * * * * * * *
            XDATA   0000H     0010H     INPAGE       ?PD?MAIN
            XDATA   0010H     000BH     INPAGE       ?PD?SEG

            * * * * * * *   C O D E   M E M O R Y   * * * * * * *
            CODE    0000H     0003H     ABSOLUTE     
            CODE    0003H     0018H     UNIT         ?PR?LED_OFF?LED
            CODE    001BH     0003H     ABSOLUTE     
            CODE    001EH     023BH     UNIT         ?C?LIB_CODE
BL51 BANKED LINKER/LOCATER V6.22.2.0                                                  02/08/2026  23:01:53  PAGE 2


            CODE    0259H     008CH     UNIT         ?C_C51STARTUP
            CODE    02E5H     0085H     UNIT         ?PR?KEY_READ?KEY
            CODE    036AH     0082H     UNIT         ?PR?_LED_DISP?LED
            CODE    03ECH     0075H     UNIT         ?PR?TIMER1_ISR?MAIN
            CODE    0461H     0056H     UNIT         ?PR?_SET_RTC?DS1302
            CODE    04B7H     004FH     UNIT         ?PR?_SEG_DISP?SEG
            CODE    0506H     0041H     UNIT         ?PR?_READ_RTC?DS1302
            CODE    0547H     003DH     UNIT         ?PR?_READ_DS1302_BYTE?DS1302
            CODE    0584H     003BH     UNIT         ?PR?RD_TEMPERATURE?ONEWIRE
            CODE    05BFH     0036H     UNIT         ?C_INITSEG
            CODE    05F5H     0035H     UNIT         ?PR?_I2CSENDBYTE?IIC
            CODE    062AH     002CH     UNIT         ?PR?BEEP?LED
            CODE    0656H     002CH     UNIT         ?PR?MOTOR?LED
            CODE    0682H     002CH     UNIT         ?PR?RELAY?LED
            CODE    06AEH     002AH     UNIT         ?PR?KEY_PROC?MAIN
            CODE    06D8H     0028H     UNIT         ?PR?GET_TEMPERATURE?MAIN
            CODE    0700H     0027H     UNIT         ?PR?SYSTEM_INIT?INIT
            CODE    0727H     0027H     UNIT         ?PR?_WRITE_DS18B20?ONEWIRE
            CODE    074EH     0027H     UNIT         ?PR?INIT_DS18B20?ONEWIRE
            CODE    0775H     0026H     UNIT         ?PR?I2CRECEIVEBYTE?IIC
            CODE    079BH     0026H     UNIT         ?PR?_AD_READ?IIC
            CODE    07C1H     0023H     UNIT         ?PR?LED_PROC?MAIN
            CODE    07E4H     0023H     UNIT         ?PR?READ_DS18B20?ONEWIRE
            CODE    0807H     0020H     UNIT         ?PR?MAIN?MAIN
            CODE    0827H     001EH     UNIT         ?PR?_DELAY_ONEWIRE?ONEWIRE
            CODE    0845H     001CH     UNIT         ?PR?_WRITE_DS1302?DS1302
            CODE    0861H     001CH     UNIT         ?PR?I2CWAITACK?IIC
            CODE    087DH     001AH     UNIT         ?PR?_I2C_DELAY?IIC
            CODE    0897H     0018H     UNIT         ?PR?_I2CSENDACK?IIC
            CODE    08AFH     0017H     UNIT         ?PR?GET_TIME?MAIN
            CODE    08C6H     0015H     UNIT         ?PR?TIMER1_INIT?MAIN
            CODE    08DBH     0014H     UNIT         ?PR?_WRITE_DS1302_BYTE?DS1302
            CODE    08EFH     0010H     UNIT         ?PR?_DA_WRITE?IIC
            CODE    08FFH     000FH     UNIT         ?PR?SEG_PROC?MAIN
            CODE    090EH     000FH     UNIT         ?PR?I2CSTART?IIC
            CODE    091DH     000CH     UNIT         ?PR?I2CSTOP?IIC



OVERLAY MAP OF MODULE:   .\Objects\V4T手敲 (?C_STARTUP)


SEGMENT                                  BIT_GROUP          DATA_GROUP 
  +--> CALLED SEGMENT                 START    LENGTH     START    LENGTH
-------------------------------------------------------------------------
?C_C51STARTUP                         -----    -----      -----    -----
  +--> ?PR?MAIN?MAIN
  +--> ?C_INITSEG

?PR?MAIN?MAIN                         -----    -----      -----    -----
  +--> ?PR?SYSTEM_INIT?INIT
  +--> ?PR?_SET_RTC?DS1302
  +--> ?PR?TIMER1_INIT?MAIN
  +--> ?PR?KEY_PROC?MAIN
  +--> ?PR?LED_PROC?MAIN
  +--> ?PR?SEG_PROC?MAIN
  +--> ?PR?GET_TIME?MAIN
BL51 BANKED LINKER/LOCATER V6.22.2.0                                                  02/08/2026  23:01:53  PAGE 3


  +--> ?PR?GET_TEMPERATURE?MAIN

?PR?_SET_RTC?DS1302                   -----    -----      0008H    0003H
  +--> ?PR?_WRITE_DS1302_BYTE?DS1302

?PR?_WRITE_DS1302_BYTE?DS1302         -----    -----      -----    -----
  +--> ?PR?_WRITE_DS1302?DS1302

?PR?KEY_PROC?MAIN                     -----    -----      -----    -----
  +--> ?PR?KEY_READ?KEY

?PR?LED_PROC?MAIN                     -----    -----      -----    -----
  +--> ?PR?_LED_DISP?LED

?PR?GET_TIME?MAIN                     -----    -----      -----    -----
  +--> ?PR?_READ_RTC?DS1302

?PR?_READ_RTC?DS1302                  -----    -----      0008H    0003H
  +--> ?PR?_READ_DS1302_BYTE?DS1302

?PR?_READ_DS1302_BYTE?DS1302          -----    -----      -----    -----
  +--> ?PR?_WRITE_DS1302?DS1302

?PR?GET_TEMPERATURE?MAIN              -----    -----      -----    -----
  +--> ?PR?RD_TEMPERATURE?ONEWIRE

?PR?RD_TEMPERATURE?ONEWIRE            -----    -----      -----    -----
  +--> ?PR?INIT_DS18B20?ONEWIRE
  +--> ?PR?_WRITE_DS18B20?ONEWIRE
  +--> ?PR?_DELAY_ONEWIRE?ONEWIRE
  +--> ?PR?READ_DS18B20?ONEWIRE

?PR?INIT_DS18B20?ONEWIRE              0020H.0  0000H.1    -----    -----
  +--> ?PR?_DELAY_ONEWIRE?ONEWIRE

?PR?_WRITE_DS18B20?ONEWIRE            -----    -----      -----    -----
  +--> ?PR?_DELAY_ONEWIRE?ONEWIRE

?PR?READ_DS18B20?ONEWIRE              -----    -----      -----    -----
  +--> ?PR?_DELAY_ONEWIRE?ONEWIRE

*** NEW ROOT ***************************************************

?PR?TIMER1_ISR?MAIN                   -----    -----      -----    -----
  +--> ?PR?_SEG_DISP?SEG

?PR?_SEG_DISP?SEG                     0020H.1  0000H.1    -----    -----



SYMBOL TABLE OF MODULE:  .\Objects\V4T手敲 (?C_STARTUP)

  VALUE           TYPE          NAME
  ----------------------------------

  -------         MODULE        ?C_STARTUP
  C:0259H         SEGMENT       ?C_C51STARTUP
BL51 BANKED LINKER/LOCATER V6.22.2.0                                                  02/08/2026  23:01:53  PAGE 4


  I:0021H         SEGMENT       ?STACK
  C:0000H         PUBLIC        ?C_STARTUP
  D:00E0H         SYMBOL        ACC
  D:00F0H         SYMBOL        B
  D:0083H         SYMBOL        DPH
  D:0082H         SYMBOL        DPL
  N:0000H         SYMBOL        IBPSTACK
  N:0100H         SYMBOL        IBPSTACKTOP
  N:0080H         SYMBOL        IDATALEN
  C:025CH         SYMBOL        IDATALOOP
  N:0000H         SYMBOL        PBPSTACK
  N:0100H         SYMBOL        PBPSTACKTOP
  N:0000H         SYMBOL        PDATALEN
  N:0000H         SYMBOL        PDATASTART
  N:0000H         SYMBOL        PPAGE
  N:0000H         SYMBOL        PPAGEENABLE
  D:00A0H         SYMBOL        PPAGE_SFR
  D:0081H         SYMBOL        SP
  C:0259H         SYMBOL        STARTUP1
  N:0000H         SYMBOL        XBPSTACK
  N:0000H         SYMBOL        XBPSTACKTOP
  N:0000H         SYMBOL        XDATALEN
  N:0000H         SYMBOL        XDATASTART
  C:0000H         LINE#         126
  C:0259H         LINE#         133
  C:025BH         LINE#         134
  C:025CH         LINE#         135
  C:025DH         LINE#         136
  C:025FH         LINE#         185
  C:0262H         LINE#         196
  -------         ENDMOD        ?C_STARTUP

  -------         MODULE        MAIN
  C:0000H         SYMBOL        _ICE_DUMMY_
  D:0080H         PUBLIC        P0
  D:0090H         PUBLIC        P1
  D:00A0H         PUBLIC        P2
  D:00B0H         PUBLIC        P3
  I:000BH         PUBLIC        ucRtc
  D:00C0H         PUBLIC        P4
  D:00C8H         PUBLIC        P5
  B:00A8H.7       PUBLIC        EA
  D:00E8H         PUBLIC        P6
  D:00F8H         PUBLIC        P7
  C:07C1H         PUBLIC        Led_Proc
  D:00A8H         PUBLIC        IE
  C:08AFH         PUBLIC        Get_Time
  I:000EH         PUBLIC        Time_Slow_Down
  C:08FFH         PUBLIC        Seg_Proc
  C:06D8H         PUBLIC        Get_Temperature
  I:000FH         PUBLIC        Temperature_Slow_Down
  D:00B8H         PUBLIC        IP
  X:0000H         PUBLIC        Seg_Buf
  C:06AEH         PUBLIC        Key_Proc
  I:0011H         PUBLIC        Seg_Slow_Down
  D:00D8H         PUBLIC        CCON
  I:0012H         PUBLIC        Key_Down
BL51 BANKED LINKER/LOCATER V6.22.2.0                                                  02/08/2026  23:01:53  PAGE 5


  C:0807H         PUBLIC        main
  I:0013H         PUBLIC        Key_Old
  C:08C6H         PUBLIC        Timer1_Init
  I:0014H         PUBLIC        Key_Slow_Down
  I:0015H         PUBLIC        Key_Val
  I:0016H         PUBLIC        Seg_Pos
  D:0098H         PUBLIC        SCON
  D:0089H         PUBLIC        TMOD
  D:0088H         PUBLIC        TCON
  D:008EH         PUBLIC        AUXR
  C:03ECH         PUBLIC        Timer1_Isr
  B:00A8H.3       PUBLIC        ET1
  B:0088H.7       PUBLIC        TF1
  D:008DH         PUBLIC        TH1
  I:0017H         PUBLIC        Temperature_10x
  I:0019H         PUBLIC        Key_Up
  D:008BH         PUBLIC        TL1
  B:0088H.6       PUBLIC        TR1
  X:0008H         PUBLIC        ucLed
  D:00D0H         PUBLIC        PSW
  -------         PROC          KEY_PROC
  C:06AEH         LINE#         25
  C:06AEH         LINE#         26
  C:06AEH         LINE#         27
  C:06BAH         LINE#         28
  C:06BCH         LINE#         30
  C:06C3H         LINE#         31
  C:06CBH         LINE#         32
  C:06D1H         LINE#         33
  C:06D7H         LINE#         38
  -------         ENDPROC       KEY_PROC
  -------         PROC          TIMER1_ISR
  C:03ECH         LINE#         41
  C:0409H         LINE#         43
  C:040CH         LINE#         44
  C:040FH         LINE#         45
  C:0412H         LINE#         46
  C:041AH         LINE#         47
  C:0421H         LINE#         48
  C:0434H         LINE#         49
  C:0434H         LINE#         50
  C:043AH         LINE#         51
  C:043CH         LINE#         52
  C:043CH         LINE#         53
  C:0446H         LINE#         54
  C:0446H         LINE#         55
  -------         ENDPROC       TIMER1_ISR
  -------         PROC          SEG_PROC
  C:08FFH         LINE#         58
  C:08FFH         LINE#         59
  C:08FFH         LINE#         60
  C:090BH         LINE#         61
  C:090DH         LINE#         63
  -------         ENDPROC       SEG_PROC
  -------         PROC          LED_PROC
  C:07C1H         LINE#         65
  C:07C1H         LINE#         66
BL51 BANKED LINKER/LOCATER V6.22.2.0                                                  02/08/2026  23:01:53  PAGE 6


  C:07C1H         LINE#         67
  C:07C6H         LINE#         68
  C:07C9H         LINE#         69
  C:07CCH         LINE#         70
  C:07CFH         LINE#         71
  C:07D2H         LINE#         72
  C:07D5H         LINE#         73
  C:07D8H         LINE#         74
  C:07DBH         LINE#         75
  -------         ENDPROC       LED_PROC
  -------         PROC          GET_TIME
  C:08AFH         LINE#         77
  C:08AFH         LINE#         78
  C:08AFH         LINE#         79
  C:08BBH         LINE#         80
  C:08BDH         LINE#         81
  C:08C5H         LINE#         82
  -------         ENDPROC       GET_TIME
  -------         PROC          GET_TEMPERATURE
  C:06D8H         LINE#         84
  C:06D8H         LINE#         85
  C:06D8H         LINE#         86
  C:06E4H         LINE#         87
  C:06E8H         LINE#         88
  C:06FFH         LINE#         90
  -------         ENDPROC       GET_TEMPERATURE
  -------         PROC          TIMER1_INIT
  C:08C6H         LINE#         93
  C:08C6H         LINE#         94
  C:08C6H         LINE#         95
  C:08C9H         LINE#         96
  C:08CCH         LINE#         97
  C:08CFH         LINE#         98
  C:08D2H         LINE#         99
  C:08D4H         LINE#         100
  C:08D6H         LINE#         101
  C:08D8H         LINE#         102
  C:08DAH         LINE#         103
  -------         ENDPROC       TIMER1_INIT
  -------         PROC          MAIN
  C:0807H         LINE#         109
  C:0807H         LINE#         110
  C:0807H         LINE#         111
  C:080AH         LINE#         112
  C:0813H         LINE#         113
  C:0816H         LINE#         114
  C:0816H         LINE#         115
  C:0816H         LINE#         116
  C:0819H         LINE#         117
  C:081CH         LINE#         118
  C:081FH         LINE#         119
  C:0822H         LINE#         120
  C:0825H         LINE#         121
  -------         ENDPROC       MAIN
  -------         ENDMOD        MAIN

  -------         MODULE        KEY
BL51 BANKED LINKER/LOCATER V6.22.2.0                                                  02/08/2026  23:01:53  PAGE 7


  C:0000H         SYMBOL        _ICE_DUMMY_
  D:0080H         PUBLIC        P0
  D:0090H         PUBLIC        P1
  D:00A0H         PUBLIC        P2
  D:00B0H         PUBLIC        P3
  D:00C0H         PUBLIC        P4
  D:00C8H         PUBLIC        P5
  D:00E8H         PUBLIC        P6
  D:00F8H         PUBLIC        P7
  C:02E5H         PUBLIC        Key_Read
  D:00A8H         PUBLIC        IE
  D:00B8H         PUBLIC        IP
  D:00D8H         PUBLIC        CCON
  B:00B0H.0       PUBLIC        P30
  D:0098H         PUBLIC        SCON
  B:00B0H.1       PUBLIC        P31
  D:0088H         PUBLIC        TCON
  B:00B0H.2       PUBLIC        P32
  B:00C0H.2       PUBLIC        P42
  B:00B0H.3       PUBLIC        P33
  B:00C0H.4       PUBLIC        P44
  B:00B0H.5       PUBLIC        P35
  D:00D0H         PUBLIC        PSW
  -------         PROC          KEY_READ
  -------         DO            
  D:0007H         SYMBOL        temp
  -------         ENDDO         
  C:02E5H         LINE#         4
  C:02E5H         LINE#         5
  C:02E5H         LINE#         6
  C:02E7H         LINE#         18
  C:02EDH         LINE#         19
  C:02F1H         LINE#         20
  C:02F7H         LINE#         21
  C:02FCH         LINE#         22
  C:0301H         LINE#         23
  C:0306H         LINE#         24
  C:030BH         LINE#         26
  C:0311H         LINE#         27
  C:0317H         LINE#         28
  C:031DH         LINE#         29
  C:0322H         LINE#         30
  C:0327H         LINE#         31
  C:0330H         LINE#         32
  C:0335H         LINE#         33
  C:033AH         LINE#         35
  C:0340H         LINE#         36
  C:0346H         LINE#         37
  C:034CH         LINE#         38
  C:0351H         LINE#         39
  C:0356H         LINE#         40
  C:035BH         LINE#         41
  C:0360H         LINE#         54
  C:0366H         LINE#         55
  C:0369H         LINE#         62
  C:0369H         LINE#         64
  -------         ENDPROC       KEY_READ
BL51 BANKED LINKER/LOCATER V6.22.2.0                                                  02/08/2026  23:01:53  PAGE 8


  -------         ENDMOD        KEY

  -------         MODULE        SEG
  C:0000H         SYMBOL        _ICE_DUMMY_
  D:0080H         PUBLIC        P0
  D:0090H         PUBLIC        P1
  D:00A0H         PUBLIC        P2
  D:00B0H         PUBLIC        P3
  D:00C0H         PUBLIC        P4
  D:00C8H         PUBLIC        P5
  D:00E8H         PUBLIC        P6
  D:00F8H         PUBLIC        P7
  X:0010H         PUBLIC        Seg_Dula
  D:00A8H         PUBLIC        IE
  C:04B7H         PUBLIC        _Seg_Disp
  D:00B8H         PUBLIC        IP
  D:00D8H         PUBLIC        CCON
  D:0098H         PUBLIC        SCON
  D:0088H         PUBLIC        TCON
  D:00D0H         PUBLIC        PSW
  -------         PROC          _SEG_DISP
  D:0007H         SYMBOL        Wela
  D:0005H         SYMBOL        Dula
  B:0020H.1       SYMBOL        Point
  -------         DO            
  D:0006H         SYMBOL        temp
  -------         ENDDO         
  C:04B7H         LINE#         7
  C:04B7H         LINE#         8
  C:04B7H         LINE#         12
  C:04BAH         LINE#         14
  C:04BFH         LINE#         15
  C:04C2H         LINE#         16
  C:04C4H         LINE#         17
  C:04C9H         LINE#         18
  C:04CBH         LINE#         21
  C:04D8H         LINE#         23
  C:04DDH         LINE#         24
  C:04E0H         LINE#         25
  C:04E2H         LINE#         26
  C:04E6H         LINE#         27
  C:04E8H         LINE#         30
  C:04EFH         LINE#         32
  C:04F5H         LINE#         34
  C:04FAH         LINE#         35
  C:04FDH         LINE#         36
  C:04FFH         LINE#         37
  C:0503H         LINE#         38
  C:0505H         LINE#         40
  -------         ENDPROC       _SEG_DISP
  -------         ENDMOD        SEG

  -------         MODULE        LED
  C:0000H         SYMBOL        _ICE_DUMMY_
  C:0682H         PUBLIC        Relay
  D:0080H         PUBLIC        P0
  D:0090H         PUBLIC        P1
BL51 BANKED LINKER/LOCATER V6.22.2.0                                                  02/08/2026  23:01:53  PAGE 9


  D:00A0H         PUBLIC        P2
  D:00B0H         PUBLIC        P3
  D:00C0H         PUBLIC        P4
  D:00C8H         PUBLIC        P5
  D:00E8H         PUBLIC        P6
  D:00F8H         PUBLIC        P7
  C:036AH         PUBLIC        _Led_Disp
  D:00A8H         PUBLIC        IE
  C:0003H         PUBLIC        Led_Off
  C:0656H         PUBLIC        Motor
  D:00B8H         PUBLIC        IP
  D:00D8H         PUBLIC        CCON
  D:0098H         PUBLIC        SCON
  D:0088H         PUBLIC        TCON
  I:001AH         PUBLIC        temp_1
  I:001BH         PUBLIC        temp_2
  I:001CH         PUBLIC        temp_1_old
  I:001DH         PUBLIC        temp_2_old
  D:00D0H         PUBLIC        PSW
  C:062AH         PUBLIC        Beep
  -------         PROC          _LED_DISP
  D:0001H         SYMBOL        ucLed
  -------         DO            
  D:0006H         SYMBOL        temp
  -------         ENDDO         
  C:036AH         LINE#         6
  C:036AH         LINE#         7
  C:036AH         LINE#         9
  C:036EH         LINE#         10
  C:03CAH         LINE#         13
  C:03D0H         LINE#         14
  C:03D0H         LINE#         15
  C:03D7H         LINE#         17
  C:03DCH         LINE#         18
  C:03DFH         LINE#         19
  C:03E1H         LINE#         20
  C:03E5H         LINE#         21
  C:03E7H         LINE#         23
  C:03EBH         LINE#         24
  C:03EBH         LINE#         25
  -------         ENDPROC       _LED_DISP
  -------         PROC          LED_OFF
  -------         DO            
  D:0007H         SYMBOL        temp
  -------         ENDDO         
  C:0003H         LINE#         27
  C:0003H         LINE#         28
  C:0003H         LINE#         31
  C:0006H         LINE#         33
  C:000BH         LINE#         34
  C:000EH         LINE#         35
  C:0010H         LINE#         36
  C:0014H         LINE#         37
  C:0016H         LINE#         39
  C:001AH         LINE#         40
  -------         ENDPROC       LED_OFF
  -------         PROC          BEEP
BL51 BANKED LINKER/LOCATER V6.22.2.0                                                  02/08/2026  23:01:53  PAGE 10


  B:0020H.2       SYMBOL        enable
  -------         DO            
  D:0006H         SYMBOL        temp
  -------         ENDDO         
  C:062AH         LINE#         45
  C:062AH         LINE#         46
  C:062AH         LINE#         48
  C:0630H         LINE#         49
  C:0630H         LINE#         50
  C:0633H         LINE#         51
  C:0635H         LINE#         52
  C:0635H         LINE#         53
  C:0638H         LINE#         54
  C:0638H         LINE#         55
  C:0641H         LINE#         56
  C:0641H         LINE#         57
  C:0643H         LINE#         59
  C:0648H         LINE#         60
  C:064BH         LINE#         61
  C:064DH         LINE#         62
  C:0651H         LINE#         63
  C:0653H         LINE#         65
  C:0655H         LINE#         66
  C:0655H         LINE#         67
  -------         ENDPROC       BEEP
  -------         PROC          MOTOR
  B:0020H.3       SYMBOL        enable
  -------         DO            
  D:0006H         SYMBOL        temp
  -------         ENDDO         
  C:0656H         LINE#         69
  C:0656H         LINE#         70
  C:0656H         LINE#         72
  C:065CH         LINE#         73
  C:065CH         LINE#         74
  C:065FH         LINE#         75
  C:0661H         LINE#         76
  C:0661H         LINE#         77
  C:0664H         LINE#         78
  C:0664H         LINE#         79
  C:066DH         LINE#         80
  C:066DH         LINE#         81
  C:066FH         LINE#         83
  C:0674H         LINE#         84
  C:0677H         LINE#         85
  C:0679H         LINE#         86
  C:067DH         LINE#         87
  C:067FH         LINE#         89
  C:0681H         LINE#         90
  C:0681H         LINE#         91
  -------         ENDPROC       MOTOR
  -------         PROC          RELAY
  B:0020H.4       SYMBOL        enable
  -------         DO            
  D:0006H         SYMBOL        temp
  -------         ENDDO         
  C:0682H         LINE#         93
BL51 BANKED LINKER/LOCATER V6.22.2.0                                                  02/08/2026  23:01:53  PAGE 11


  C:0682H         LINE#         94
  C:0682H         LINE#         96
  C:0688H         LINE#         97
  C:0688H         LINE#         98
  C:068BH         LINE#         99
  C:068DH         LINE#         100
  C:068DH         LINE#         101
  C:0690H         LINE#         102
  C:0690H         LINE#         103
  C:0699H         LINE#         104
  C:0699H         LINE#         105
  C:069BH         LINE#         107
  C:06A0H         LINE#         108
  C:06A3H         LINE#         109
  C:06A5H         LINE#         110
  C:06A9H         LINE#         111
  C:06ABH         LINE#         113
  C:06ADH         LINE#         114
  C:06ADH         LINE#         115
  -------         ENDPROC       RELAY
  -------         ENDMOD        LED

  -------         MODULE        INIT
  C:0000H         SYMBOL        _ICE_DUMMY_
  C:0700H         PUBLIC        System_Init
  D:0080H         PUBLIC        P0
  D:0090H         PUBLIC        P1
  D:00A0H         PUBLIC        P2
  D:00B0H         PUBLIC        P3
  D:00C0H         PUBLIC        P4
  D:00C8H         PUBLIC        P5
  D:00E8H         PUBLIC        P6
  D:00F8H         PUBLIC        P7
  D:00A8H         PUBLIC        IE
  D:00B8H         PUBLIC        IP
  D:00D8H         PUBLIC        CCON
  D:0098H         PUBLIC        SCON
  D:0088H         PUBLIC        TCON
  D:00D0H         PUBLIC        PSW
  -------         PROC          SYSTEM_INIT
  -------         DO            
  D:0007H         SYMBOL        temp
  -------         ENDDO         
  C:0700H         LINE#         2
  C:0700H         LINE#         3
  C:0700H         LINE#         6
  C:0703H         LINE#         8
  C:0708H         LINE#         9
  C:070BH         LINE#         10
  C:070DH         LINE#         11
  C:0711H         LINE#         12
  C:0713H         LINE#         15
  C:0716H         LINE#         16
  C:071BH         LINE#         17
  C:071EH         LINE#         18
  C:0720H         LINE#         19
  C:0724H         LINE#         20
BL51 BANKED LINKER/LOCATER V6.22.2.0                                                  02/08/2026  23:01:53  PAGE 12


  C:0726H         LINE#         23
  -------         ENDPROC       SYSTEM_INIT
  -------         ENDMOD        INIT

  -------         MODULE        DS1302
  C:0000H         SYMBOL        _ICE_DUMMY_
  D:0080H         PUBLIC        P0
  D:0090H         PUBLIC        P1
  D:00A0H         PUBLIC        P2
  D:00B0H         PUBLIC        P3
  D:00C0H         PUBLIC        P4
  D:00C8H         PUBLIC        P5
  B:00A8H.7       PUBLIC        EA
  D:00E8H         PUBLIC        P6
  D:00F8H         PUBLIC        P7
  C:0506H         PUBLIC        _Read_Rtc
  D:00A8H         PUBLIC        IE
  D:00B8H         PUBLIC        IP
  D:00D8H         PUBLIC        CCON
  D:0098H         PUBLIC        SCON
  D:0088H         PUBLIC        TCON
  C:0461H         PUBLIC        _Set_Rtc
  C:0547H         PUBLIC        _Read_Ds1302_Byte
  B:00A0H.3       PUBLIC        SDA
  B:0090H.7       PUBLIC        SCK
  C:08DBH         PUBLIC        _Write_Ds1302_Byte
  C:0845H         PUBLIC        _Write_Ds1302
  B:0090H.3       PUBLIC        RST
  D:00D0H         PUBLIC        PSW
  -------         PROC          _WRITE_DS1302
  D:0007H         SYMBOL        temp
  -------         DO            
  D:0006H         SYMBOL        i
  -------         ENDDO         
  C:0845H         LINE#         11
  C:0845H         LINE#         12
  C:0845H         LINE#         14
  C:0851H         LINE#         15
  C:0851H         LINE#         16
  C:0853H         LINE#         17
  C:0857H         LINE#         18
  C:085BH         LINE#         19
  C:085DH         LINE#         20
  C:0860H         LINE#         21
  -------         ENDPROC       _WRITE_DS1302
  -------         PROC          _WRITE_DS1302_BYTE
  D:0007H         SYMBOL        address
  D:0005H         SYMBOL        dat
  C:08DBH         LINE#         24
  C:08DBH         LINE#         25
  C:08DBH         LINE#         26
  C:08DEH         LINE#         27
  C:08E1H         LINE#         28
  C:08E4H         LINE#         29
  C:08E7H         LINE#         30
  C:08ECH         LINE#         31
  C:08EEH         LINE#         32
BL51 BANKED LINKER/LOCATER V6.22.2.0                                                  02/08/2026  23:01:53  PAGE 13


  -------         ENDPROC       _WRITE_DS1302_BYTE
  -------         PROC          _READ_DS1302_BYTE
  D:0007H         SYMBOL        address
  -------         DO            
  D:0007H         SYMBOL        i
  D:0005H         SYMBOL        temp
  -------         ENDDO         
  C:0547H         LINE#         35
  C:0547H         LINE#         36
  C:0547H         LINE#         37
  C:0549H         LINE#         38
  C:054CH         LINE#         39
  C:054FH         LINE#         40
  C:0552H         LINE#         41
  C:0555H         LINE#         42
  C:0561H         LINE#         43
  C:0561H         LINE#         44
  C:0563H         LINE#         45
  C:0567H         LINE#         46
  C:056AH         LINE#         47
  C:056DH         LINE#         48
  C:056FH         LINE#         49
  C:0572H         LINE#         50
  C:0575H         LINE#         51
  C:0578H         LINE#         52
  C:057BH         LINE#         53
  C:057EH         LINE#         54
  C:0581H         LINE#         55
  C:0583H         LINE#         56
  -------         ENDPROC       _READ_DS1302_BYTE
  -------         PROC          _SET_RTC
  D:0008H         SYMBOL        ucRtc
  -------         DO            
  D:0004H         SYMBOL        i
  -------         ENDDO         
  C:0461H         LINE#         59
  C:0467H         LINE#         60
  C:0467H         LINE#         62
  C:046EH         LINE#         63
  C:0475H         LINE#         64
  C:0481H         LINE#         65
  C:0481H         LINE#         66
  C:04ADH         LINE#         67
  C:04B0H         LINE#         68
  -------         ENDPROC       _SET_RTC
  -------         PROC          _READ_RTC
  D:0008H         SYMBOL        ucRtc
  -------         DO            
  D:0004H         SYMBOL        i
  D:0007H         SYMBOL        temp
  -------         ENDDO         
  C:0506H         LINE#         72
  C:050CH         LINE#         73
  C:050CH         LINE#         76
  C:050EH         LINE#         77
  C:051AH         LINE#         78
  C:051AH         LINE#         79
BL51 BANKED LINKER/LOCATER V6.22.2.0                                                  02/08/2026  23:01:53  PAGE 14


  C:0526H         LINE#         80
  C:0541H         LINE#         81
  C:0544H         LINE#         82
  C:0546H         LINE#         83
  -------         ENDPROC       _READ_RTC
  -------         ENDMOD        DS1302

  -------         MODULE        ONEWIRE
  C:0000H         SYMBOL        _ICE_DUMMY_
  D:0080H         PUBLIC        P0
  D:0090H         PUBLIC        P1
  D:00A0H         PUBLIC        P2
  D:00B0H         PUBLIC        P3
  D:00C0H         PUBLIC        P4
  C:07E4H         PUBLIC        Read_DS18B20
  D:00C8H         PUBLIC        P5
  D:00E8H         PUBLIC        P6
  D:00F8H         PUBLIC        P7
  D:00A8H         PUBLIC        IE
  C:082BH         PUBLIC        _Delay_OneWire
  B:0090H.4       PUBLIC        DQ
  C:0727H         PUBLIC        _Write_DS18B20
  D:00B8H         PUBLIC        IP
  C:074EH         PUBLIC        init_ds18b20
  D:00D8H         PUBLIC        CCON
  D:0098H         PUBLIC        SCON
  D:0088H         PUBLIC        TCON
  C:0584H         PUBLIC        rd_temperature
  D:00D0H         PUBLIC        PSW
  C:0827H         SYMBOL        L?0020
  -------         PROC          L?0019
  -------         ENDPROC       L?0019
  C:0827H         SYMBOL        L?0020
  -------         PROC          _DELAY_ONEWIRE
  D:0006H         SYMBOL        t
  -------         DO            
  D:0005H         SYMBOL        i
  -------         ENDDO         
  C:082BH         LINE#         9
  C:082BH         LINE#         10
  C:082BH         LINE#         12
  C:0835H         LINE#         13
  C:0844H         LINE#         14
  C:0844H         LINE#         15
  -------         ENDPROC       _DELAY_ONEWIRE
  -------         PROC          _WRITE_DS18B20
  D:0001H         SYMBOL        dat
  -------         DO            
  D:0003H         SYMBOL        i
  -------         ENDDO         
  C:0727H         LINE#         18
  C:0729H         LINE#         19
  C:0729H         LINE#         21
  C:0735H         LINE#         22
  C:0735H         LINE#         23
  C:0737H         LINE#         24
  C:073BH         LINE#         25
BL51 BANKED LINKER/LOCATER V6.22.2.0                                                  02/08/2026  23:01:53  PAGE 15


  C:073EH         LINE#         26
  C:0740H         LINE#         27
  C:0744H         LINE#         28
  C:0747H         LINE#         29
  -------         ENDPROC       _WRITE_DS18B20
  -------         PROC          READ_DS18B20
  -------         DO            
  D:0003H         SYMBOL        i
  D:0004H         SYMBOL        dat
  -------         ENDDO         
  C:07E4H         LINE#         33
  C:07E4H         LINE#         34
  C:07E4H         LINE#         38
  C:07F0H         LINE#         39
  C:07F0H         LINE#         40
  C:07F2H         LINE#         41
  C:07F6H         LINE#         42
  C:07F8H         LINE#         43
  C:07FBH         LINE#         44
  C:07FBH         LINE#         45
  C:07FEH         LINE#         46
  C:07FEH         LINE#         47
  C:0801H         LINE#         48
  C:0804H         LINE#         49
  C:0806H         LINE#         50
  -------         ENDPROC       READ_DS18B20
  -------         PROC          INIT_DS18B20
  -------         DO            
  B:0020H.0       SYMBOL        initflag
  -------         ENDDO         
  C:074EH         LINE#         53
  C:074EH         LINE#         54
  C:074EH         LINE#         55
  C:0750H         LINE#         57
  C:0752H         LINE#         58
  C:0759H         LINE#         59
  C:075BH         LINE#         60
  C:0762H         LINE#         61
  C:0764H         LINE#         62
  C:076BH         LINE#         63
  C:076FH         LINE#         64
  C:0772H         LINE#         66
  C:0774H         LINE#         67
  -------         ENDPROC       INIT_DS18B20
  -------         PROC          RD_TEMPERATURE
  -------         DO            
  D:0007H         SYMBOL        high
  D:0001H         SYMBOL        low
  -------         ENDDO         
  C:0584H         LINE#         70
  C:0584H         LINE#         71
  C:0584H         LINE#         74
  C:0587H         LINE#         75
  C:058CH         LINE#         76
  C:0591H         LINE#         78
  C:0598H         LINE#         80
  C:059BH         LINE#         81
BL51 BANKED LINKER/LOCATER V6.22.2.0                                                  02/08/2026  23:01:53  PAGE 16


  C:05A0H         LINE#         82
  C:05A5H         LINE#         84
  C:05AAH         LINE#         85
  C:05ADH         LINE#         87
  -------         ENDPROC       RD_TEMPERATURE
  -------         ENDMOD        ONEWIRE

  -------         MODULE        IIC
  C:0000H         SYMBOL        _ICE_DUMMY_
  D:0080H         PUBLIC        P0
  D:0090H         PUBLIC        P1
  D:00A0H         PUBLIC        P2
  D:00B0H         PUBLIC        P3
  C:079BH         PUBLIC        _Ad_Read
  D:00C0H         PUBLIC        P4
  D:00C8H         PUBLIC        P5
  D:00E8H         PUBLIC        P6
  D:00F8H         PUBLIC        P7
  D:00A8H         PUBLIC        IE
  C:0881H         SYMBOL        _I2C_Delay
  C:08EFH         PUBLIC        _Da_Write
  D:00B8H         PUBLIC        IP
  C:0775H         PUBLIC        I2CReceiveByte
  D:00D8H         PUBLIC        CCON
  D:0098H         PUBLIC        SCON
  D:0088H         PUBLIC        TCON
  B:00A0H.1       PUBLIC        sda
  B:00A0H.0       PUBLIC        scl
  C:090EH         PUBLIC        I2CStart
  C:0897H         PUBLIC        _I2CSendAck
  C:05F5H         PUBLIC        _I2CSendByte
  C:086BH         PUBLIC        I2CWaitAck
  C:091DH         PUBLIC        I2CStop
  D:00D0H         PUBLIC        PSW
  C:087DH         SYMBOL        L?0024
  -------         PROC          L?0023
  -------         ENDPROC       L?0023
  C:087DH         SYMBOL        L?0024
  -------         PROC          _I2C_DELAY
  D:0007H         SYMBOL        n
  C:0881H         LINE#         14
  C:0881H         LINE#         15
  C:0881H         LINE#         17
  C:0881H         LINE#         18
  C:0886H         LINE#         19
  C:088BH         LINE#         20
  C:0890H         LINE#         21
  C:0890H         LINE#         22
  C:0896H         LINE#         23
  -------         ENDPROC       _I2C_DELAY
  -------         PROC          I2CSTART
  C:090EH         LINE#         26
  C:090EH         LINE#         27
  C:090EH         LINE#         28
  C:0910H         LINE#         29
  C:0910H         LINE#         30
  C:0913H         LINE#         31
BL51 BANKED LINKER/LOCATER V6.22.2.0                                                  02/08/2026  23:01:53  PAGE 17


  C:0915H         LINE#         32
  C:091AH         LINE#         33
  C:091CH         LINE#         34
  -------         ENDPROC       I2CSTART
  -------         PROC          I2CSTOP
  C:091DH         LINE#         37
  C:091DH         LINE#         38
  C:091DH         LINE#         39
  C:091FH         LINE#         40
  C:091FH         LINE#         41
  C:0922H         LINE#         42
  C:0924H         LINE#         43
  -------         ENDPROC       I2CSTOP
  -------         PROC          _I2CSENDBYTE
  D:0005H         SYMBOL        byt
  -------         DO            
  D:0004H         SYMBOL        i
  -------         ENDDO         
  C:05F5H         LINE#         47
  C:05F7H         LINE#         48
  C:05F7H         LINE#         51
  C:0603H         LINE#         52
  C:0605H         LINE#         53
  C:060AH         LINE#         54
  C:060EH         LINE#         55
  C:0610H         LINE#         56
  C:0612H         LINE#         57
  C:0612H         LINE#         58
  C:0614H         LINE#         59
  C:0614H         LINE#         60
  C:0619H         LINE#         61
  C:061BH         LINE#         62
  C:061FH         LINE#         63
  C:0624H         LINE#         64
  C:0627H         LINE#         66
  C:0629H         LINE#         67
  -------         ENDPROC       _I2CSENDBYTE
  -------         PROC          I2CRECEIVEBYTE
  -------         DO            
  D:0005H         SYMBOL        da
  D:0004H         SYMBOL        i
  -------         ENDDO         
  C:0775H         LINE#         70
  C:0775H         LINE#         71
  C:0775H         LINE#         74
  C:0781H         LINE#         75
  C:0781H         LINE#         76
  C:0784H         LINE#         77
  C:0788H         LINE#         78
  C:078BH         LINE#         79
  C:078EH         LINE#         80
  C:0790H         LINE#         81
  C:0795H         LINE#         82
  C:0798H         LINE#         83
  C:079AH         LINE#         84
  -------         ENDPROC       I2CRECEIVEBYTE
  -------         PROC          L?0022
BL51 BANKED LINKER/LOCATER V6.22.2.0                                                  02/08/2026  23:01:53  PAGE 18


  -------         ENDPROC       L?0022
  -------         PROC          I2CWAITACK
  -------         DO            
  D:0005H         SYMBOL        ackbit
  -------         ENDDO         
  C:086BH         LINE#         87
  C:086BH         LINE#         88
  C:086BH         LINE#         91
  C:086BH         LINE#         92
  C:086EH         LINE#         93
  C:0873H         LINE#         94
  C:0875H         LINE#         95
  C:087AH         LINE#         97
  C:087CH         LINE#         98
  -------         ENDPROC       I2CWAITACK
  -------         PROC          _I2CSENDACK
  D:0007H         SYMBOL        ackbit
  C:0897H         LINE#         101
  C:0897H         LINE#         102
  C:0897H         LINE#         103
  C:0899H         LINE#         104
  C:089EH         LINE#         105
  C:08A3H         LINE#         106
  C:08A3H         LINE#         107
  C:08A6H         LINE#         108
  C:08A8H         LINE#         109
  C:08AAH         LINE#         110
  -------         ENDPROC       _I2CSENDACK
  -------         PROC          _AD_READ
  D:0003H         SYMBOL        addr
  -------         DO            
  D:0005H         SYMBOL        temp
  -------         ENDDO         
  C:079BH         LINE#         120
  C:079BH         LINE#         121
  C:079BH         LINE#         124
  C:079BH         LINE#         125
  C:079BH         LINE#         126
  C:079EH         LINE#         127
  C:07A3H         LINE#         128
  C:07A6H         LINE#         130
  C:07A9H         LINE#         131
  C:07AEH         LINE#         132
  C:07B1H         LINE#         133
  C:07B6H         LINE#         135
  C:07BBH         LINE#         136
  C:07BEH         LINE#         138
  C:07C0H         LINE#         139
  -------         ENDPROC       _AD_READ
  -------         PROC          _DA_WRITE
  D:0003H         SYMBOL        dat
  C:08EFH         LINE#         142
  C:08EFH         LINE#         143
  C:08EFH         LINE#         144
  C:08EFH         LINE#         145
  C:08EFH         LINE#         146
  C:08F2H         LINE#         147
BL51 BANKED LINKER/LOCATER V6.22.2.0                                                  02/08/2026  23:01:53  PAGE 19


  C:08F7H         LINE#         148
  C:08FAH         LINE#         149
  -------         ENDPROC       _DA_WRITE
  -------         ENDMOD        IIC

  -------         MODULE        ?C?FPMUL
  C:001EH         PUBLIC        ?C?FPMUL
  -------         ENDMOD        ?C?FPMUL

  -------         MODULE        ?C?FCAST
  C:012EH         PUBLIC        ?C?FCASTC
  C:0129H         PUBLIC        ?C?FCASTI
  C:0124H         PUBLIC        ?C?FCASTL
  -------         ENDMOD        ?C?FCAST

  -------         MODULE        ?C?CASTF
  C:0162H         PUBLIC        ?C?CASTF
  -------         ENDMOD        ?C?CASTF

  -------         MODULE        ?C?CLDPTR
  C:01E3H         PUBLIC        ?C?CLDPTR
  -------         ENDMOD        ?C?CLDPTR

  -------         MODULE        ?C?CLDOPTR
  C:01FCH         PUBLIC        ?C?CLDOPTR
  -------         ENDMOD        ?C?CLDOPTR

  -------         MODULE        ?C?CSTOPTR
  C:0229H         PUBLIC        ?C?CSTOPTR
  -------         ENDMOD        ?C?CSTOPTR

  -------         MODULE        ?C?LNEG
  C:024BH         PUBLIC        ?C?LNEG
  -------         ENDMOD        ?C?LNEG

*** WARNING L16: UNCALLED SEGMENT, IGNORED FOR OVERLAY PROCESS
    SEGMENT: ?PR?LED_OFF?LED

*** WARNING L16: UNCALLED SEGMENT, IGNORED FOR OVERLAY PROCESS
    SEGMENT: ?PR?BEEP?LED

*** WARNING L16: UNCALLED SEGMENT, IGNORED FOR OVERLAY PROCESS
    SEGMENT: ?PR?MOTOR?LED

*** WARNING L16: UNCALLED SEGMENT, IGNORED FOR OVERLAY PROCESS
    SEGMENT: ?PR?RELAY?LED

*** WARNING L16: UNCALLED SEGMENT, IGNORED FOR OVERLAY PROCESS
    SEGMENT: ?PR?_AD_READ?IIC

*** WARNING L16: UNCALLED SEGMENT, IGNORED FOR OVERLAY PROCESS
    SEGMENT: ?PR?_DA_WRITE?IIC

Program Size: data=31.5 xdata=27 code=2345
LINK/LOCATE RUN COMPLETE.  6 WARNING(S),  0 ERROR(S)
