BL51 BANKED LINKER/LOCATER V6.22.2.0                                                    02/15/2026  13:26:23  PAGE 1


BL51 BANKED LINKER/LOCATER V6.22.2.0, INVOKED BY:
D:\KEILC51\C51\BIN\BL51.EXE .\Objects\STARTUP.obj, .\Objects\main.obj, .\Objects\Key.obj, .\Objects\Seg.obj, .\Objects\L
>> ED.obj, .\Objects\Init.obj, .\Objects\ds1302.obj, .\Objects\onewire.obj, .\Objects\iic.obj, .\Objects\ultrasound.obj 
>> TO .\Objects\V4T手敲 PRINT (.\Listings\V4T手敲.m51) RAMSIZE (256)


MEMORY MODEL: SMALL WITH FLOATING POINT ARITHMETIC


INPUT MODULES INCLUDED:
  .\Objects\STARTUP.obj (?C_STARTUP)
  .\Objects\main.obj (MAIN)
  .\Objects\Key.obj (KEY)
  .\Objects\Seg.obj (SEG)
  .\Objects\LED.obj (LED)
  .\Objects\Init.obj (INIT)
  .\Objects\ds1302.obj (DS1302)
  .\Objects\onewire.obj (ONEWIRE)
  .\Objects\iic.obj (IIC)
  .\Objects\ultrasound.obj (ULTRASOUND)
  D:\KEILC51\C51\LIB\C51FPS.LIB (?C?FPMUL)
  D:\KEILC51\C51\LIB\C51FPS.LIB (?C?FCAST)
  D:\KEILC51\C51\LIB\C51FPS.LIB (?C?CASTF)
  D:\KEILC51\C51\LIB\C51FPS.LIB (?C?FPGETOPN)
  D:\KEILC51\C51\LIB\C51S.LIB (?C_INIT)
  D:\KEILC51\C51\LIB\C51S.LIB (?C?CLDPTR)
  D:\KEILC51\C51\LIB\C51S.LIB (?C?CLDOPTR)
  D:\KEILC51\C51\LIB\C51S.LIB (?C?CSTPTR)
  D:\KEILC51\C51\LIB\C51S.LIB (?C?CSTOPTR)
  D:\KEILC51\C51\LIB\C51S.LIB (?C?UIDIV)
  D:\KEILC51\C51\LIB\C51S.LIB (?C?LNEG)


LINK MAP OF MODULE:  .\Objects\V4T手敲 (?C_STARTUP)


            TYPE    BASE      LENGTH    RELOCATION   SEGMENT NAME
            -----------------------------------------------------

            * * * * * * *   D A T A   M E M O R Y   * * * * * * *
            REG     0000H     0008H     ABSOLUTE     "REG BANK 0"
            DATA    0008H     0006H     UNIT         ?DT?_EEPROM_WRITE?IIC
            DATA    000EH     0006H     UNIT         ?DT?_EEPROM_READ?IIC
            DATA    0014H     0003H     UNIT         _DATA_GROUP_
            IDATA   0017H     0004H     UNIT         ?ID?LED
                    001BH     0005H                  *** GAP ***
            BIT     0020H.0   0000H.2   UNIT         _BIT_GROUP_
            BIT     0020H.2   0000H.1   UNIT         ?BI?BEEP?LED
            BIT     0020H.3   0000H.1   UNIT         ?BI?MOTOR?LED
            BIT     0020H.4   0000H.1   UNIT         ?BI?RELAY?LED
                    0020H.5   0000H.3                *** GAP ***
            IDATA   0021H     001AH     UNIT         ?ID?MAIN
            IDATA   003BH     0001H     UNIT         ?STACK

            * * * * * * *  X D A T A   M E M O R Y  * * * * * * *
            XDATA   0000H     0020H     INPAGE       ?PD?MAIN
            XDATA   0020H     000BH     INPAGE       ?PD?SEG

BL51 BANKED LINKER/LOCATER V6.22.2.0                                                  02/15/2026  13:26:23  PAGE 2


            * * * * * * *   C O D E   M E M O R Y   * * * * * * *
            CODE    0000H     0003H     ABSOLUTE     
            CODE    0003H     0018H     UNIT         ?PR?LED_OFF?LED
            CODE    001BH     0003H     ABSOLUTE     
            CODE    001EH     02A2H     UNIT         ?C?LIB_CODE
            CODE    02C0H     00C5H     UNIT         ?PR?TIMER1_ISR?MAIN
            CODE    0385H     008CH     UNIT         ?C_C51STARTUP
            CODE    0411H     0085H     UNIT         ?PR?KEY_READ?KEY
            CODE    0496H     0082H     UNIT         ?PR?_LED_DISP?LED
            CODE    0518H     0056H     UNIT         ?PR?_SET_RTC?DS1302
            CODE    056EH     004FH     UNIT         ?PR?_SEG_DISP?SEG
            CODE    05BDH     004FH     UNIT         ?PR?_EEPROM_READ?IIC
            CODE    060CH     004DH     UNIT         ?C_INITSEG
            CODE    0659H     0048H     UNIT         ?PR?_EEPROM_WRITE?IIC
            CODE    06A1H     0044H     UNIT         ?PR?AD_DA?MAIN
            CODE    06E5H     0041H     UNIT         ?PR?_READ_RTC?DS1302
            CODE    0726H     003DH     UNIT         ?PR?_READ_DS1302_BYTE?DS1302
            CODE    0763H     003BH     UNIT         ?PR?RD_TEMPERATURE?ONEWIRE
            CODE    079EH     003AH     UNIT         ?PR?KEY_PROC?MAIN
            CODE    07D8H     0038H     UNIT         ?PR?UT_WAVE_DATA?ULTRASOUND
            CODE    0810H     0035H     UNIT         ?PR?_I2CSENDBYTE?IIC
            CODE    0845H     002CH     UNIT         ?PR?BEEP?LED
            CODE    0871H     002CH     UNIT         ?PR?MOTOR?LED
            CODE    089DH     002CH     UNIT         ?PR?RELAY?LED
            CODE    08C9H     002AH     UNIT         ?PR?I2CRECEIVEBYTE?IIC
            CODE    08F3H     0029H     UNIT         ?PR?MAIN?MAIN
            CODE    091CH     0028H     UNIT         ?PR?GET_TEMPERATURE?MAIN
            CODE    0944H     0028H     UNIT         ?PR?I2CWAITACK?IIC
            CODE    096CH     0027H     UNIT         ?PR?SYSTEM_INIT?INIT
            CODE    0993H     0027H     UNIT         ?PR?_WRITE_DS18B20?ONEWIRE
            CODE    09BAH     0027H     UNIT         ?PR?INIT_DS18B20?ONEWIRE
            CODE    09E1H     0027H     UNIT         ?PR?_I2C_DELAY?IIC
            CODE    0A08H     0025H     UNIT         ?PR?_AD_READ?IIC
            CODE    0A2DH     0023H     UNIT         ?PR?READ_DS18B20?ONEWIRE
            CODE    0A50H     001EH     UNIT         ?PR?_DELAY_ONEWIRE?ONEWIRE
            CODE    0A6EH     001EH     UNIT         ?PR?UT_WAVE_INIT?ULTRASOUND
            CODE    0A8CH     001CH     UNIT         ?PR?_WRITE_DS1302?DS1302
            CODE    0AA8H     001CH     UNIT         ?PR?_I2CSENDACK?IIC
            CODE    0AC4H     001BH     UNIT         ?PR?LED_PROC?MAIN
            CODE    0ADFH     0017H     UNIT         ?PR?GET_TIME?MAIN
            CODE    0AF6H     0016H     UNIT         ?PR?DISTANCE_GET?MAIN
            CODE    0B0CH     0015H     UNIT         ?PR?TIMER1_INIT?MAIN
            CODE    0B21H     0015H     UNIT         ?PR?_DA_WRITE?IIC
            CODE    0B36H     0014H     UNIT         ?PR?_WRITE_DS1302_BYTE?DS1302
            CODE    0B4AH     0013H     UNIT         ?PR?TIMER0_INIT?MAIN
            CODE    0B5DH     0013H     UNIT         ?PR?I2CSTART?IIC
            CODE    0B70H     0010H     UNIT         ?PR?I2CSTOP?IIC
            CODE    0B80H     000FH     UNIT         ?PR?SEG_PROC?MAIN
            CODE    0B8FH     0006H     UNIT         ?PR?DELAY12US?ULTRASOUND



OVERLAY MAP OF MODULE:   .\Objects\V4T手敲 (?C_STARTUP)


SEGMENT                                  BIT_GROUP          DATA_GROUP 
  +--> CALLED SEGMENT                 START    LENGTH     START    LENGTH
BL51 BANKED LINKER/LOCATER V6.22.2.0                                                  02/15/2026  13:26:23  PAGE 3


-------------------------------------------------------------------------
?C_C51STARTUP                         -----    -----      -----    -----
  +--> ?PR?MAIN?MAIN
  +--> ?C_INITSEG

?PR?MAIN?MAIN                         -----    -----      -----    -----
  +--> ?PR?SYSTEM_INIT?INIT
  +--> ?PR?_SET_RTC?DS1302
  +--> ?PR?TIMER0_INIT?MAIN
  +--> ?PR?TIMER1_INIT?MAIN
  +--> ?PR?KEY_PROC?MAIN
  +--> ?PR?LED_PROC?MAIN
  +--> ?PR?SEG_PROC?MAIN
  +--> ?PR?GET_TIME?MAIN
  +--> ?PR?GET_TEMPERATURE?MAIN
  +--> ?PR?AD_DA?MAIN
  +--> ?PR?DISTANCE_GET?MAIN

?PR?_SET_RTC?DS1302                   -----    -----      0014H    0003H
  +--> ?PR?_WRITE_DS1302_BYTE?DS1302

?PR?_WRITE_DS1302_BYTE?DS1302         -----    -----      -----    -----
  +--> ?PR?_WRITE_DS1302?DS1302

?PR?KEY_PROC?MAIN                     -----    -----      -----    -----
  +--> ?PR?KEY_READ?KEY

?PR?GET_TIME?MAIN                     -----    -----      -----    -----
  +--> ?PR?_READ_RTC?DS1302

?PR?_READ_RTC?DS1302                  -----    -----      0014H    0003H
  +--> ?PR?_READ_DS1302_BYTE?DS1302

?PR?_READ_DS1302_BYTE?DS1302          -----    -----      -----    -----
  +--> ?PR?_WRITE_DS1302?DS1302

?PR?GET_TEMPERATURE?MAIN              -----    -----      -----    -----
  +--> ?PR?RD_TEMPERATURE?ONEWIRE

?PR?RD_TEMPERATURE?ONEWIRE            -----    -----      -----    -----
  +--> ?PR?INIT_DS18B20?ONEWIRE
  +--> ?PR?_WRITE_DS18B20?ONEWIRE
  +--> ?PR?_DELAY_ONEWIRE?ONEWIRE
  +--> ?PR?READ_DS18B20?ONEWIRE

?PR?INIT_DS18B20?ONEWIRE              0020H.0  0000H.1    -----    -----
  +--> ?PR?_DELAY_ONEWIRE?ONEWIRE

?PR?_WRITE_DS18B20?ONEWIRE            -----    -----      -----    -----
  +--> ?PR?_DELAY_ONEWIRE?ONEWIRE

?PR?READ_DS18B20?ONEWIRE              -----    -----      -----    -----
  +--> ?PR?_DELAY_ONEWIRE?ONEWIRE

?PR?AD_DA?MAIN                        -----    -----      -----    -----
  +--> ?PR?_AD_READ?IIC
  +--> ?PR?_DA_WRITE?IIC
BL51 BANKED LINKER/LOCATER V6.22.2.0                                                  02/15/2026  13:26:23  PAGE 4



?PR?_AD_READ?IIC                      -----    -----      -----    -----
  +--> ?PR?I2CSTART?IIC
  +--> ?PR?I2CWAITACK?IIC
  +--> ?PR?_I2CSENDBYTE?IIC
  +--> ?PR?I2CRECEIVEBYTE?IIC
  +--> ?PR?_I2CSENDACK?IIC
  +--> ?PR?I2CSTOP?IIC

?PR?I2CSTART?IIC                      -----    -----      -----    -----
  +--> ?PR?_I2C_DELAY?IIC

?PR?I2CWAITACK?IIC                    -----    -----      -----    -----
  +--> ?PR?I2CSTART?IIC
  +--> ?PR?_I2CSENDBYTE?IIC
  +--> ?PR?_I2C_DELAY?IIC

?PR?_I2CSENDBYTE?IIC                  -----    -----      -----    -----
  +--> ?PR?_I2C_DELAY?IIC

?PR?I2CRECEIVEBYTE?IIC                -----    -----      -----    -----
  +--> ?PR?_I2C_DELAY?IIC

?PR?_I2CSENDACK?IIC                   -----    -----      -----    -----
  +--> ?PR?_I2C_DELAY?IIC

?PR?I2CSTOP?IIC                       -----    -----      -----    -----
  +--> ?PR?_I2C_DELAY?IIC

?PR?_DA_WRITE?IIC                     -----    -----      -----    -----
  +--> ?PR?I2CSTART?IIC
  +--> ?PR?_I2CSENDBYTE?IIC
  +--> ?PR?I2CWAITACK?IIC
  +--> ?PR?I2CSTOP?IIC

?PR?DISTANCE_GET?MAIN                 -----    -----      -----    -----
  +--> ?PR?UT_WAVE_DATA?ULTRASOUND

?PR?UT_WAVE_DATA?ULTRASOUND           -----    -----      -----    -----
  +--> ?PR?UT_WAVE_INIT?ULTRASOUND

?PR?UT_WAVE_INIT?ULTRASOUND           -----    -----      -----    -----
  +--> ?PR?DELAY12US?ULTRASOUND

*** NEW ROOT ***************************************************

?PR?TIMER1_ISR?MAIN                   -----    -----      -----    -----
  +--> ?PR?_SEG_DISP?SEG
  +--> ?PR?_LED_DISP?LED
  +--> ?PR?LED_OFF?LED

?PR?_SEG_DISP?SEG                     0020H.1  0000H.1    -----    -----



SYMBOL TABLE OF MODULE:  .\Objects\V4T手敲 (?C_STARTUP)

BL51 BANKED LINKER/LOCATER V6.22.2.0                                                  02/15/2026  13:26:23  PAGE 5


  VALUE           TYPE          NAME
  ----------------------------------

  -------         MODULE        ?C_STARTUP
  C:0385H         SEGMENT       ?C_C51STARTUP
  I:003BH         SEGMENT       ?STACK
  C:0000H         PUBLIC        ?C_STARTUP
  D:00E0H         SYMBOL        ACC
  D:00F0H         SYMBOL        B
  D:0083H         SYMBOL        DPH
  D:0082H         SYMBOL        DPL
  N:0000H         SYMBOL        IBPSTACK
  N:0100H         SYMBOL        IBPSTACKTOP
  N:0080H         SYMBOL        IDATALEN
  C:0388H         SYMBOL        IDATALOOP
  N:0000H         SYMBOL        PBPSTACK
  N:0100H         SYMBOL        PBPSTACKTOP
  N:0000H         SYMBOL        PDATALEN
  N:0000H         SYMBOL        PDATASTART
  N:0000H         SYMBOL        PPAGE
  N:0000H         SYMBOL        PPAGEENABLE
  D:00A0H         SYMBOL        PPAGE_SFR
  D:0081H         SYMBOL        SP
  C:0385H         SYMBOL        STARTUP1
  N:0000H         SYMBOL        XBPSTACK
  N:0000H         SYMBOL        XBPSTACKTOP
  N:0000H         SYMBOL        XDATALEN
  N:0000H         SYMBOL        XDATASTART
  C:0000H         LINE#         126
  C:0385H         LINE#         133
  C:0387H         LINE#         134
  C:0388H         LINE#         135
  C:0389H         LINE#         136
  C:038BH         LINE#         185
  C:038EH         LINE#         196
  -------         ENDMOD        ?C_STARTUP

  -------         MODULE        MAIN
  C:0000H         SYMBOL        _ICE_DUMMY_
  D:0080H         PUBLIC        P0
  D:0090H         PUBLIC        P1
  D:00A0H         PUBLIC        P2
  D:00B0H         PUBLIC        P3
  I:0021H         PUBLIC        ucRtc
  D:00C0H         PUBLIC        P4
  D:00C8H         PUBLIC        P5
  B:00A8H.7       PUBLIC        EA
  D:00E8H         PUBLIC        P6
  D:00F8H         PUBLIC        P7
  C:0AC4H         PUBLIC        Led_Proc
  D:00A8H         PUBLIC        IE
  I:0024H         PUBLIC        Freq
  C:0ADFH         PUBLIC        Get_Time
  I:0026H         PUBLIC        Time_Slow_Down
  I:0027H         PUBLIC        Time_1s
  C:0B80H         PUBLIC        Seg_Proc
  C:091CH         PUBLIC        Get_Temperature
BL51 BANKED LINKER/LOCATER V6.22.2.0                                                  02/15/2026  13:26:23  PAGE 6


  I:0029H         PUBLIC        Temperature_Slow_Down
  D:00B8H         PUBLIC        IP
  X:0000H         PUBLIC        Seg_Buf
  C:079EH         PUBLIC        Key_Proc
  I:002BH         PUBLIC        pwm_compare
  I:002CH         PUBLIC        Seg_Slow_Down
  D:00D8H         PUBLIC        CCON
  I:002DH         PUBLIC        Key_Down
  C:08F3H         PUBLIC        main
  C:0B4AH         PUBLIC        Timer0_Init
  I:002EH         PUBLIC        Key_Old
  C:0B0CH         PUBLIC        Timer1_Init
  I:002FH         PUBLIC        AD_1_Data_10x
  I:0030H         PUBLIC        Key_Slow_Down
  I:0031H         PUBLIC        AD_3_Data_10x
  I:0032H         PUBLIC        Key_Val
  I:0033H         PUBLIC        Distance
  C:0AF6H         PUBLIC        Distance_Get
  I:0034H         PUBLIC        Distance_Slow_Down
  I:0035H         PUBLIC        Seg_Pos
  D:0098H         PUBLIC        SCON
  D:0089H         PUBLIC        TMOD
  D:0088H         PUBLIC        TCON
  I:0036H         PUBLIC        pwm_period
  D:008EH         PUBLIC        AUXR
  C:02C0H         PUBLIC        Timer1_Isr
  B:0088H.5       PUBLIC        TF0
  B:00A8H.3       PUBLIC        ET1
  B:0088H.7       PUBLIC        TF1
  D:008CH         PUBLIC        TH0
  D:008DH         PUBLIC        TH1
  I:0037H         PUBLIC        Temperature_10x
  I:0039H         PUBLIC        Key_Up
  D:008AH         PUBLIC        TL0
  D:008BH         PUBLIC        TL1
  B:0088H.4       PUBLIC        TR0
  B:0088H.6       PUBLIC        TR1
  X:0008H         PUBLIC        EEPROM_Data_R
  X:0010H         PUBLIC        EEPROM_Data_W
  C:06A1H         PUBLIC        AD_DA
  I:003AH         PUBLIC        AD_DA_Slow_Down
  X:0018H         PUBLIC        ucLed
  D:00D0H         PUBLIC        PSW
  -------         PROC          KEY_PROC
  C:079EH         LINE#         40
  C:079EH         LINE#         41
  C:079EH         LINE#         42
  C:07AAH         LINE#         43
  C:07ACH         LINE#         45
  C:07B3H         LINE#         46
  C:07BCH         LINE#         47
  C:07C2H         LINE#         48
  C:07C8H         LINE#         49
  C:07CDH         LINE#         50
  C:07D7H         LINE#         52
  -------         ENDPROC       KEY_PROC
  -------         PROC          TIMER1_ISR
BL51 BANKED LINKER/LOCATER V6.22.2.0                                                  02/15/2026  13:26:23  PAGE 7


  C:02C0H         LINE#         55
  C:02DDH         LINE#         57
  C:02E0H         LINE#         58
  C:02E3H         LINE#         59
  C:02E6H         LINE#         60
  C:02EEH         LINE#         61
  C:02F1H         LINE#         62
  C:02F4H         LINE#         63
  C:02FAH         LINE#         64
  C:030DH         LINE#         65
  C:030DH         LINE#         66
  C:0313H         LINE#         67
  C:0315H         LINE#         68
  C:0315H         LINE#         69
  C:031FH         LINE#         70
  C:031FH         LINE#         71
  C:0331H         LINE#         72
  C:0331H         LINE#         73
  C:0338H         LINE#         74
  C:0343H         LINE#         75
  C:0349H         LINE#         76
  C:0349H         LINE#         78
  C:0353H         LINE#         79
  C:035CH         LINE#         80
  C:0367H         LINE#         82
  C:036AH         LINE#         86
  -------         ENDPROC       TIMER1_ISR
  -------         PROC          SEG_PROC
  C:0B80H         LINE#         89
  C:0B80H         LINE#         90
  C:0B80H         LINE#         91
  C:0B8CH         LINE#         92
  C:0B8EH         LINE#         94
  -------         ENDPROC       SEG_PROC
  -------         PROC          LED_PROC
  C:0AC4H         LINE#         96
  C:0AC4H         LINE#         97
  C:0AC4H         LINE#         98
  C:0AC9H         LINE#         99
  C:0ACCH         LINE#         100
  C:0ACFH         LINE#         101
  C:0AD2H         LINE#         102
  C:0AD5H         LINE#         103
  C:0AD8H         LINE#         104
  C:0ADBH         LINE#         105
  C:0ADEH         LINE#         107
  -------         ENDPROC       LED_PROC
  -------         PROC          GET_TIME
  C:0ADFH         LINE#         109
  C:0ADFH         LINE#         110
  C:0ADFH         LINE#         111
  C:0AEBH         LINE#         112
  C:0AEDH         LINE#         113
  C:0AF5H         LINE#         114
  -------         ENDPROC       GET_TIME
  -------         PROC          GET_TEMPERATURE
  C:091CH         LINE#         116
BL51 BANKED LINKER/LOCATER V6.22.2.0                                                  02/15/2026  13:26:23  PAGE 8


  C:091CH         LINE#         117
  C:091CH         LINE#         118
  C:0928H         LINE#         119
  C:092CH         LINE#         120
  C:0943H         LINE#         122
  -------         ENDPROC       GET_TEMPERATURE
  -------         PROC          AD_DA
  C:06A1H         LINE#         124
  C:06A1H         LINE#         125
  C:06A1H         LINE#         126
  C:06ADH         LINE#         127
  C:06AFH         LINE#         128
  C:06C7H         LINE#         129
  C:06DFH         LINE#         130
  C:06E4H         LINE#         132
  -------         ENDPROC       AD_DA
  -------         PROC          DISTANCE_GET
  C:0AF6H         LINE#         134
  C:0AF6H         LINE#         135
  C:0AF6H         LINE#         136
  C:0B02H         LINE#         137
  C:0B04H         LINE#         138
  C:0B0BH         LINE#         139
  -------         ENDPROC       DISTANCE_GET
  -------         PROC          TIMER1_INIT
  C:0B0CH         LINE#         140
  C:0B0CH         LINE#         141
  C:0B0CH         LINE#         142
  C:0B0FH         LINE#         143
  C:0B12H         LINE#         144
  C:0B15H         LINE#         145
  C:0B18H         LINE#         146
  C:0B1AH         LINE#         147
  C:0B1CH         LINE#         148
  C:0B1EH         LINE#         149
  C:0B20H         LINE#         150
  -------         ENDPROC       TIMER1_INIT
  -------         PROC          TIMER0_INIT
  C:0B4AH         LINE#         152
  C:0B4AH         LINE#         153
  C:0B4AH         LINE#         154
  C:0B4DH         LINE#         155
  C:0B50H         LINE#         156
  C:0B53H         LINE#         157
  C:0B56H         LINE#         158
  C:0B58H         LINE#         159
  C:0B5AH         LINE#         160
  C:0B5CH         LINE#         162
  -------         ENDPROC       TIMER0_INIT
  -------         PROC          MAIN
  C:08F3H         LINE#         165
  C:08F3H         LINE#         166
  C:08F3H         LINE#         167
  C:08F6H         LINE#         168
  C:08FFH         LINE#         169
  C:0902H         LINE#         170
  C:0905H         LINE#         171
BL51 BANKED LINKER/LOCATER V6.22.2.0                                                  02/15/2026  13:26:23  PAGE 9


  C:0905H         LINE#         172
  C:0905H         LINE#         173
  C:0908H         LINE#         174
  C:090BH         LINE#         175
  C:090EH         LINE#         176
  C:0911H         LINE#         177
  C:0914H         LINE#         178
  C:0917H         LINE#         179
  C:091AH         LINE#         180
  -------         ENDPROC       MAIN
  -------         ENDMOD        MAIN

  -------         MODULE        KEY
  C:0000H         SYMBOL        _ICE_DUMMY_
  D:0080H         PUBLIC        P0
  D:0090H         PUBLIC        P1
  D:00A0H         PUBLIC        P2
  D:00B0H         PUBLIC        P3
  D:00C0H         PUBLIC        P4
  D:00C8H         PUBLIC        P5
  D:00E8H         PUBLIC        P6
  D:00F8H         PUBLIC        P7
  C:0411H         PUBLIC        Key_Read
  D:00A8H         PUBLIC        IE
  D:00B8H         PUBLIC        IP
  D:00D8H         PUBLIC        CCON
  B:00B0H.0       PUBLIC        P30
  D:0098H         PUBLIC        SCON
  B:00B0H.1       PUBLIC        P31
  D:0088H         PUBLIC        TCON
  B:00B0H.2       PUBLIC        P32
  B:00C0H.2       PUBLIC        P42
  B:00B0H.3       PUBLIC        P33
  B:00C0H.4       PUBLIC        P44
  B:00B0H.5       PUBLIC        P35
  D:00D0H         PUBLIC        PSW
  -------         PROC          KEY_READ
  -------         DO            
  D:0007H         SYMBOL        temp
  -------         ENDDO         
  C:0411H         LINE#         4
  C:0411H         LINE#         5
  C:0411H         LINE#         6
  C:0413H         LINE#         18
  C:0419H         LINE#         19
  C:041DH         LINE#         20
  C:0423H         LINE#         21
  C:0428H         LINE#         22
  C:042DH         LINE#         23
  C:0432H         LINE#         24
  C:0437H         LINE#         26
  C:043DH         LINE#         27
  C:0443H         LINE#         28
  C:0449H         LINE#         29
  C:044EH         LINE#         30
  C:0453H         LINE#         31
  C:045CH         LINE#         32
BL51 BANKED LINKER/LOCATER V6.22.2.0                                                  02/15/2026  13:26:23  PAGE 10


  C:0461H         LINE#         33
  C:0466H         LINE#         35
  C:046CH         LINE#         36
  C:0472H         LINE#         37
  C:0478H         LINE#         38
  C:047DH         LINE#         39
  C:0482H         LINE#         40
  C:0487H         LINE#         41
  C:048CH         LINE#         54
  C:0492H         LINE#         55
  C:0495H         LINE#         62
  C:0495H         LINE#         64
  -------         ENDPROC       KEY_READ
  -------         ENDMOD        KEY

  -------         MODULE        SEG
  C:0000H         SYMBOL        _ICE_DUMMY_
  D:0080H         PUBLIC        P0
  D:0090H         PUBLIC        P1
  D:00A0H         PUBLIC        P2
  D:00B0H         PUBLIC        P3
  D:00C0H         PUBLIC        P4
  D:00C8H         PUBLIC        P5
  D:00E8H         PUBLIC        P6
  D:00F8H         PUBLIC        P7
  X:0020H         PUBLIC        Seg_Dula
  D:00A8H         PUBLIC        IE
  C:056EH         PUBLIC        _Seg_Disp
  D:00B8H         PUBLIC        IP
  D:00D8H         PUBLIC        CCON
  D:0098H         PUBLIC        SCON
  D:0088H         PUBLIC        TCON
  D:00D0H         PUBLIC        PSW
  -------         PROC          _SEG_DISP
  D:0007H         SYMBOL        Wela
  D:0005H         SYMBOL        Dula
  B:0020H.1       SYMBOL        Point
  -------         DO            
  D:0006H         SYMBOL        temp
  -------         ENDDO         
  C:056EH         LINE#         7
  C:056EH         LINE#         8
  C:056EH         LINE#         12
  C:0571H         LINE#         14
  C:0576H         LINE#         15
  C:0579H         LINE#         16
  C:057BH         LINE#         17
  C:0580H         LINE#         18
  C:0582H         LINE#         21
  C:058FH         LINE#         23
  C:0594H         LINE#         24
  C:0597H         LINE#         25
  C:0599H         LINE#         26
  C:059DH         LINE#         27
  C:059FH         LINE#         30
  C:05A6H         LINE#         32
  C:05ACH         LINE#         34
BL51 BANKED LINKER/LOCATER V6.22.2.0                                                  02/15/2026  13:26:23  PAGE 11


  C:05B1H         LINE#         35
  C:05B4H         LINE#         36
  C:05B6H         LINE#         37
  C:05BAH         LINE#         38
  C:05BCH         LINE#         40
  -------         ENDPROC       _SEG_DISP
  -------         ENDMOD        SEG

  -------         MODULE        LED
  C:0000H         SYMBOL        _ICE_DUMMY_
  C:089DH         PUBLIC        Relay
  D:0080H         PUBLIC        P0
  D:0090H         PUBLIC        P1
  D:00A0H         PUBLIC        P2
  D:00B0H         PUBLIC        P3
  D:00C0H         PUBLIC        P4
  D:00C8H         PUBLIC        P5
  D:00E8H         PUBLIC        P6
  D:00F8H         PUBLIC        P7
  C:0496H         PUBLIC        _Led_Disp
  D:00A8H         PUBLIC        IE
  C:0003H         PUBLIC        Led_Off
  C:0871H         PUBLIC        Motor
  D:00B8H         PUBLIC        IP
  D:00D8H         PUBLIC        CCON
  D:0098H         PUBLIC        SCON
  D:0088H         PUBLIC        TCON
  I:0017H         PUBLIC        temp_1
  I:0018H         PUBLIC        temp_2
  I:0019H         PUBLIC        temp_1_old
  I:001AH         PUBLIC        temp_2_old
  D:00D0H         PUBLIC        PSW
  C:0845H         PUBLIC        Beep
  -------         PROC          _LED_DISP
  D:0001H         SYMBOL        ucLed
  -------         DO            
  D:0006H         SYMBOL        temp
  -------         ENDDO         
  C:0496H         LINE#         6
  C:0496H         LINE#         7
  C:0496H         LINE#         9
  C:049AH         LINE#         10
  C:04F6H         LINE#         13
  C:04FCH         LINE#         14
  C:04FCH         LINE#         15
  C:0503H         LINE#         17
  C:0508H         LINE#         18
  C:050BH         LINE#         19
  C:050DH         LINE#         20
  C:0511H         LINE#         21
  C:0513H         LINE#         23
  C:0517H         LINE#         24
  C:0517H         LINE#         25
  -------         ENDPROC       _LED_DISP
  -------         PROC          LED_OFF
  -------         DO            
  D:0007H         SYMBOL        temp
BL51 BANKED LINKER/LOCATER V6.22.2.0                                                  02/15/2026  13:26:23  PAGE 12


  -------         ENDDO         
  C:0003H         LINE#         27
  C:0003H         LINE#         28
  C:0003H         LINE#         31
  C:0006H         LINE#         33
  C:000BH         LINE#         34
  C:000EH         LINE#         35
  C:0010H         LINE#         36
  C:0014H         LINE#         37
  C:0016H         LINE#         39
  C:001AH         LINE#         40
  -------         ENDPROC       LED_OFF
  -------         PROC          BEEP
  B:0020H.2       SYMBOL        enable
  -------         DO            
  D:0006H         SYMBOL        temp
  -------         ENDDO         
  C:0845H         LINE#         45
  C:0845H         LINE#         46
  C:0845H         LINE#         48
  C:084BH         LINE#         49
  C:084BH         LINE#         50
  C:084EH         LINE#         51
  C:0850H         LINE#         52
  C:0850H         LINE#         53
  C:0853H         LINE#         54
  C:0853H         LINE#         55
  C:085CH         LINE#         56
  C:085CH         LINE#         57
  C:085EH         LINE#         59
  C:0863H         LINE#         60
  C:0866H         LINE#         61
  C:0868H         LINE#         62
  C:086CH         LINE#         63
  C:086EH         LINE#         65
  C:0870H         LINE#         66
  C:0870H         LINE#         67
  -------         ENDPROC       BEEP
  -------         PROC          MOTOR
  B:0020H.3       SYMBOL        enable
  -------         DO            
  D:0006H         SYMBOL        temp
  -------         ENDDO         
  C:0871H         LINE#         69
  C:0871H         LINE#         70
  C:0871H         LINE#         72
  C:0877H         LINE#         73
  C:0877H         LINE#         74
  C:087AH         LINE#         75
  C:087CH         LINE#         76
  C:087CH         LINE#         77
  C:087FH         LINE#         78
  C:087FH         LINE#         79
  C:0888H         LINE#         80
  C:0888H         LINE#         81
  C:088AH         LINE#         83
  C:088FH         LINE#         84
BL51 BANKED LINKER/LOCATER V6.22.2.0                                                  02/15/2026  13:26:23  PAGE 13


  C:0892H         LINE#         85
  C:0894H         LINE#         86
  C:0898H         LINE#         87
  C:089AH         LINE#         89
  C:089CH         LINE#         90
  C:089CH         LINE#         91
  -------         ENDPROC       MOTOR
  -------         PROC          RELAY
  B:0020H.4       SYMBOL        enable
  -------         DO            
  D:0006H         SYMBOL        temp
  -------         ENDDO         
  C:089DH         LINE#         93
  C:089DH         LINE#         94
  C:089DH         LINE#         96
  C:08A3H         LINE#         97
  C:08A3H         LINE#         98
  C:08A6H         LINE#         99
  C:08A8H         LINE#         100
  C:08A8H         LINE#         101
  C:08ABH         LINE#         102
  C:08ABH         LINE#         103
  C:08B4H         LINE#         104
  C:08B4H         LINE#         105
  C:08B6H         LINE#         107
  C:08BBH         LINE#         108
  C:08BEH         LINE#         109
  C:08C0H         LINE#         110
  C:08C4H         LINE#         111
  C:08C6H         LINE#         113
  C:08C8H         LINE#         114
  C:08C8H         LINE#         115
  -------         ENDPROC       RELAY
  -------         ENDMOD        LED

  -------         MODULE        INIT
  C:0000H         SYMBOL        _ICE_DUMMY_
  C:096CH         PUBLIC        System_Init
  D:0080H         PUBLIC        P0
  D:0090H         PUBLIC        P1
  D:00A0H         PUBLIC        P2
  D:00B0H         PUBLIC        P3
  D:00C0H         PUBLIC        P4
  D:00C8H         PUBLIC        P5
  D:00E8H         PUBLIC        P6
  D:00F8H         PUBLIC        P7
  D:00A8H         PUBLIC        IE
  D:00B8H         PUBLIC        IP
  D:00D8H         PUBLIC        CCON
  D:0098H         PUBLIC        SCON
  D:0088H         PUBLIC        TCON
  D:00D0H         PUBLIC        PSW
  -------         PROC          SYSTEM_INIT
  -------         DO            
  D:0007H         SYMBOL        temp
  -------         ENDDO         
  C:096CH         LINE#         2
BL51 BANKED LINKER/LOCATER V6.22.2.0                                                  02/15/2026  13:26:23  PAGE 14


  C:096CH         LINE#         3
  C:096CH         LINE#         6
  C:096FH         LINE#         8
  C:0974H         LINE#         9
  C:0977H         LINE#         10
  C:0979H         LINE#         11
  C:097DH         LINE#         12
  C:097FH         LINE#         15
  C:0982H         LINE#         16
  C:0987H         LINE#         17
  C:098AH         LINE#         18
  C:098CH         LINE#         19
  C:0990H         LINE#         20
  C:0992H         LINE#         23
  -------         ENDPROC       SYSTEM_INIT
  -------         ENDMOD        INIT

  -------         MODULE        DS1302
  C:0000H         SYMBOL        _ICE_DUMMY_
  D:0080H         PUBLIC        P0
  D:0090H         PUBLIC        P1
  D:00A0H         PUBLIC        P2
  D:00B0H         PUBLIC        P3
  D:00C0H         PUBLIC        P4
  D:00C8H         PUBLIC        P5
  B:00A8H.7       PUBLIC        EA
  D:00E8H         PUBLIC        P6
  D:00F8H         PUBLIC        P7
  C:06E5H         PUBLIC        _Read_Rtc
  D:00A8H         PUBLIC        IE
  D:00B8H         PUBLIC        IP
  D:00D8H         PUBLIC        CCON
  D:0098H         PUBLIC        SCON
  D:0088H         PUBLIC        TCON
  C:0518H         PUBLIC        _Set_Rtc
  C:0726H         PUBLIC        _Read_Ds1302_Byte
  B:00A0H.3       PUBLIC        SDA
  B:0090H.7       PUBLIC        SCK
  C:0B36H         PUBLIC        _Write_Ds1302_Byte
  C:0A8CH         PUBLIC        _Write_Ds1302
  B:0090H.3       PUBLIC        RST
  D:00D0H         PUBLIC        PSW
  -------         PROC          _WRITE_DS1302
  D:0007H         SYMBOL        temp
  -------         DO            
  D:0006H         SYMBOL        i
  -------         ENDDO         
  C:0A8CH         LINE#         11
  C:0A8CH         LINE#         12
  C:0A8CH         LINE#         14
  C:0A98H         LINE#         15
  C:0A98H         LINE#         16
  C:0A9AH         LINE#         17
  C:0A9EH         LINE#         18
  C:0AA2H         LINE#         19
  C:0AA4H         LINE#         20
  C:0AA7H         LINE#         21
BL51 BANKED LINKER/LOCATER V6.22.2.0                                                  02/15/2026  13:26:23  PAGE 15


  -------         ENDPROC       _WRITE_DS1302
  -------         PROC          _WRITE_DS1302_BYTE
  D:0007H         SYMBOL        address
  D:0005H         SYMBOL        dat
  C:0B36H         LINE#         24
  C:0B36H         LINE#         25
  C:0B36H         LINE#         26
  C:0B39H         LINE#         27
  C:0B3CH         LINE#         28
  C:0B3FH         LINE#         29
  C:0B42H         LINE#         30
  C:0B47H         LINE#         31
  C:0B49H         LINE#         32
  -------         ENDPROC       _WRITE_DS1302_BYTE
  -------         PROC          _READ_DS1302_BYTE
  D:0007H         SYMBOL        address
  -------         DO            
  D:0007H         SYMBOL        i
  D:0005H         SYMBOL        temp
  -------         ENDDO         
  C:0726H         LINE#         35
  C:0726H         LINE#         36
  C:0726H         LINE#         37
  C:0728H         LINE#         38
  C:072BH         LINE#         39
  C:072EH         LINE#         40
  C:0731H         LINE#         41
  C:0734H         LINE#         42
  C:0740H         LINE#         43
  C:0740H         LINE#         44
  C:0742H         LINE#         45
  C:0746H         LINE#         46
  C:0749H         LINE#         47
  C:074CH         LINE#         48
  C:074EH         LINE#         49
  C:0751H         LINE#         50
  C:0754H         LINE#         51
  C:0757H         LINE#         52
  C:075AH         LINE#         53
  C:075DH         LINE#         54
  C:0760H         LINE#         55
  C:0762H         LINE#         56
  -------         ENDPROC       _READ_DS1302_BYTE
  -------         PROC          _SET_RTC
  D:0014H         SYMBOL        ucRtc
  -------         DO            
  D:0004H         SYMBOL        i
  -------         ENDDO         
  C:0518H         LINE#         59
  C:051EH         LINE#         60
  C:051EH         LINE#         62
  C:0525H         LINE#         63
  C:052CH         LINE#         64
  C:0538H         LINE#         65
  C:0538H         LINE#         66
  C:0564H         LINE#         67
  C:0567H         LINE#         68
BL51 BANKED LINKER/LOCATER V6.22.2.0                                                  02/15/2026  13:26:23  PAGE 16


  -------         ENDPROC       _SET_RTC
  -------         PROC          _READ_RTC
  D:0014H         SYMBOL        ucRtc
  -------         DO            
  D:0004H         SYMBOL        i
  D:0007H         SYMBOL        temp
  -------         ENDDO         
  C:06E5H         LINE#         72
  C:06EBH         LINE#         73
  C:06EBH         LINE#         76
  C:06EDH         LINE#         77
  C:06F9H         LINE#         78
  C:06F9H         LINE#         79
  C:0705H         LINE#         80
  C:0720H         LINE#         81
  C:0723H         LINE#         82
  C:0725H         LINE#         83
  -------         ENDPROC       _READ_RTC
  -------         ENDMOD        DS1302

  -------         MODULE        ONEWIRE
  C:0000H         SYMBOL        _ICE_DUMMY_
  D:0080H         PUBLIC        P0
  D:0090H         PUBLIC        P1
  D:00A0H         PUBLIC        P2
  D:00B0H         PUBLIC        P3
  D:00C0H         PUBLIC        P4
  C:0A2DH         PUBLIC        Read_DS18B20
  D:00C8H         PUBLIC        P5
  D:00E8H         PUBLIC        P6
  D:00F8H         PUBLIC        P7
  D:00A8H         PUBLIC        IE
  C:0A54H         PUBLIC        _Delay_OneWire
  C:0993H         PUBLIC        _Write_DS18B20
  B:0090H.4       PUBLIC        DQ
  D:00B8H         PUBLIC        IP
  C:09BAH         PUBLIC        init_ds18b20
  D:00D8H         PUBLIC        CCON
  D:0098H         PUBLIC        SCON
  D:0088H         PUBLIC        TCON
  C:0763H         PUBLIC        rd_temperature
  D:00D0H         PUBLIC        PSW
  C:0A50H         SYMBOL        L?0020
  -------         PROC          L?0019
  -------         ENDPROC       L?0019
  C:0A50H         SYMBOL        L?0020
  -------         PROC          _DELAY_ONEWIRE
  D:0006H         SYMBOL        t
  -------         DO            
  D:0005H         SYMBOL        i
  -------         ENDDO         
  C:0A54H         LINE#         9
  C:0A54H         LINE#         10
  C:0A54H         LINE#         12
  C:0A5EH         LINE#         13
  C:0A6DH         LINE#         14
  C:0A6DH         LINE#         15
BL51 BANKED LINKER/LOCATER V6.22.2.0                                                  02/15/2026  13:26:23  PAGE 17


  -------         ENDPROC       _DELAY_ONEWIRE
  -------         PROC          _WRITE_DS18B20
  D:0001H         SYMBOL        dat
  -------         DO            
  D:0003H         SYMBOL        i
  -------         ENDDO         
  C:0993H         LINE#         18
  C:0995H         LINE#         19
  C:0995H         LINE#         21
  C:09A1H         LINE#         22
  C:09A1H         LINE#         23
  C:09A3H         LINE#         24
  C:09A7H         LINE#         25
  C:09AAH         LINE#         26
  C:09ACH         LINE#         27
  C:09B0H         LINE#         28
  C:09B3H         LINE#         29
  -------         ENDPROC       _WRITE_DS18B20
  -------         PROC          READ_DS18B20
  -------         DO            
  D:0003H         SYMBOL        i
  D:0004H         SYMBOL        dat
  -------         ENDDO         
  C:0A2DH         LINE#         33
  C:0A2DH         LINE#         34
  C:0A2DH         LINE#         38
  C:0A39H         LINE#         39
  C:0A39H         LINE#         40
  C:0A3BH         LINE#         41
  C:0A3FH         LINE#         42
  C:0A41H         LINE#         43
  C:0A44H         LINE#         44
  C:0A44H         LINE#         45
  C:0A47H         LINE#         46
  C:0A47H         LINE#         47
  C:0A4AH         LINE#         48
  C:0A4DH         LINE#         49
  C:0A4FH         LINE#         50
  -------         ENDPROC       READ_DS18B20
  -------         PROC          INIT_DS18B20
  -------         DO            
  B:0020H.0       SYMBOL        initflag
  -------         ENDDO         
  C:09BAH         LINE#         53
  C:09BAH         LINE#         54
  C:09BAH         LINE#         55
  C:09BCH         LINE#         57
  C:09BEH         LINE#         58
  C:09C5H         LINE#         59
  C:09C7H         LINE#         60
  C:09CEH         LINE#         61
  C:09D0H         LINE#         62
  C:09D7H         LINE#         63
  C:09DBH         LINE#         64
  C:09DEH         LINE#         66
  C:09E0H         LINE#         67
  -------         ENDPROC       INIT_DS18B20
BL51 BANKED LINKER/LOCATER V6.22.2.0                                                  02/15/2026  13:26:23  PAGE 18


  -------         PROC          RD_TEMPERATURE
  -------         DO            
  D:0007H         SYMBOL        high
  D:0001H         SYMBOL        low
  -------         ENDDO         
  C:0763H         LINE#         70
  C:0763H         LINE#         71
  C:0763H         LINE#         74
  C:0766H         LINE#         75
  C:076BH         LINE#         76
  C:0770H         LINE#         78
  C:0777H         LINE#         80
  C:077AH         LINE#         81
  C:077FH         LINE#         82
  C:0784H         LINE#         84
  C:0789H         LINE#         85
  C:078CH         LINE#         87
  -------         ENDPROC       RD_TEMPERATURE
  -------         ENDMOD        ONEWIRE

  -------         MODULE        IIC
  C:0000H         SYMBOL        _ICE_DUMMY_
  D:0080H         PUBLIC        P0
  D:0090H         PUBLIC        P1
  D:00A0H         PUBLIC        P2
  D:00B0H         PUBLIC        P3
  C:0A08H         PUBLIC        _Ad_Read
  D:00C0H         PUBLIC        P4
  D:00C8H         PUBLIC        P5
  B:00A8H.7       PUBLIC        EA
  D:00E8H         PUBLIC        P6
  D:00F8H         PUBLIC        P7
  D:00A8H         PUBLIC        IE
  C:09F2H         SYMBOL        _I2C_Delay
  C:0B21H         PUBLIC        _Da_Write
  D:00B8H         PUBLIC        IP
  C:08C9H         PUBLIC        I2CReceiveByte
  D:00D8H         PUBLIC        CCON
  C:05BDH         PUBLIC        _EEPROM_Read
  D:0098H         PUBLIC        SCON
  D:0088H         PUBLIC        TCON
  B:00A0H.1       PUBLIC        sda
  C:0659H         PUBLIC        _EEPROM_Write
  B:00A0H.0       PUBLIC        scl
  C:0B5DH         PUBLIC        I2CStart
  C:0AA8H         PUBLIC        _I2CSendAck
  C:0810H         PUBLIC        _I2CSendByte
  C:0956H         PUBLIC        I2CWaitAck
  C:0B70H         PUBLIC        I2CStop
  D:00D0H         PUBLIC        PSW
  -------         PROC          L?0035
  -------         ENDPROC       L?0035
  -------         PROC          _I2C_DELAY
  D:0007H         SYMBOL        n
  C:09F2H         LINE#         13
  C:09F2H         LINE#         14
  C:09F2H         LINE#         16
BL51 BANKED LINKER/LOCATER V6.22.2.0                                                  02/15/2026  13:26:23  PAGE 19


  C:09F2H         LINE#         17
  C:09F7H         LINE#         18
  C:09FCH         LINE#         19
  C:0A01H         LINE#         20
  C:0A01H         LINE#         21
  C:0A07H         LINE#         22
  -------         ENDPROC       _I2C_DELAY
  -------         PROC          I2CSTART
  C:0B5DH         LINE#         25
  C:0B5DH         LINE#         26
  C:0B5DH         LINE#         27
  C:0B5FH         LINE#         28
  C:0B61H         LINE#         29
  C:0B66H         LINE#         30
  C:0B68H         LINE#         31
  C:0B6DH         LINE#         32
  C:0B6FH         LINE#         33
  -------         ENDPROC       I2CSTART
  -------         PROC          I2CSTOP
  C:0B70H         LINE#         36
  C:0B70H         LINE#         37
  C:0B70H         LINE#         38
  C:0B72H         LINE#         39
  C:0B74H         LINE#         40
  C:0B79H         LINE#         41
  C:0B7BH         LINE#         42
  -------         ENDPROC       I2CSTOP
  -------         PROC          _I2CSENDBYTE
  D:0005H         SYMBOL        byt
  -------         DO            
  D:0004H         SYMBOL        i
  -------         ENDDO         
  C:0810H         LINE#         46
  C:0812H         LINE#         47
  C:0812H         LINE#         50
  C:081EH         LINE#         51
  C:0820H         LINE#         52
  C:0825H         LINE#         53
  C:0829H         LINE#         54
  C:082BH         LINE#         55
  C:082DH         LINE#         56
  C:082DH         LINE#         57
  C:082FH         LINE#         58
  C:082FH         LINE#         59
  C:0834H         LINE#         60
  C:0836H         LINE#         61
  C:083AH         LINE#         62
  C:083FH         LINE#         63
  C:0842H         LINE#         65
  C:0844H         LINE#         66
  -------         ENDPROC       _I2CSENDBYTE
  -------         PROC          I2CRECEIVEBYTE
  -------         DO            
  D:0005H         SYMBOL        da
  D:0004H         SYMBOL        i
  -------         ENDDO         
  C:08C9H         LINE#         69
BL51 BANKED LINKER/LOCATER V6.22.2.0                                                  02/15/2026  13:26:23  PAGE 20


  C:08C9H         LINE#         70
  C:08C9H         LINE#         73
  C:08D5H         LINE#         74
  C:08D7H         LINE#         75
  C:08DCH         LINE#         76
  C:08E0H         LINE#         77
  C:08E3H         LINE#         78
  C:08E6H         LINE#         79
  C:08E8H         LINE#         80
  C:08EDH         LINE#         81
  C:08F0H         LINE#         82
  C:08F2H         LINE#         83
  -------         ENDPROC       I2CRECEIVEBYTE
  C:094BH         SYMBOL        L?0037
  -------         PROC          L?0036
  -------         ENDPROC       L?0036
  C:094BH         SYMBOL        L?0037
  -------         PROC          I2CWAITACK
  -------         DO            
  D:0005H         SYMBOL        ackbit
  -------         ENDDO         
  C:0956H         LINE#         86
  C:0956H         LINE#         87
  C:0956H         LINE#         90
  C:0958H         LINE#         91
  C:095DH         LINE#         92
  C:0962H         LINE#         93
  C:0964H         LINE#         94
  C:0969H         LINE#         96
  C:096BH         LINE#         97
  -------         ENDPROC       I2CWAITACK
  -------         PROC          _I2CSENDACK
  D:0007H         SYMBOL        ackbit
  C:0AA8H         LINE#         100
  C:0AA8H         LINE#         101
  C:0AA8H         LINE#         102
  C:0AAAH         LINE#         103
  C:0AAFH         LINE#         104
  C:0AB4H         LINE#         105
  C:0AB6H         LINE#         106
  C:0ABBH         LINE#         107
  C:0ABDH         LINE#         108
  C:0ABFH         LINE#         109
  -------         ENDPROC       _I2CSENDACK
  -------         PROC          _AD_READ
  D:0003H         SYMBOL        addr
  -------         DO            
  D:0005H         SYMBOL        temp
  -------         ENDDO         
  C:0A08H         LINE#         120
  C:0A0AH         LINE#         121
  C:0A0AH         LINE#         124
  C:0A0DH         LINE#         125
  C:0A0FH         LINE#         126
  C:0A0FH         LINE#         127
  C:0A0FH         LINE#         128
  C:0A12H         LINE#         130
BL51 BANKED LINKER/LOCATER V6.22.2.0                                                  02/15/2026  13:26:23  PAGE 21


  C:0A15H         LINE#         131
  C:0A1AH         LINE#         132
  C:0A1DH         LINE#         133
  C:0A22H         LINE#         135
  C:0A27H         LINE#         136
  C:0A2AH         LINE#         138
  C:0A2CH         LINE#         139
  -------         ENDPROC       _AD_READ
  -------         PROC          _DA_WRITE
  D:0003H         SYMBOL        dat
  C:0B21H         LINE#         142
  C:0B23H         LINE#         143
  C:0B23H         LINE#         144
  C:0B26H         LINE#         145
  C:0B2BH         LINE#         146
  C:0B2EH         LINE#         147
  C:0B30H         LINE#         148
  C:0B30H         LINE#         149
  C:0B30H         LINE#         150
  C:0B33H         LINE#         151
  -------         ENDPROC       _DA_WRITE
  -------         PROC          _EEPROM_WRITE
  D:0008H         SYMBOL        str
  D:0003H         SYMBOL        addr
  D:000CH         SYMBOL        num
  C:0659H         LINE#         155
  C:065FH         LINE#         156
  C:065FH         LINE#         157
  C:065FH         LINE#         158
  C:065FH         LINE#         159
  C:065FH         LINE#         160
  C:065FH         LINE#         161
  C:0662H         LINE#         164
  C:066FH         LINE#         165
  C:066FH         LINE#         166
  C:0684H         LINE#         167
  C:0687H         LINE#         168
  C:068CH         LINE#         169
  C:068EH         LINE#         170
  C:0691H         LINE#         171
  C:0691H         LINE#         172
  C:0691H         LINE#         173
  C:0691H         LINE#         174
  C:0694H         LINE#         175
  C:0699H         LINE#         176
  C:0699H         LINE#         177
  C:0699H         LINE#         178
  C:0699H         LINE#         179
  C:069CH         LINE#         180
  -------         ENDPROC       _EEPROM_WRITE
  -------         PROC          _EEPROM_READ
  D:000EH         SYMBOL        str
  D:0003H         SYMBOL        addr
  D:0012H         SYMBOL        num
  C:05BDH         LINE#         184
  C:05C3H         LINE#         185
  C:05C3H         LINE#         186
BL51 BANKED LINKER/LOCATER V6.22.2.0                                                  02/15/2026  13:26:23  PAGE 22


  C:05C3H         LINE#         187
  C:05C3H         LINE#         188
  C:05C3H         LINE#         189
  C:05C3H         LINE#         190
  C:05C6H         LINE#         192
  C:05C9H         LINE#         193
  C:05CEH         LINE#         194
  C:05D1H         LINE#         195
  C:05D3H         LINE#         196
  C:05E0H         LINE#         197
  C:05E0H         LINE#         198
  C:05F5H         LINE#         199
  C:05FBH         LINE#         200
  C:05FFH         LINE#         202
  C:0604H         LINE#         203
  C:0606H         LINE#         204
  C:0609H         LINE#         205
  C:060BH         LINE#         206
  -------         ENDPROC       _EEPROM_READ
  -------         ENDMOD        IIC

  -------         MODULE        ULTRASOUND
  C:0000H         SYMBOL        _ICE_DUMMY_
  D:0080H         PUBLIC        P0
  D:0090H         PUBLIC        P1
  D:00A0H         PUBLIC        P2
  D:00B0H         PUBLIC        P3
  D:00C0H         PUBLIC        P4
  D:00C8H         PUBLIC        P5
  B:00A8H.7       PUBLIC        EA
  D:00E8H         PUBLIC        P6
  D:00F8H         PUBLIC        P7
  B:00D8H.7       PUBLIC        CF
  D:00F9H         PUBLIC        CH
  D:00A8H         PUBLIC        IE
  D:00E9H         PUBLIC        CL
  B:00D8H.6       PUBLIC        CR
  D:00B8H         PUBLIC        IP
  C:07D8H         PUBLIC        Ut_Wave_Data
  D:00D9H         PUBLIC        CMOD
  D:00D8H         PUBLIC        CCON
  B:0090H.1       PUBLIC        US_RX
  D:0098H         PUBLIC        SCON
  B:0090H.0       PUBLIC        US_TX
  D:0088H         PUBLIC        TCON
  C:0A6EH         PUBLIC        Ut_Wave_Init
  C:0B8FH         PUBLIC        Delay12us
  D:00D0H         PUBLIC        PSW
  -------         PROC          DELAY12US
  -------         DO            
  D:0007H         SYMBOL        i
  -------         ENDDO         
  C:0B8FH         LINE#         17
  C:0B8FH         LINE#         18
  C:0B8FH         LINE#         21
  C:0B90H         LINE#         22
  C:0B92H         LINE#         23
BL51 BANKED LINKER/LOCATER V6.22.2.0                                                  02/15/2026  13:26:23  PAGE 23


  C:0B94H         LINE#         24
  -------         ENDPROC       DELAY12US
  -------         PROC          UT_WAVE_INIT
  -------         DO            
  D:0006H         SYMBOL        i
  -------         ENDDO         
  C:0A6EH         LINE#         26
  C:0A6EH         LINE#         27
  C:0A6EH         LINE#         29
  C:0A70H         LINE#         30
  C:0A7CH         LINE#         31
  C:0A7CH         LINE#         32
  C:0A7EH         LINE#         33
  C:0A81H         LINE#         34
  C:0A83H         LINE#         35
  C:0A86H         LINE#         36
  C:0A89H         LINE#         37
  C:0A8BH         LINE#         38
  -------         ENDPROC       UT_WAVE_INIT
  -------         PROC          UT_WAVE_DATA
  -------         DO            
  D:0006H         SYMBOL        time
  -------         ENDDO         
  C:07D8H         LINE#         39
  C:07D8H         LINE#         40
  C:07D8H         LINE#         42
  C:07DBH         LINE#         43
  C:07DFH         LINE#         44
  C:07E2H         LINE#         45
  C:07E4H         LINE#         46
  C:07EAH         LINE#         48
  C:07ECH         LINE#         50
  C:07EFH         LINE#         51
  C:07EFH         LINE#         52
  C:07F7H         LINE#         53
  C:080BH         LINE#         54
  C:080BH         LINE#         55
  C:080BH         LINE#         56
  C:080DH         LINE#         57
  C:080FH         LINE#         58
  C:080FH         LINE#         59
  -------         ENDPROC       UT_WAVE_DATA
  -------         ENDMOD        ULTRASOUND

  -------         MODULE        ?C?FPMUL
  C:001EH         PUBLIC        ?C?FPMUL
  -------         ENDMOD        ?C?FPMUL

  -------         MODULE        ?C?FCAST
  C:012EH         PUBLIC        ?C?FCASTC
  C:0129H         PUBLIC        ?C?FCASTI
  C:0124H         PUBLIC        ?C?FCASTL
  -------         ENDMOD        ?C?FCAST

  -------         MODULE        ?C?CASTF
  C:0162H         PUBLIC        ?C?CASTF
  -------         ENDMOD        ?C?CASTF
BL51 BANKED LINKER/LOCATER V6.22.2.0                                                  02/15/2026  13:26:23  PAGE 24



  -------         MODULE        ?C?CLDPTR
  C:01E3H         PUBLIC        ?C?CLDPTR
  -------         ENDMOD        ?C?CLDPTR

  -------         MODULE        ?C?CLDOPTR
  C:01FCH         PUBLIC        ?C?CLDOPTR
  -------         ENDMOD        ?C?CLDOPTR

  -------         MODULE        ?C?CSTPTR
  C:0229H         PUBLIC        ?C?CSTPTR
  -------         ENDMOD        ?C?CSTPTR

  -------         MODULE        ?C?CSTOPTR
  C:023BH         PUBLIC        ?C?CSTOPTR
  -------         ENDMOD        ?C?CSTOPTR

  -------         MODULE        ?C?UIDIV
  C:025DH         PUBLIC        ?C?UIDIV
  -------         ENDMOD        ?C?UIDIV

  -------         MODULE        ?C?LNEG
  C:02B2H         PUBLIC        ?C?LNEG
  -------         ENDMOD        ?C?LNEG

*** WARNING L16: UNCALLED SEGMENT, IGNORED FOR OVERLAY PROCESS
    SEGMENT: ?PR?BEEP?LED

*** WARNING L16: UNCALLED SEGMENT, IGNORED FOR OVERLAY PROCESS
    SEGMENT: ?PR?MOTOR?LED

*** WARNING L16: UNCALLED SEGMENT, IGNORED FOR OVERLAY PROCESS
    SEGMENT: ?PR?RELAY?LED

*** WARNING L16: UNCALLED SEGMENT, IGNORED FOR OVERLAY PROCESS
    SEGMENT: ?PR?_EEPROM_WRITE?IIC

*** WARNING L16: UNCALLED SEGMENT, IGNORED FOR OVERLAY PROCESS
    SEGMENT: ?PR?_EEPROM_READ?IIC

Program Size: data=54.5 xdata=43 code=2965
LINK/LOCATE RUN COMPLETE.  5 WARNING(S),  0 ERROR(S)
