BL51 BANKED LINKER/LOCATER V6.22.2.0                                                    02/09/2026  18:00:20  PAGE 1


BL51 BANKED LINKER/LOCATER V6.22.2.0, INVOKED BY:
D:\KEILC51\C51\BIN\BL51.EXE .\Objects\STARTUP.obj, .\Objects\main.obj, .\Objects\Key.obj, .\Objects\Seg.obj, .\Objects\L
>> ED.obj, .\Objects\Init.obj, .\Objects\ds1302.obj, .\Objects\onewire.obj, .\Objects\iic.obj TO .\Objects\V4T手敲 PRINT
>>  (.\Listings\V4T手敲.m51) RAMSIZE (256)


MEMORY MODEL: SMALL WITH FLOATING POINT ARITHMETIC


INPUT MODULES INCLUDED:
  .\Objects\STARTUP.obj (?C_STARTUP)
  .\Objects\main.obj (MAIN)
  .\Objects\Key.obj (KEY)
  .\Objects\Seg.obj (SEG)
  .\Objects\LED.obj (LED)
  .\Objects\Init.obj (INIT)
  .\Objects\ds1302.obj (DS1302)
  .\Objects\onewire.obj (ONEWIRE)
  .\Objects\iic.obj (IIC)
  D:\KEILC51\C51\LIB\C51FPS.LIB (?C?FPMUL)
  D:\KEILC51\C51\LIB\C51FPS.LIB (?C?FCAST)
  D:\KEILC51\C51\LIB\C51FPS.LIB (?C?CASTF)
  D:\KEILC51\C51\LIB\C51FPS.LIB (?C?FPGETOPN)
  D:\KEILC51\C51\LIB\C51S.LIB (?C_INIT)
  D:\KEILC51\C51\LIB\C51S.LIB (?C?CLDPTR)
  D:\KEILC51\C51\LIB\C51S.LIB (?C?CLDOPTR)
  D:\KEILC51\C51\LIB\C51S.LIB (?C?CSTOPTR)
  D:\KEILC51\C51\LIB\C51S.LIB (?C?LNEG)


LINK MAP OF MODULE:  .\Objects\V4T手敲 (?C_STARTUP)


            TYPE    BASE      LENGTH    RELOCATION   SEGMENT NAME
            -----------------------------------------------------

            * * * * * * *   D A T A   M E M O R Y   * * * * * * *
            REG     0000H     0008H     ABSOLUTE     "REG BANK 0"
            DATA    0008H     0006H     UNIT         ?DT?_EEPROM_WRITE?IIC
            DATA    000EH     0003H     UNIT         _DATA_GROUP_
            IDATA   0011H     000FH     UNIT         ?ID?MAIN
            BIT     0020H.0   0000H.2   UNIT         _BIT_GROUP_
            BIT     0020H.2   0000H.1   UNIT         ?BI?BEEP?LED
            BIT     0020H.3   0000H.1   UNIT         ?BI?MOTOR?LED
            BIT     0020H.4   0000H.1   UNIT         ?BI?RELAY?LED
                    0020H.5   0000H.3                *** GAP ***
            IDATA   0021H     0004H     UNIT         ?ID?LED
            IDATA   0025H     0001H     UNIT         ?STACK

            * * * * * * *  X D A T A   M E M O R Y  * * * * * * *
            XDATA   0000H     0010H     INPAGE       ?PD?MAIN
            XDATA   0010H     000BH     INPAGE       ?PD?SEG

            * * * * * * *   C O D E   M E M O R Y   * * * * * * *
            CODE    0000H     0003H     ABSOLUTE     
            CODE    0003H     0018H     UNIT         ?PR?LED_OFF?LED
            CODE    001BH     0003H     ABSOLUTE     
            CODE    001EH     023BH     UNIT         ?C?LIB_CODE
BL51 BANKED LINKER/LOCATER V6.22.2.0                                                  02/09/2026  18:00:20  PAGE 2


            CODE    0259H     008CH     UNIT         ?C_C51STARTUP
            CODE    02E5H     0085H     UNIT         ?PR?KEY_READ?KEY
            CODE    036AH     0082H     UNIT         ?PR?_LED_DISP?LED
            CODE    03ECH     0075H     UNIT         ?PR?TIMER1_ISR?MAIN
            CODE    0461H     0056H     UNIT         ?PR?_SET_RTC?DS1302
            CODE    04B7H     004FH     UNIT         ?PR?_SEG_DISP?SEG
            CODE    0506H     004FH     UNIT         ?PR?_EEPROM_WRITE?IIC
            CODE    0555H     0041H     UNIT         ?PR?_READ_RTC?DS1302
            CODE    0596H     003DH     UNIT         ?PR?_READ_DS1302_BYTE?DS1302
            CODE    05D3H     003BH     UNIT         ?PR?RD_TEMPERATURE?ONEWIRE
            CODE    060EH     0036H     UNIT         ?C_INITSEG
            CODE    0644H     0035H     UNIT         ?PR?_I2CSENDBYTE?IIC
            CODE    0679H     002CH     UNIT         ?PR?BEEP?LED
            CODE    06A5H     002CH     UNIT         ?PR?MOTOR?LED
            CODE    06D1H     002CH     UNIT         ?PR?RELAY?LED
            CODE    06FDH     002AH     UNIT         ?PR?KEY_PROC?MAIN
            CODE    0727H     002AH     UNIT         ?PR?I2CRECEIVEBYTE?IIC
            CODE    0751H     0028H     UNIT         ?PR?GET_TEMPERATURE?MAIN
            CODE    0779H     0027H     UNIT         ?PR?SYSTEM_INIT?INIT
            CODE    07A0H     0027H     UNIT         ?PR?_WRITE_DS18B20?ONEWIRE
            CODE    07C7H     0027H     UNIT         ?PR?INIT_DS18B20?ONEWIRE
            CODE    07EEH     0027H     UNIT         ?PR?_I2C_DELAY?IIC
            CODE    0815H     0025H     UNIT         ?PR?_AD_READ?IIC
            CODE    083AH     0023H     UNIT         ?PR?LED_PROC?MAIN
            CODE    085DH     0023H     UNIT         ?PR?READ_DS18B20?ONEWIRE
            CODE    0880H     0021H     UNIT         ?PR?I2CWAITACK?IIC
            CODE    08A1H     0020H     UNIT         ?PR?MAIN?MAIN
            CODE    08C1H     001EH     UNIT         ?PR?_DELAY_ONEWIRE?ONEWIRE
            CODE    08DFH     001DH     UNIT         ?PR?_DA_WRITE?IIC
            CODE    08FCH     001CH     UNIT         ?PR?_WRITE_DS1302?DS1302
            CODE    0918H     001CH     UNIT         ?PR?_I2CSENDACK?IIC
            CODE    0934H     0017H     UNIT         ?PR?GET_TIME?MAIN
            CODE    094BH     0015H     UNIT         ?PR?TIMER1_INIT?MAIN
            CODE    0960H     0014H     UNIT         ?PR?_WRITE_DS1302_BYTE?DS1302
            CODE    0974H     0013H     UNIT         ?PR?I2CSTART?IIC
            CODE    0987H     0010H     UNIT         ?PR?I2CSTOP?IIC
            CODE    0997H     000FH     UNIT         ?PR?SEG_PROC?MAIN



OVERLAY MAP OF MODULE:   .\Objects\V4T手敲 (?C_STARTUP)


SEGMENT                                  BIT_GROUP          DATA_GROUP 
  +--> CALLED SEGMENT                 START    LENGTH     START    LENGTH
-------------------------------------------------------------------------
?C_C51STARTUP                         -----    -----      -----    -----
  +--> ?PR?MAIN?MAIN
  +--> ?C_INITSEG

?PR?MAIN?MAIN                         -----    -----      -----    -----
  +--> ?PR?SYSTEM_INIT?INIT
  +--> ?PR?_SET_RTC?DS1302
  +--> ?PR?TIMER1_INIT?MAIN
  +--> ?PR?KEY_PROC?MAIN
  +--> ?PR?LED_PROC?MAIN
  +--> ?PR?SEG_PROC?MAIN
BL51 BANKED LINKER/LOCATER V6.22.2.0                                                  02/09/2026  18:00:20  PAGE 3


  +--> ?PR?GET_TIME?MAIN
  +--> ?PR?GET_TEMPERATURE?MAIN

?PR?_SET_RTC?DS1302                   -----    -----      000EH    0003H
  +--> ?PR?_WRITE_DS1302_BYTE?DS1302

?PR?_WRITE_DS1302_BYTE?DS1302         -----    -----      -----    -----
  +--> ?PR?_WRITE_DS1302?DS1302

?PR?KEY_PROC?MAIN                     -----    -----      -----    -----
  +--> ?PR?KEY_READ?KEY

?PR?LED_PROC?MAIN                     -----    -----      -----    -----
  +--> ?PR?_LED_DISP?LED

?PR?GET_TIME?MAIN                     -----    -----      -----    -----
  +--> ?PR?_READ_RTC?DS1302

?PR?_READ_RTC?DS1302                  -----    -----      000EH    0003H
  +--> ?PR?_READ_DS1302_BYTE?DS1302

?PR?_READ_DS1302_BYTE?DS1302          -----    -----      -----    -----
  +--> ?PR?_WRITE_DS1302?DS1302

?PR?GET_TEMPERATURE?MAIN              -----    -----      -----    -----
  +--> ?PR?RD_TEMPERATURE?ONEWIRE

?PR?RD_TEMPERATURE?ONEWIRE            -----    -----      -----    -----
  +--> ?PR?INIT_DS18B20?ONEWIRE
  +--> ?PR?_WRITE_DS18B20?ONEWIRE
  +--> ?PR?_DELAY_ONEWIRE?ONEWIRE
  +--> ?PR?READ_DS18B20?ONEWIRE

?PR?INIT_DS18B20?ONEWIRE              0020H.0  0000H.1    -----    -----
  +--> ?PR?_DELAY_ONEWIRE?ONEWIRE

?PR?_WRITE_DS18B20?ONEWIRE            -----    -----      -----    -----
  +--> ?PR?_DELAY_ONEWIRE?ONEWIRE

?PR?READ_DS18B20?ONEWIRE              -----    -----      -----    -----
  +--> ?PR?_DELAY_ONEWIRE?ONEWIRE

*** NEW ROOT ***************************************************

?PR?TIMER1_ISR?MAIN                   -----    -----      -----    -----
  +--> ?PR?_SEG_DISP?SEG

?PR?_SEG_DISP?SEG                     0020H.1  0000H.1    -----    -----



SYMBOL TABLE OF MODULE:  .\Objects\V4T手敲 (?C_STARTUP)

  VALUE           TYPE          NAME
  ----------------------------------

  -------         MODULE        ?C_STARTUP
BL51 BANKED LINKER/LOCATER V6.22.2.0                                                  02/09/2026  18:00:20  PAGE 4


  C:0259H         SEGMENT       ?C_C51STARTUP
  I:0025H         SEGMENT       ?STACK
  C:0000H         PUBLIC        ?C_STARTUP
  D:00E0H         SYMBOL        ACC
  D:00F0H         SYMBOL        B
  D:0083H         SYMBOL        DPH
  D:0082H         SYMBOL        DPL
  N:0000H         SYMBOL        IBPSTACK
  N:0100H         SYMBOL        IBPSTACKTOP
  N:0080H         SYMBOL        IDATALEN
  C:025CH         SYMBOL        IDATALOOP
  N:0000H         SYMBOL        PBPSTACK
  N:0100H         SYMBOL        PBPSTACKTOP
  N:0000H         SYMBOL        PDATALEN
  N:0000H         SYMBOL        PDATASTART
  N:0000H         SYMBOL        PPAGE
  N:0000H         SYMBOL        PPAGEENABLE
  D:00A0H         SYMBOL        PPAGE_SFR
  D:0081H         SYMBOL        SP
  C:0259H         SYMBOL        STARTUP1
  N:0000H         SYMBOL        XBPSTACK
  N:0000H         SYMBOL        XBPSTACKTOP
  N:0000H         SYMBOL        XDATALEN
  N:0000H         SYMBOL        XDATASTART
  C:0000H         LINE#         126
  C:0259H         LINE#         133
  C:025BH         LINE#         134
  C:025CH         LINE#         135
  C:025DH         LINE#         136
  C:025FH         LINE#         185
  C:0262H         LINE#         196
  -------         ENDMOD        ?C_STARTUP

  -------         MODULE        MAIN
  C:0000H         SYMBOL        _ICE_DUMMY_
  D:0080H         PUBLIC        P0
  D:0090H         PUBLIC        P1
  D:00A0H         PUBLIC        P2
  D:00B0H         PUBLIC        P3
  I:0011H         PUBLIC        ucRtc
  D:00C0H         PUBLIC        P4
  D:00C8H         PUBLIC        P5
  B:00A8H.7       PUBLIC        EA
  D:00E8H         PUBLIC        P6
  D:00F8H         PUBLIC        P7
  C:083AH         PUBLIC        Led_Proc
  D:00A8H         PUBLIC        IE
  C:0934H         PUBLIC        Get_Time
  I:0014H         PUBLIC        Time_Slow_Down
  C:0997H         PUBLIC        Seg_Proc
  C:0751H         PUBLIC        Get_Temperature
  I:0015H         PUBLIC        Temperature_Slow_Down
  D:00B8H         PUBLIC        IP
  X:0000H         PUBLIC        Seg_Buf
  C:06FDH         PUBLIC        Key_Proc
  I:0017H         PUBLIC        Seg_Slow_Down
  D:00D8H         PUBLIC        CCON
BL51 BANKED LINKER/LOCATER V6.22.2.0                                                  02/09/2026  18:00:20  PAGE 5


  I:0018H         PUBLIC        Key_Down
  C:08A1H         PUBLIC        main
  I:0019H         PUBLIC        Key_Old
  C:094BH         PUBLIC        Timer1_Init
  I:001AH         PUBLIC        Key_Slow_Down
  I:001BH         PUBLIC        Key_Val
  I:001CH         PUBLIC        Seg_Pos
  D:0098H         PUBLIC        SCON
  D:0089H         PUBLIC        TMOD
  D:0088H         PUBLIC        TCON
  D:008EH         PUBLIC        AUXR
  C:03ECH         PUBLIC        Timer1_Isr
  B:00A8H.3       PUBLIC        ET1
  B:0088H.7       PUBLIC        TF1
  D:008DH         PUBLIC        TH1
  I:001DH         PUBLIC        Temperature_10x
  I:001FH         PUBLIC        Key_Up
  D:008BH         PUBLIC        TL1
  B:0088H.6       PUBLIC        TR1
  X:0008H         PUBLIC        ucLed
  D:00D0H         PUBLIC        PSW
  -------         PROC          KEY_PROC
  C:06FDH         LINE#         25
  C:06FDH         LINE#         26
  C:06FDH         LINE#         27
  C:0709H         LINE#         28
  C:070BH         LINE#         30
  C:0712H         LINE#         31
  C:071AH         LINE#         32
  C:0720H         LINE#         33
  C:0726H         LINE#         38
  -------         ENDPROC       KEY_PROC
  -------         PROC          TIMER1_ISR
  C:03ECH         LINE#         41
  C:0409H         LINE#         43
  C:040CH         LINE#         44
  C:040FH         LINE#         45
  C:0412H         LINE#         46
  C:041AH         LINE#         47
  C:0421H         LINE#         48
  C:0434H         LINE#         49
  C:0434H         LINE#         50
  C:043AH         LINE#         51
  C:043CH         LINE#         52
  C:043CH         LINE#         53
  C:0446H         LINE#         54
  C:0446H         LINE#         55
  -------         ENDPROC       TIMER1_ISR
  -------         PROC          SEG_PROC
  C:0997H         LINE#         58
  C:0997H         LINE#         59
  C:0997H         LINE#         60
  C:09A3H         LINE#         61
  C:09A5H         LINE#         63
  -------         ENDPROC       SEG_PROC
  -------         PROC          LED_PROC
  C:083AH         LINE#         65
BL51 BANKED LINKER/LOCATER V6.22.2.0                                                  02/09/2026  18:00:20  PAGE 6


  C:083AH         LINE#         66
  C:083AH         LINE#         67
  C:083FH         LINE#         68
  C:0842H         LINE#         69
  C:0845H         LINE#         70
  C:0848H         LINE#         71
  C:084BH         LINE#         72
  C:084EH         LINE#         73
  C:0851H         LINE#         74
  C:0854H         LINE#         75
  -------         ENDPROC       LED_PROC
  -------         PROC          GET_TIME
  C:0934H         LINE#         77
  C:0934H         LINE#         78
  C:0934H         LINE#         79
  C:0940H         LINE#         80
  C:0942H         LINE#         81
  C:094AH         LINE#         82
  -------         ENDPROC       GET_TIME
  -------         PROC          GET_TEMPERATURE
  C:0751H         LINE#         84
  C:0751H         LINE#         85
  C:0751H         LINE#         86
  C:075DH         LINE#         87
  C:0761H         LINE#         88
  C:0778H         LINE#         90
  -------         ENDPROC       GET_TEMPERATURE
  -------         PROC          TIMER1_INIT
  C:094BH         LINE#         93
  C:094BH         LINE#         94
  C:094BH         LINE#         95
  C:094EH         LINE#         96
  C:0951H         LINE#         97
  C:0954H         LINE#         98
  C:0957H         LINE#         99
  C:0959H         LINE#         100
  C:095BH         LINE#         101
  C:095DH         LINE#         102
  C:095FH         LINE#         103
  -------         ENDPROC       TIMER1_INIT
  -------         PROC          MAIN
  C:08A1H         LINE#         109
  C:08A1H         LINE#         110
  C:08A1H         LINE#         111
  C:08A4H         LINE#         112
  C:08ADH         LINE#         113
  C:08B0H         LINE#         114
  C:08B0H         LINE#         115
  C:08B0H         LINE#         116
  C:08B3H         LINE#         117
  C:08B6H         LINE#         118
  C:08B9H         LINE#         119
  C:08BCH         LINE#         120
  C:08BFH         LINE#         121
  -------         ENDPROC       MAIN
  -------         ENDMOD        MAIN

BL51 BANKED LINKER/LOCATER V6.22.2.0                                                  02/09/2026  18:00:20  PAGE 7


  -------         MODULE        KEY
  C:0000H         SYMBOL        _ICE_DUMMY_
  D:0080H         PUBLIC        P0
  D:0090H         PUBLIC        P1
  D:00A0H         PUBLIC        P2
  D:00B0H         PUBLIC        P3
  D:00C0H         PUBLIC        P4
  D:00C8H         PUBLIC        P5
  D:00E8H         PUBLIC        P6
  D:00F8H         PUBLIC        P7
  C:02E5H         PUBLIC        Key_Read
  D:00A8H         PUBLIC        IE
  D:00B8H         PUBLIC        IP
  D:00D8H         PUBLIC        CCON
  B:00B0H.0       PUBLIC        P30
  D:0098H         PUBLIC        SCON
  B:00B0H.1       PUBLIC        P31
  D:0088H         PUBLIC        TCON
  B:00B0H.2       PUBLIC        P32
  B:00C0H.2       PUBLIC        P42
  B:00B0H.3       PUBLIC        P33
  B:00C0H.4       PUBLIC        P44
  B:00B0H.5       PUBLIC        P35
  D:00D0H         PUBLIC        PSW
  -------         PROC          KEY_READ
  -------         DO            
  D:0007H         SYMBOL        temp
  -------         ENDDO         
  C:02E5H         LINE#         4
  C:02E5H         LINE#         5
  C:02E5H         LINE#         6
  C:02E7H         LINE#         18
  C:02EDH         LINE#         19
  C:02F1H         LINE#         20
  C:02F7H         LINE#         21
  C:02FCH         LINE#         22
  C:0301H         LINE#         23
  C:0306H         LINE#         24
  C:030BH         LINE#         26
  C:0311H         LINE#         27
  C:0317H         LINE#         28
  C:031DH         LINE#         29
  C:0322H         LINE#         30
  C:0327H         LINE#         31
  C:0330H         LINE#         32
  C:0335H         LINE#         33
  C:033AH         LINE#         35
  C:0340H         LINE#         36
  C:0346H         LINE#         37
  C:034CH         LINE#         38
  C:0351H         LINE#         39
  C:0356H         LINE#         40
  C:035BH         LINE#         41
  C:0360H         LINE#         54
  C:0366H         LINE#         55
  C:0369H         LINE#         62
  C:0369H         LINE#         64
BL51 BANKED LINKER/LOCATER V6.22.2.0                                                  02/09/2026  18:00:20  PAGE 8


  -------         ENDPROC       KEY_READ
  -------         ENDMOD        KEY

  -------         MODULE        SEG
  C:0000H         SYMBOL        _ICE_DUMMY_
  D:0080H         PUBLIC        P0
  D:0090H         PUBLIC        P1
  D:00A0H         PUBLIC        P2
  D:00B0H         PUBLIC        P3
  D:00C0H         PUBLIC        P4
  D:00C8H         PUBLIC        P5
  D:00E8H         PUBLIC        P6
  D:00F8H         PUBLIC        P7
  X:0010H         PUBLIC        Seg_Dula
  D:00A8H         PUBLIC        IE
  C:04B7H         PUBLIC        _Seg_Disp
  D:00B8H         PUBLIC        IP
  D:00D8H         PUBLIC        CCON
  D:0098H         PUBLIC        SCON
  D:0088H         PUBLIC        TCON
  D:00D0H         PUBLIC        PSW
  -------         PROC          _SEG_DISP
  D:0007H         SYMBOL        Wela
  D:0005H         SYMBOL        Dula
  B:0020H.1       SYMBOL        Point
  -------         DO            
  D:0006H         SYMBOL        temp
  -------         ENDDO         
  C:04B7H         LINE#         7
  C:04B7H         LINE#         8
  C:04B7H         LINE#         12
  C:04BAH         LINE#         14
  C:04BFH         LINE#         15
  C:04C2H         LINE#         16
  C:04C4H         LINE#         17
  C:04C9H         LINE#         18
  C:04CBH         LINE#         21
  C:04D8H         LINE#         23
  C:04DDH         LINE#         24
  C:04E0H         LINE#         25
  C:04E2H         LINE#         26
  C:04E6H         LINE#         27
  C:04E8H         LINE#         30
  C:04EFH         LINE#         32
  C:04F5H         LINE#         34
  C:04FAH         LINE#         35
  C:04FDH         LINE#         36
  C:04FFH         LINE#         37
  C:0503H         LINE#         38
  C:0505H         LINE#         40
  -------         ENDPROC       _SEG_DISP
  -------         ENDMOD        SEG

  -------         MODULE        LED
  C:0000H         SYMBOL        _ICE_DUMMY_
  C:06D1H         PUBLIC        Relay
  D:0080H         PUBLIC        P0
BL51 BANKED LINKER/LOCATER V6.22.2.0                                                  02/09/2026  18:00:20  PAGE 9


  D:0090H         PUBLIC        P1
  D:00A0H         PUBLIC        P2
  D:00B0H         PUBLIC        P3
  D:00C0H         PUBLIC        P4
  D:00C8H         PUBLIC        P5
  D:00E8H         PUBLIC        P6
  D:00F8H         PUBLIC        P7
  C:036AH         PUBLIC        _Led_Disp
  D:00A8H         PUBLIC        IE
  C:0003H         PUBLIC        Led_Off
  C:06A5H         PUBLIC        Motor
  D:00B8H         PUBLIC        IP
  D:00D8H         PUBLIC        CCON
  D:0098H         PUBLIC        SCON
  D:0088H         PUBLIC        TCON
  I:0021H         PUBLIC        temp_1
  I:0022H         PUBLIC        temp_2
  I:0023H         PUBLIC        temp_1_old
  I:0024H         PUBLIC        temp_2_old
  D:00D0H         PUBLIC        PSW
  C:0679H         PUBLIC        Beep
  -------         PROC          _LED_DISP
  D:0001H         SYMBOL        ucLed
  -------         DO            
  D:0006H         SYMBOL        temp
  -------         ENDDO         
  C:036AH         LINE#         6
  C:036AH         LINE#         7
  C:036AH         LINE#         9
  C:036EH         LINE#         10
  C:03CAH         LINE#         13
  C:03D0H         LINE#         14
  C:03D0H         LINE#         15
  C:03D7H         LINE#         17
  C:03DCH         LINE#         18
  C:03DFH         LINE#         19
  C:03E1H         LINE#         20
  C:03E5H         LINE#         21
  C:03E7H         LINE#         23
  C:03EBH         LINE#         24
  C:03EBH         LINE#         25
  -------         ENDPROC       _LED_DISP
  -------         PROC          LED_OFF
  -------         DO            
  D:0007H         SYMBOL        temp
  -------         ENDDO         
  C:0003H         LINE#         27
  C:0003H         LINE#         28
  C:0003H         LINE#         31
  C:0006H         LINE#         33
  C:000BH         LINE#         34
  C:000EH         LINE#         35
  C:0010H         LINE#         36
  C:0014H         LINE#         37
  C:0016H         LINE#         39
  C:001AH         LINE#         40
  -------         ENDPROC       LED_OFF
BL51 BANKED LINKER/LOCATER V6.22.2.0                                                  02/09/2026  18:00:20  PAGE 10


  -------         PROC          BEEP
  B:0020H.2       SYMBOL        enable
  -------         DO            
  D:0006H         SYMBOL        temp
  -------         ENDDO         
  C:0679H         LINE#         45
  C:0679H         LINE#         46
  C:0679H         LINE#         48
  C:067FH         LINE#         49
  C:067FH         LINE#         50
  C:0682H         LINE#         51
  C:0684H         LINE#         52
  C:0684H         LINE#         53
  C:0687H         LINE#         54
  C:0687H         LINE#         55
  C:0690H         LINE#         56
  C:0690H         LINE#         57
  C:0692H         LINE#         59
  C:0697H         LINE#         60
  C:069AH         LINE#         61
  C:069CH         LINE#         62
  C:06A0H         LINE#         63
  C:06A2H         LINE#         65
  C:06A4H         LINE#         66
  C:06A4H         LINE#         67
  -------         ENDPROC       BEEP
  -------         PROC          MOTOR
  B:0020H.3       SYMBOL        enable
  -------         DO            
  D:0006H         SYMBOL        temp
  -------         ENDDO         
  C:06A5H         LINE#         69
  C:06A5H         LINE#         70
  C:06A5H         LINE#         72
  C:06ABH         LINE#         73
  C:06ABH         LINE#         74
  C:06AEH         LINE#         75
  C:06B0H         LINE#         76
  C:06B0H         LINE#         77
  C:06B3H         LINE#         78
  C:06B3H         LINE#         79
  C:06BCH         LINE#         80
  C:06BCH         LINE#         81
  C:06BEH         LINE#         83
  C:06C3H         LINE#         84
  C:06C6H         LINE#         85
  C:06C8H         LINE#         86
  C:06CCH         LINE#         87
  C:06CEH         LINE#         89
  C:06D0H         LINE#         90
  C:06D0H         LINE#         91
  -------         ENDPROC       MOTOR
  -------         PROC          RELAY
  B:0020H.4       SYMBOL        enable
  -------         DO            
  D:0006H         SYMBOL        temp
  -------         ENDDO         
BL51 BANKED LINKER/LOCATER V6.22.2.0                                                  02/09/2026  18:00:20  PAGE 11


  C:06D1H         LINE#         93
  C:06D1H         LINE#         94
  C:06D1H         LINE#         96
  C:06D7H         LINE#         97
  C:06D7H         LINE#         98
  C:06DAH         LINE#         99
  C:06DCH         LINE#         100
  C:06DCH         LINE#         101
  C:06DFH         LINE#         102
  C:06DFH         LINE#         103
  C:06E8H         LINE#         104
  C:06E8H         LINE#         105
  C:06EAH         LINE#         107
  C:06EFH         LINE#         108
  C:06F2H         LINE#         109
  C:06F4H         LINE#         110
  C:06F8H         LINE#         111
  C:06FAH         LINE#         113
  C:06FCH         LINE#         114
  C:06FCH         LINE#         115
  -------         ENDPROC       RELAY
  -------         ENDMOD        LED

  -------         MODULE        INIT
  C:0000H         SYMBOL        _ICE_DUMMY_
  C:0779H         PUBLIC        System_Init
  D:0080H         PUBLIC        P0
  D:0090H         PUBLIC        P1
  D:00A0H         PUBLIC        P2
  D:00B0H         PUBLIC        P3
  D:00C0H         PUBLIC        P4
  D:00C8H         PUBLIC        P5
  D:00E8H         PUBLIC        P6
  D:00F8H         PUBLIC        P7
  D:00A8H         PUBLIC        IE
  D:00B8H         PUBLIC        IP
  D:00D8H         PUBLIC        CCON
  D:0098H         PUBLIC        SCON
  D:0088H         PUBLIC        TCON
  D:00D0H         PUBLIC        PSW
  -------         PROC          SYSTEM_INIT
  -------         DO            
  D:0007H         SYMBOL        temp
  -------         ENDDO         
  C:0779H         LINE#         2
  C:0779H         LINE#         3
  C:0779H         LINE#         6
  C:077CH         LINE#         8
  C:0781H         LINE#         9
  C:0784H         LINE#         10
  C:0786H         LINE#         11
  C:078AH         LINE#         12
  C:078CH         LINE#         15
  C:078FH         LINE#         16
  C:0794H         LINE#         17
  C:0797H         LINE#         18
  C:0799H         LINE#         19
BL51 BANKED LINKER/LOCATER V6.22.2.0                                                  02/09/2026  18:00:20  PAGE 12


  C:079DH         LINE#         20
  C:079FH         LINE#         23
  -------         ENDPROC       SYSTEM_INIT
  -------         ENDMOD        INIT

  -------         MODULE        DS1302
  C:0000H         SYMBOL        _ICE_DUMMY_
  D:0080H         PUBLIC        P0
  D:0090H         PUBLIC        P1
  D:00A0H         PUBLIC        P2
  D:00B0H         PUBLIC        P3
  D:00C0H         PUBLIC        P4
  D:00C8H         PUBLIC        P5
  B:00A8H.7       PUBLIC        EA
  D:00E8H         PUBLIC        P6
  D:00F8H         PUBLIC        P7
  C:0555H         PUBLIC        _Read_Rtc
  D:00A8H         PUBLIC        IE
  D:00B8H         PUBLIC        IP
  D:00D8H         PUBLIC        CCON
  D:0098H         PUBLIC        SCON
  D:0088H         PUBLIC        TCON
  C:0461H         PUBLIC        _Set_Rtc
  C:0596H         PUBLIC        _Read_Ds1302_Byte
  B:00A0H.3       PUBLIC        SDA
  B:0090H.7       PUBLIC        SCK
  C:0960H         PUBLIC        _Write_Ds1302_Byte
  C:08FCH         PUBLIC        _Write_Ds1302
  B:0090H.3       PUBLIC        RST
  D:00D0H         PUBLIC        PSW
  -------         PROC          _WRITE_DS1302
  D:0007H         SYMBOL        temp
  -------         DO            
  D:0006H         SYMBOL        i
  -------         ENDDO         
  C:08FCH         LINE#         11
  C:08FCH         LINE#         12
  C:08FCH         LINE#         14
  C:0908H         LINE#         15
  C:0908H         LINE#         16
  C:090AH         LINE#         17
  C:090EH         LINE#         18
  C:0912H         LINE#         19
  C:0914H         LINE#         20
  C:0917H         LINE#         21
  -------         ENDPROC       _WRITE_DS1302
  -------         PROC          _WRITE_DS1302_BYTE
  D:0007H         SYMBOL        address
  D:0005H         SYMBOL        dat
  C:0960H         LINE#         24
  C:0960H         LINE#         25
  C:0960H         LINE#         26
  C:0963H         LINE#         27
  C:0966H         LINE#         28
  C:0969H         LINE#         29
  C:096CH         LINE#         30
  C:0971H         LINE#         31
BL51 BANKED LINKER/LOCATER V6.22.2.0                                                  02/09/2026  18:00:20  PAGE 13


  C:0973H         LINE#         32
  -------         ENDPROC       _WRITE_DS1302_BYTE
  -------         PROC          _READ_DS1302_BYTE
  D:0007H         SYMBOL        address
  -------         DO            
  D:0007H         SYMBOL        i
  D:0005H         SYMBOL        temp
  -------         ENDDO         
  C:0596H         LINE#         35
  C:0596H         LINE#         36
  C:0596H         LINE#         37
  C:0598H         LINE#         38
  C:059BH         LINE#         39
  C:059EH         LINE#         40
  C:05A1H         LINE#         41
  C:05A4H         LINE#         42
  C:05B0H         LINE#         43
  C:05B0H         LINE#         44
  C:05B2H         LINE#         45
  C:05B6H         LINE#         46
  C:05B9H         LINE#         47
  C:05BCH         LINE#         48
  C:05BEH         LINE#         49
  C:05C1H         LINE#         50
  C:05C4H         LINE#         51
  C:05C7H         LINE#         52
  C:05CAH         LINE#         53
  C:05CDH         LINE#         54
  C:05D0H         LINE#         55
  C:05D2H         LINE#         56
  -------         ENDPROC       _READ_DS1302_BYTE
  -------         PROC          _SET_RTC
  D:000EH         SYMBOL        ucRtc
  -------         DO            
  D:0004H         SYMBOL        i
  -------         ENDDO         
  C:0461H         LINE#         59
  C:0467H         LINE#         60
  C:0467H         LINE#         62
  C:046EH         LINE#         63
  C:0475H         LINE#         64
  C:0481H         LINE#         65
  C:0481H         LINE#         66
  C:04ADH         LINE#         67
  C:04B0H         LINE#         68
  -------         ENDPROC       _SET_RTC
  -------         PROC          _READ_RTC
  D:000EH         SYMBOL        ucRtc
  -------         DO            
  D:0004H         SYMBOL        i
  D:0007H         SYMBOL        temp
  -------         ENDDO         
  C:0555H         LINE#         72
  C:055BH         LINE#         73
  C:055BH         LINE#         76
  C:055DH         LINE#         77
  C:0569H         LINE#         78
BL51 BANKED LINKER/LOCATER V6.22.2.0                                                  02/09/2026  18:00:20  PAGE 14


  C:0569H         LINE#         79
  C:0575H         LINE#         80
  C:0590H         LINE#         81
  C:0593H         LINE#         82
  C:0595H         LINE#         83
  -------         ENDPROC       _READ_RTC
  -------         ENDMOD        DS1302

  -------         MODULE        ONEWIRE
  C:0000H         SYMBOL        _ICE_DUMMY_
  D:0080H         PUBLIC        P0
  D:0090H         PUBLIC        P1
  D:00A0H         PUBLIC        P2
  D:00B0H         PUBLIC        P3
  D:00C0H         PUBLIC        P4
  C:085DH         PUBLIC        Read_DS18B20
  D:00C8H         PUBLIC        P5
  D:00E8H         PUBLIC        P6
  D:00F8H         PUBLIC        P7
  D:00A8H         PUBLIC        IE
  C:08C5H         PUBLIC        _Delay_OneWire
  B:0090H.4       PUBLIC        DQ
  C:07A0H         PUBLIC        _Write_DS18B20
  D:00B8H         PUBLIC        IP
  C:07C7H         PUBLIC        init_ds18b20
  D:00D8H         PUBLIC        CCON
  D:0098H         PUBLIC        SCON
  D:0088H         PUBLIC        TCON
  C:05D3H         PUBLIC        rd_temperature
  D:00D0H         PUBLIC        PSW
  C:08C1H         SYMBOL        L?0020
  -------         PROC          L?0019
  -------         ENDPROC       L?0019
  C:08C1H         SYMBOL        L?0020
  -------         PROC          _DELAY_ONEWIRE
  D:0006H         SYMBOL        t
  -------         DO            
  D:0005H         SYMBOL        i
  -------         ENDDO         
  C:08C5H         LINE#         9
  C:08C5H         LINE#         10
  C:08C5H         LINE#         12
  C:08CFH         LINE#         13
  C:08DEH         LINE#         14
  C:08DEH         LINE#         15
  -------         ENDPROC       _DELAY_ONEWIRE
  -------         PROC          _WRITE_DS18B20
  D:0001H         SYMBOL        dat
  -------         DO            
  D:0003H         SYMBOL        i
  -------         ENDDO         
  C:07A0H         LINE#         18
  C:07A2H         LINE#         19
  C:07A2H         LINE#         21
  C:07AEH         LINE#         22
  C:07AEH         LINE#         23
  C:07B0H         LINE#         24
BL51 BANKED LINKER/LOCATER V6.22.2.0                                                  02/09/2026  18:00:20  PAGE 15


  C:07B4H         LINE#         25
  C:07B7H         LINE#         26
  C:07B9H         LINE#         27
  C:07BDH         LINE#         28
  C:07C0H         LINE#         29
  -------         ENDPROC       _WRITE_DS18B20
  -------         PROC          READ_DS18B20
  -------         DO            
  D:0003H         SYMBOL        i
  D:0004H         SYMBOL        dat
  -------         ENDDO         
  C:085DH         LINE#         33
  C:085DH         LINE#         34
  C:085DH         LINE#         38
  C:0869H         LINE#         39
  C:0869H         LINE#         40
  C:086BH         LINE#         41
  C:086FH         LINE#         42
  C:0871H         LINE#         43
  C:0874H         LINE#         44
  C:0874H         LINE#         45
  C:0877H         LINE#         46
  C:0877H         LINE#         47
  C:087AH         LINE#         48
  C:087DH         LINE#         49
  C:087FH         LINE#         50
  -------         ENDPROC       READ_DS18B20
  -------         PROC          INIT_DS18B20
  -------         DO            
  B:0020H.0       SYMBOL        initflag
  -------         ENDDO         
  C:07C7H         LINE#         53
  C:07C7H         LINE#         54
  C:07C7H         LINE#         55
  C:07C9H         LINE#         57
  C:07CBH         LINE#         58
  C:07D2H         LINE#         59
  C:07D4H         LINE#         60
  C:07DBH         LINE#         61
  C:07DDH         LINE#         62
  C:07E4H         LINE#         63
  C:07E8H         LINE#         64
  C:07EBH         LINE#         66
  C:07EDH         LINE#         67
  -------         ENDPROC       INIT_DS18B20
  -------         PROC          RD_TEMPERATURE
  -------         DO            
  D:0007H         SYMBOL        high
  D:0001H         SYMBOL        low
  -------         ENDDO         
  C:05D3H         LINE#         70
  C:05D3H         LINE#         71
  C:05D3H         LINE#         74
  C:05D6H         LINE#         75
  C:05DBH         LINE#         76
  C:05E0H         LINE#         78
  C:05E7H         LINE#         80
BL51 BANKED LINKER/LOCATER V6.22.2.0                                                  02/09/2026  18:00:20  PAGE 16


  C:05EAH         LINE#         81
  C:05EFH         LINE#         82
  C:05F4H         LINE#         84
  C:05F9H         LINE#         85
  C:05FCH         LINE#         87
  -------         ENDPROC       RD_TEMPERATURE
  -------         ENDMOD        ONEWIRE

  -------         MODULE        IIC
  C:0000H         SYMBOL        _ICE_DUMMY_
  D:0080H         PUBLIC        P0
  D:0090H         PUBLIC        P1
  D:00A0H         PUBLIC        P2
  D:00B0H         PUBLIC        P3
  C:0815H         PUBLIC        _Ad_Read
  D:00C0H         PUBLIC        P4
  D:00C8H         PUBLIC        P5
  D:00E8H         PUBLIC        P6
  D:00F8H         PUBLIC        P7
  D:00A8H         PUBLIC        IE
  C:07FFH         SYMBOL        _I2C_Delay
  C:08DFH         PUBLIC        _Da_Write
  D:00B8H         PUBLIC        IP
  C:0727H         PUBLIC        I2CReceiveByte
  D:00D8H         PUBLIC        CCON
  D:0098H         PUBLIC        SCON
  D:0088H         PUBLIC        TCON
  C:0506H         PUBLIC        _EEPROM_Write
  B:00A0H.1       PUBLIC        sda
  B:00A0H.0       PUBLIC        scl
  C:0974H         PUBLIC        I2CStart
  C:0918H         PUBLIC        _I2CSendAck
  C:0644H         PUBLIC        _I2CSendByte
  C:088BH         PUBLIC        I2CWaitAck
  C:0987H         PUBLIC        I2CStop
  D:00D0H         PUBLIC        PSW
  -------         PROC          L?0027
  -------         ENDPROC       L?0027
  -------         PROC          _I2C_DELAY
  D:0007H         SYMBOL        n
  C:07FFH         LINE#         14
  C:07FFH         LINE#         15
  C:07FFH         LINE#         17
  C:07FFH         LINE#         18
  C:0804H         LINE#         19
  C:0809H         LINE#         20
  C:080EH         LINE#         21
  C:080EH         LINE#         22
  C:0814H         LINE#         23
  -------         ENDPROC       _I2C_DELAY
  -------         PROC          I2CSTART
  C:0974H         LINE#         26
  C:0974H         LINE#         27
  C:0974H         LINE#         28
  C:0976H         LINE#         29
  C:0978H         LINE#         30
  C:097DH         LINE#         31
BL51 BANKED LINKER/LOCATER V6.22.2.0                                                  02/09/2026  18:00:20  PAGE 17


  C:097FH         LINE#         32
  C:0984H         LINE#         33
  C:0986H         LINE#         34
  -------         ENDPROC       I2CSTART
  -------         PROC          I2CSTOP
  C:0987H         LINE#         37
  C:0987H         LINE#         38
  C:0987H         LINE#         39
  C:0989H         LINE#         40
  C:098BH         LINE#         41
  C:0990H         LINE#         42
  C:0992H         LINE#         43
  -------         ENDPROC       I2CSTOP
  -------         PROC          _I2CSENDBYTE
  D:0005H         SYMBOL        byt
  -------         DO            
  D:0004H         SYMBOL        i
  -------         ENDDO         
  C:0644H         LINE#         47
  C:0646H         LINE#         48
  C:0646H         LINE#         51
  C:0652H         LINE#         52
  C:0654H         LINE#         53
  C:0659H         LINE#         54
  C:065DH         LINE#         55
  C:065FH         LINE#         56
  C:0661H         LINE#         57
  C:0661H         LINE#         58
  C:0663H         LINE#         59
  C:0663H         LINE#         60
  C:0668H         LINE#         61
  C:066AH         LINE#         62
  C:066EH         LINE#         63
  C:0673H         LINE#         64
  C:0676H         LINE#         66
  C:0678H         LINE#         67
  -------         ENDPROC       _I2CSENDBYTE
  -------         PROC          I2CRECEIVEBYTE
  -------         DO            
  D:0005H         SYMBOL        da
  D:0004H         SYMBOL        i
  -------         ENDDO         
  C:0727H         LINE#         70
  C:0727H         LINE#         71
  C:0727H         LINE#         74
  C:0733H         LINE#         75
  C:0735H         LINE#         76
  C:073AH         LINE#         77
  C:073EH         LINE#         78
  C:0741H         LINE#         79
  C:0744H         LINE#         80
  C:0746H         LINE#         81
  C:074BH         LINE#         82
  C:074EH         LINE#         83
  C:0750H         LINE#         84
  -------         ENDPROC       I2CRECEIVEBYTE
  -------         PROC          L?0028
BL51 BANKED LINKER/LOCATER V6.22.2.0                                                  02/09/2026  18:00:20  PAGE 18


  -------         ENDPROC       L?0028
  -------         PROC          I2CWAITACK
  -------         DO            
  D:0005H         SYMBOL        ackbit
  -------         ENDDO         
  C:088BH         LINE#         87
  C:088BH         LINE#         88
  C:088BH         LINE#         91
  C:088DH         LINE#         92
  C:0892H         LINE#         93
  C:0897H         LINE#         94
  C:0899H         LINE#         95
  C:089EH         LINE#         97
  C:08A0H         LINE#         98
  -------         ENDPROC       I2CWAITACK
  -------         PROC          _I2CSENDACK
  D:0007H         SYMBOL        ackbit
  C:0918H         LINE#         101
  C:0918H         LINE#         102
  C:0918H         LINE#         103
  C:091AH         LINE#         104
  C:091FH         LINE#         105
  C:0924H         LINE#         106
  C:0926H         LINE#         107
  C:092BH         LINE#         108
  C:092DH         LINE#         109
  C:092FH         LINE#         110
  -------         ENDPROC       _I2CSENDACK
  -------         PROC          _AD_READ
  D:0003H         SYMBOL        addr
  -------         DO            
  D:0005H         SYMBOL        temp
  -------         ENDDO         
  C:0815H         LINE#         121
  C:0817H         LINE#         122
  C:0817H         LINE#         125
  C:081AH         LINE#         126
  C:081CH         LINE#         127
  C:081CH         LINE#         128
  C:081CH         LINE#         129
  C:081FH         LINE#         131
  C:0822H         LINE#         132
  C:0827H         LINE#         133
  C:082AH         LINE#         134
  C:082FH         LINE#         136
  C:0834H         LINE#         137
  C:0837H         LINE#         139
  C:0839H         LINE#         140
  -------         ENDPROC       _AD_READ
  -------         PROC          _DA_WRITE
  D:0003H         SYMBOL        dat
  C:08DFH         LINE#         143
  C:08E1H         LINE#         144
  C:08E1H         LINE#         145
  C:08E4H         LINE#         146
  C:08E9H         LINE#         147
  C:08ECH         LINE#         148
BL51 BANKED LINKER/LOCATER V6.22.2.0                                                  02/09/2026  18:00:20  PAGE 19


  C:08F1H         LINE#         149
  C:08F4H         LINE#         150
  C:08F9H         LINE#         151
  -------         ENDPROC       _DA_WRITE
  -------         PROC          _EEPROM_WRITE
  D:0008H         SYMBOL        str
  D:0003H         SYMBOL        addr
  D:000CH         SYMBOL        num
  C:0506H         LINE#         155
  C:050EH         LINE#         156
  C:050EH         LINE#         157
  C:0511H         LINE#         158
  C:0513H         LINE#         159
  C:0513H         LINE#         160
  C:0513H         LINE#         161
  C:0516H         LINE#         164
  C:0523H         LINE#         165
  C:0523H         LINE#         166
  C:0538H         LINE#         167
  C:053BH         LINE#         168
  C:0540H         LINE#         169
  C:0542H         LINE#         170
  C:0545H         LINE#         171
  C:0545H         LINE#         172
  C:0545H         LINE#         173
  C:0545H         LINE#         174
  C:0548H         LINE#         175
  C:054DH         LINE#         176
  C:054DH         LINE#         177
  C:054DH         LINE#         178
  C:054DH         LINE#         179
  C:0550H         LINE#         180
  -------         ENDPROC       _EEPROM_WRITE
  -------         ENDMOD        IIC

  -------         MODULE        ?C?FPMUL
  C:001EH         PUBLIC        ?C?FPMUL
  -------         ENDMOD        ?C?FPMUL

  -------         MODULE        ?C?FCAST
  C:012EH         PUBLIC        ?C?FCASTC
  C:0129H         PUBLIC        ?C?FCASTI
  C:0124H         PUBLIC        ?C?FCASTL
  -------         ENDMOD        ?C?FCAST

  -------         MODULE        ?C?CASTF
  C:0162H         PUBLIC        ?C?CASTF
  -------         ENDMOD        ?C?CASTF

  -------         MODULE        ?C?CLDPTR
  C:01E3H         PUBLIC        ?C?CLDPTR
  -------         ENDMOD        ?C?CLDPTR

  -------         MODULE        ?C?CLDOPTR
  C:01FCH         PUBLIC        ?C?CLDOPTR
  -------         ENDMOD        ?C?CLDOPTR

BL51 BANKED LINKER/LOCATER V6.22.2.0                                                  02/09/2026  18:00:20  PAGE 20


  -------         MODULE        ?C?CSTOPTR
  C:0229H         PUBLIC        ?C?CSTOPTR
  -------         ENDMOD        ?C?CSTOPTR

  -------         MODULE        ?C?LNEG
  C:024BH         PUBLIC        ?C?LNEG
  -------         ENDMOD        ?C?LNEG

*** WARNING L16: UNCALLED SEGMENT, IGNORED FOR OVERLAY PROCESS
    SEGMENT: ?PR?LED_OFF?LED

*** WARNING L16: UNCALLED SEGMENT, IGNORED FOR OVERLAY PROCESS
    SEGMENT: ?PR?BEEP?LED

*** WARNING L16: UNCALLED SEGMENT, IGNORED FOR OVERLAY PROCESS
    SEGMENT: ?PR?MOTOR?LED

*** WARNING L16: UNCALLED SEGMENT, IGNORED FOR OVERLAY PROCESS
    SEGMENT: ?PR?RELAY?LED

*** WARNING L16: UNCALLED SEGMENT, IGNORED FOR OVERLAY PROCESS
    SEGMENT: ?PR?_AD_READ?IIC

*** WARNING L16: UNCALLED SEGMENT, IGNORED FOR OVERLAY PROCESS
    SEGMENT: ?PR?_DA_WRITE?IIC

*** WARNING L16: UNCALLED SEGMENT, IGNORED FOR OVERLAY PROCESS
    SEGMENT: ?PR?_EEPROM_WRITE?IIC

Program Size: data=37.5 xdata=27 code=2470
LINK/LOCATE RUN COMPLETE.  7 WARNING(S),  0 ERROR(S)
