C51 COMPILER V9.59.0.0   DS1302                                                            07/07/2025 22:27:10 PAGE 1   


C51 COMPILER V9.59.0.0, COMPILATION OF MODULE DS1302
OBJECT MODULE PLACED IN .\Objects\DS1302.obj
COMPILER INVOKED BY: D:\keilc51\C51\BIN\C51.EXE ..\Driver\DS1302.c OPTIMIZE(8,SPEED) BROWSE INCDIR(..\Driver) DEBUG OBJE
                    -CTEXTEND PRINT(.\Listings\DS1302.lst) TABS(2) OBJECT(.\Objects\DS1302.obj)

line level    source

   1          #include <DS1302.H>
   2          
   3          
   4          
   5          void Write_DS1302(unsigned char temp)
   6          {
   7   1        unsigned char i;
   8   1        for (i=0;i<8;i++)
   9   1        {
  10   2          SCK=0;
  11   2          SDA=temp&0x01;
  12   2          temp>>=1;
  13   2          SCK=1;
  14   2        }
  15   1      }
  16          
  17          void Write_DS1302_Byte(unsigned char address, unsigned char dat)
  18          {
  19   1        RST=0; _nop_();
  20   1        SCK=0; _nop_();
  21   1        RST=1; _nop_();
  22   1        Write_DS1302(address);
  23   1        Write_DS1302(dat);
  24   1        RST=0;
  25   1        
  26   1      }
  27          
  28          unsigned char Read_DS1302_Byte(unsigned char address)
  29          {
  30   1        unsigned char i, temp = 0x00;
  31   1        RST=0; _nop_();
  32   1        SCK=0; _nop_();
  33   1        RST=1; _nop_();
  34   1        Write_DS1302(address);
  35   1        for(i=0;i<8;i++)
  36   1        {
  37   2          SCK=0;
  38   2          temp>>=1;
  39   2          if(SDA)
  40   2            temp|=0x80;
  41   2          SCK=1;
  42   2        }
  43   1        RST=0; _nop_();
  44   1        SCK=0; _nop_();
  45   1        SCK=1; _nop_();
  46   1        SDA=0; _nop_();
  47   1        SDA=1; _nop_();
  48   1        return (temp);
  49   1      }
  50          
  51          void Set_Rtc(unsigned char* ucRtc)
  52          {
  53   1        unsigned char i;
  54   1        Write_DS1302_Byte(0x8e,0x00);
C51 COMPILER V9.59.0.0   DS1302                                                            07/07/2025 22:27:10 PAGE 2   

  55   1        for (i=0;i<3;i++)
  56   1          Write_DS1302_Byte(0x84-2*i,ucRtc[i]);
  57   1        Write_DS1302_Byte(0x8e,0x80);
  58   1      
  59   1      }
  60          
  61          void Read_Rtc(unsigned char* ucRtc)
  62          {
  63   1        unsigned char i;
  64   1        for (i=0;i<3;i++)
  65   1          ucRtc[i] = Read_DS1302_Byte(0x85-2*i);
  66   1      }


MODULE INFORMATION:   STATIC OVERLAYABLE
   CODE SIZE        =    220    ----
   CONSTANT SIZE    =   ----    ----
   XDATA SIZE       =   ----    ----
   PDATA SIZE       =   ----    ----
   DATA SIZE        =   ----       6
   IDATA SIZE       =   ----    ----
   BIT SIZE         =   ----    ----
END OF MODULE INFORMATION.


C51 COMPILATION COMPLETE.  0 WARNING(S),  0 ERROR(S)
