C51 COMPILER V9.59.0.0   INIT                                                              07/07/2025 22:27:09 PAGE 1   


C51 COMPILER V9.59.0.0, COMPILATION OF MODULE INIT
OBJECT MODULE PLACED IN .\Objects\Init.obj
COMPILER INVOKED BY: D:\keilc51\C51\BIN\C51.EXE ..\Driver\Init.c OPTIMIZE(8,SPEED) BROWSE INCDIR(..\Driver) DEBUG OBJECT
                    -EXTEND PRINT(.\Listings\Init.lst) TABS(2) OBJECT(.\Objects\Init.obj)

line level    source

   1          #include <Init.H>
   2          void System_Init()
   3          {
   4   1        P0 = 0xff;//Led
   5   1        P2 = P2 & 0x1f | 0x80;//锁存器开门
   6   1        P2 &= 0x1f;//锁存器关门
   7   1        
   8   1        P0 = 0x00;//继电器、蜂鸣器
   9   1        P2 = P2 & 0x1f | 0xa0;//锁存器开门
  10   1        P2 &= 0x1f;//锁存器关门
  11   1      }


MODULE INFORMATION:   STATIC OVERLAYABLE
   CODE SIZE        =     29    ----
   CONSTANT SIZE    =   ----    ----
   XDATA SIZE       =   ----    ----
   PDATA SIZE       =   ----    ----
   DATA SIZE        =   ----    ----
   IDATA SIZE       =   ----    ----
   BIT SIZE         =   ----    ----
END OF MODULE INFORMATION.


C51 COMPILATION COMPLETE.  0 WARNING(S),  0 ERROR(S)
