C51 COMPILER V9.56.0.0   DS18B20                                                           01/24/2025 14:49:11 PAGE 1   


C51 COMPILER V9.56.0.0, COMPILATION OF MODULE DS18B20
OBJECT MODULE PLACED IN .\Objects\ds18b20.obj
COMPILER INVOKED BY: C:\Keil_v5\C51\BIN\C51.EXE ..\Driver\ds18b20.c OPTIMIZE(8,SPEED) BROWSE INCDIR(..\Driver) DEBUG OBJ
                    -ECTEXTEND PRINT(.\Listings\ds18b20.lst) TABS(2) OBJECT(.\Objects\ds18b20.obj)

line level    source

   1          sfr  P1 = 0x90;
   2          sbit DQ = P1^4;                  // 单总线接口
   3          // DS18B20延时函数
   4          void DS18B20_Delay(unsigned int t)
   5          {
   6   1        while (t--);
   7   1      }
   8          // DS18B20初始化
   9          bit DS18B20_Init(void)
  10          {
  11   1        bit flag = 0;
  12   1      
  13   1        DQ = 1;
  14   1        DQ = 0;
  15   1        DS18B20_Delay(200);
  16   1        DQ = 1;
  17   1        DS18B20_Delay(100);
  18   1        flag = DQ;
  19   1        DS18B20_Delay(25);
  20   1      
  21   1        return flag;
  22   1      }
  23          // DS18B20写字节
  24          void DS18B20_Write(unsigned char dat)
  25          {
  26   1        unsigned char i;
  27   1        for (i=0; i<8; i++)
  28   1        {
  29   2          DQ = 0;
  30   2          DQ = dat & 1;
  31   2          DS18B20_Delay(25);
  32   2          DQ = 1;
  33   2          dat >>= 1;
  34   2        }
  35   1        DS18B20_Delay(5);
  36   1      }
  37          // DS18B20读字节
  38          unsigned char DS18B20_Read(void)
  39          {
  40   1        unsigned char i, dat;
  41   1      
  42   1        for (i=0; i<8; i++)
  43   1        {
  44   2          DQ = 0;
  45   2          dat >>= 1;
  46   2          DQ = 1;
  47   2          if (DQ) dat |= 0x80;
  48   2          DS18B20_Delay(25);
  49   2        }
  50   1        return dat;
  51   1      }
  52          // 读取温度
  53          unsigned int Temp_Read(void)
  54          {
C51 COMPILER V9.56.0.0   DS18B20                                                           01/24/2025 14:49:11 PAGE 2   

  55   1        unsigned char low, high;
  56   1      
  57   1        DS18B20_Init();                // 初始化
  58   1        DS18B20_Write(0xCC);           // 跳过ROM
  59   1        DS18B20_Write(0x44);           // 启动温度转换
  60   1      
  61   1        DS18B20_Init();
  62   1        DS18B20_Write(0xCC);
  63   1        DS18B20_Write(0xBE);           // 读取温度值
  64   1        low = DS18B20_Read();          // 低字节
  65   1        high = DS18B20_Read();         // 高字节
  66   1      
  67   1        return (high<<8)+low;
  68   1      }


MODULE INFORMATION:   STATIC OVERLAYABLE
   CODE SIZE        =    148    ----
   CONSTANT SIZE    =   ----    ----
   XDATA SIZE       =   ----    ----
   PDATA SIZE       =   ----    ----
   DATA SIZE        =   ----    ----
   IDATA SIZE       =   ----    ----
   BIT SIZE         =   ----       1
END OF MODULE INFORMATION.


C51 COMPILATION COMPLETE.  0 WARNING(S),  0 ERROR(S)
