C51 COMPILER V9.59.0.0   IIC                                                               03/02/2026 20:01:19 PAGE 1   


C51 COMPILER V9.59.0.0, COMPILATION OF MODULE IIC
OBJECT MODULE PLACED IN .\Objects\iic.obj
COMPILER INVOKED BY: D:\keilc51\C51\BIN\C51.EXE Driver\iic.c OPTIMIZE(8,SPEED) BROWSE INCDIR(.\Driver) DEBUG OBJECTEXTEN
                    -D PRINT(.\Listings\iic.lst) TABS(2) OBJECT(.\Objects\iic.obj)

line level    source

   1          /**
   2           * @file    iic.c
   3           * @brief   I2C总线驱动模块(PCF8591 ADC/DAC + AT24C02 EEPROM)
   4           * @details 本模块包含：
   5           *          1. I2C底层时序(Start/Stop/SendByte/ReceiveByte/Ack)
   6           *          2. PCF8591 AD转换(4通道模拟输入，8位精度，0~5V -> 0~255)
   7           *          3. PCF8591 DA转换(1通道模拟输出，8位精度，0~255 -> 0~5V)
   8           *          4. AT24C02 EEPROM读写(256字节容量，I2C地址0xA0)
   9           *
  10           *          PCF8591通道说明(CT107D开发板)：
  11           *            0x40/0x00: 外部输入
  12           *            0x41/0x01: 光敏电阻
  13           *            0x42/0x02: 差分输入
  14           *            0x43/0x03: 滑动变阻器
  15           *
  16           *          本驱动代码基于蓝桥杯官方提供的代码片段修改
  17           */
  18          #include "iic.h"
  19          #include "intrins.h"
  20          
  21          #define DELAY_TIME  5          // I2C时序延时参数
  22          
  23          /* I2C总线引脚定义 */
  24          sbit scl = P2^0;              // 时钟线
  25          sbit sda = P2^1;              // 数据线
  26          
  27          /* ==================== I2C底层时序 ==================== */
  28          
  29          /**
  30           * @brief   I2C延时函数
  31           * @param   n  延时循环次数
  32           */
  33          static void I2C_Delay(unsigned char n)
  34          {
  35   1        do
  36   1        {
  37   2          _nop_();_nop_();_nop_();_nop_();_nop_();
  38   2          _nop_();_nop_();_nop_();_nop_();_nop_();
  39   2          _nop_();_nop_();_nop_();_nop_();_nop_();
  40   2        }
  41   1        while(n--);
  42   1      }
  43          
  44          /**
  45           * @brief   I2C起始信号
  46           * @note    时序：SCL高电平期间，SDA由高变低
  47           */
  48          void I2CStart(void)
  49          {
  50   1        sda = 1;
  51   1        scl = 1;
  52   1        I2C_Delay(DELAY_TIME);
  53   1        sda = 0;                   // SDA下降沿 = 起始信号
  54   1        I2C_Delay(DELAY_TIME);
C51 COMPILER V9.59.0.0   IIC                                                               03/02/2026 20:01:19 PAGE 2   

  55   1        scl = 0;                   // 钳住总线，准备发送数据
  56   1      }
  57          
  58          /**
  59           * @brief   I2C停止信号
  60           * @note    时序：SCL高电平期间，SDA由低变高
  61           */
  62          void I2CStop(void)
  63          {
  64   1        sda = 0;
  65   1        scl = 1;
  66   1        I2C_Delay(DELAY_TIME);
  67   1        sda = 1;                   // SDA上升沿 = 停止信号
  68   1        I2C_Delay(DELAY_TIME);
  69   1      }
  70          
  71          /**
  72           * @brief   I2C发送一个字节
  73           * @param   byt  要发送的字节(MSB优先)
  74           * @note    数据在SCL低电平时准备，SCL高电平时被从机采样
  75           */
  76          void I2CSendByte(unsigned char byt)
  77          {
  78   1        unsigned char i;
  79   1      
  80   1        for(i=0; i<8; i++){
  81   2          scl = 0;
  82   2          I2C_Delay(DELAY_TIME);
  83   2          if(byt & 0x80){        // 取最高位
  84   3            sda = 1;
  85   3          }
  86   2          else{
  87   3            sda = 0;
  88   3          }
  89   2          I2C_Delay(DELAY_TIME);
  90   2          scl = 1;               // SCL上升沿，从机采样数据
  91   2          byt <<= 1;             // 左移准备下一位
  92   2          I2C_Delay(DELAY_TIME);
  93   2        }
  94   1      
  95   1        scl = 0;                   // 释放时钟线
  96   1      }
  97          
  98          /**
  99           * @brief   I2C接收一个字节
 100           * @return  接收到的字节数据
 101           * @note    主机释放SDA，在SCL高电平期间读取从机数据(MSB优先)
 102           */
 103          unsigned char I2CReceiveByte(void)
 104          {
 105   1        unsigned char da;
 106   1        unsigned char i;
 107   1        for(i=0; i<8; i++){
 108   2          scl = 1;
 109   2          I2C_Delay(DELAY_TIME);
 110   2          da <<= 1;              // 左移腾出最低位
 111   2          if(sda)
 112   2            da |= 0x01;       // SDA为高则最低位置1
 113   2          scl = 0;
 114   2          I2C_Delay(DELAY_TIME);
 115   2        }
 116   1        return da;
C51 COMPILER V9.59.0.0   IIC                                                               03/02/2026 20:01:19 PAGE 3   

 117   1      }
 118          
 119          /**
 120           * @brief   I2C等待应答
 121           * @return  0=收到ACK(应答), 1=收到NACK(非应答)
 122           */
 123          unsigned char I2CWaitAck(void)
 124          {
 125   1        unsigned char ackbit;
 126   1      
 127   1        scl = 1;
 128   1        I2C_Delay(DELAY_TIME);
 129   1        ackbit = sda;              // 读取从机应答位(低电平=ACK)
 130   1        scl = 0;
 131   1        I2C_Delay(DELAY_TIME);
 132   1      
 133   1        return ackbit;
 134   1      }
 135          
 136          /**
 137           * @brief   I2C发送应答/非应答
 138           * @param   ackbit  0=发送ACK(继续接收), 1=发送NACK(停止接收)
 139           */
 140          void I2CSendAck(unsigned char ackbit)
 141          {
 142   1        scl = 0;
 143   1        sda = ackbit;              // 设置应答位
 144   1        I2C_Delay(DELAY_TIME);
 145   1        scl = 1;                   // SCL高电平，从机读取应答
 146   1        I2C_Delay(DELAY_TIME);
 147   1        scl = 0;
 148   1        sda = 1;                   // 释放数据线
 149   1        I2C_Delay(DELAY_TIME);
 150   1      }
 151          
 152          /* ==================== PCF8591 AD/DA转换 ==================== */
 153          
 154          /**
 155           * @brief   PCF8591 AD转换(模拟量 -> 数字量)
 156           * @param   addr  通道地址：
 157           *                0x41 = 光敏电阻(通道1)
 158           *                0x43 = 滑动变阻器(通道3)
 159           *                0x40 = 外部输入(通道0)
 160           *                0x42 = 差分输入(通道2)
 161           * @return  8位AD值(0~255，对应0~5V模拟量)
 162           * @note    PCF8591 I2C地址：写=0x90, 读=0x91
 163           *          返回的是上一次转换的结果(流水线方式)
 164           */
 165          unsigned char Ad_Read(unsigned char addr)
 166          {
 167   1        unsigned char temp;
 168   1      
 169   1        I2CStart();
 170   1        I2CSendByte(0x90);         // 选中PCF8591，写操作
 171   1        I2CWaitAck();
 172   1        I2CSendByte(addr);         // 写入通道控制字
 173   1        I2CWaitAck();
 174   1      
 175   1        I2CStart();                // 重复起始条件，切换为读操作
 176   1        I2CSendByte(0x91);         // 选中PCF8591，读操作
 177   1        I2CWaitAck();
 178   1        temp = I2CReceiveByte();   // 读取AD转换结果
C51 COMPILER V9.59.0.0   IIC                                                               03/02/2026 20:01:19 PAGE 4   

 179   1      
 180   1        I2CSendAck(1);             // 发送NACK，不再继续读取
 181   1        I2CStop();
 182   1      
 183   1        return temp;
 184   1      }
 185          
 186          /**
 187           * @brief   PCF8591 DA转换(数字量 -> 模拟量)
 188           * @param   dat  8位DA值(0~255，对应0~5V模拟输出)
 189           * @note    控制字0x41开启DA输出功能
 190           *          电压计算：V_out = dat / 255 * 5V
 191           *          例如：Da_Write(3*51) 输出约3V
 192           */
 193          void Da_Write(unsigned char dat)
 194          {
 195   1        I2CStart();
 196   1        I2CSendByte(0x90);         // 选中PCF8591，写操作
 197   1        I2CWaitAck();
 198   1        I2CSendByte(0x41);         // 控制字：开启DA输出
 199   1        I2CWaitAck();
 200   1        I2CSendByte(dat);          // 写入DA数值
 201   1        I2CWaitAck();
 202   1        I2CStop();
 203   1      }
 204          
 205          /* ==================== AT24C02 EEPROM读写 ==================== */
 206          
 207          /**
 208           * @brief   AT24C02 EEPROM连续写入
 209           * @param   str   待写入的数据数组指针
 210           * @param   addr  EEPROM起始地址(0~255)
 211           * @param   num   写入字节数
 212           * @note    AT24C02 I2C地址：写=0xA0, 读=0xA1
 213           *          页写入模式(8字节/页)，跨页需注意地址对齐
 214           *          写入后需要较长延时等待EEPROM内部编程完成(约5~10ms)
 215           */
 216          void EEPROM_Write(unsigned char *str, unsigned char addr, unsigned num)
 217          {
 218   1        I2CStart();
 219   1        I2CSendByte(0xa0);         // 选中AT24C02，写操作
 220   1        I2CWaitAck();
 221   1        I2CSendByte(addr);         // 写入起始地址
 222   1        I2CWaitAck();
 223   1      
 224   1        while(num--)
 225   1        {
 226   2          I2CSendByte(*str++);   // 逐字节写入数据
 227   2          I2CWaitAck();
 228   2          I2C_Delay(200);        // 字节间延时，保证写入完成
 229   2        }
 230   1        I2CStop();
 231   1      
 232   1        /* 写入完成后的长延时，等待EEPROM内部编程 */
 233   1        I2C_Delay(255);
 234   1        I2C_Delay(255);
 235   1        I2C_Delay(255);
 236   1        I2C_Delay(255);
 237   1        I2C_Delay(255);
 238   1        I2C_Delay(255);
 239   1        I2C_Delay(255);
 240   1        I2C_Delay(255);
C51 COMPILER V9.59.0.0   IIC                                                               03/02/2026 20:01:19 PAGE 5   

 241   1        I2C_Delay(255);
 242   1        I2C_Delay(255);
 243   1      }
 244          
 245          /**
 246           * @brief   AT24C02 EEPROM连续读取
 247           * @param   str   读取数据存放的数组指针
 248           * @param   addr  EEPROM起始地址(0~255)
 249           * @param   num   读取字节数
 250           * @note    读取流程：先写入起始地址(伪写操作)，再切换为读模式连续读取
 251           *          最后一个字节发送NACK结束读取，其余字节发送ACK继续
 252           *          读取期间关闭中断EA，防止I2C时序被打断
 253           */
 254          void EEPROM_Read(unsigned char *str, unsigned char addr, unsigned num)
 255          {
 256   1        I2CStart();
 257   1        I2CSendByte(0xa0);         // 选中AT24C02，写操作(设置读取起始地址)
 258   1        I2CWaitAck();
 259   1        I2CSendByte(addr);         // 写入起始地址
 260   1        I2CWaitAck();
 261   1      
 262   1        I2CStart();                // 重复起始条件
 263   1        I2CSendByte(0xa1);         // 选中AT24C02，读操作
 264   1        I2CWaitAck();
 265   1      
 266   1        EA = 0;                    // 关中断，保证读取完整性
 267   1        while(num--)
 268   1        {
 269   2          *str++ = I2CReceiveByte();
 270   2          if(num)
 271   2            I2CSendAck(0);     // 还有数据要读，发送ACK
 272   2          else
 273   2            I2CSendAck(1);     // 最后一个字节，发送NACK结束
 274   2        }
 275   1        I2CStop();
 276   1        EA = 1;                    // 恢复中断
 277   1      }


MODULE INFORMATION:   STATIC OVERLAYABLE
   CODE SIZE        =    446    ----
   CONSTANT SIZE    =   ----    ----
   XDATA SIZE       =   ----    ----
   PDATA SIZE       =   ----    ----
   DATA SIZE        =   ----      12
   IDATA SIZE       =   ----    ----
   BIT SIZE         =   ----    ----
END OF MODULE INFORMATION.


C51 COMPILATION COMPLETE.  0 WARNING(S),  0 ERROR(S)
