BL51 BANKED LINKER/LOCATER V6.22.2.0                                                    03/02/2026  20:17:58  PAGE 1


BL51 BANKED LINKER/LOCATER V6.22.2.0, INVOKED BY:
D:\KEILC51\C51\BIN\BL51.EXE .\Objects\STARTUP.obj, .\Objects\main.obj, .\Objects\iic.obj, .\Objects\Init.obj, .\Objects\
>> Key.obj, .\Objects\LED.obj, .\Objects\Seg.obj TO .\Objects\pzk PRINT (.\Listings\pzk.m51) RAMSIZE (256)


MEMORY MODEL: SMALL


INPUT MODULES INCLUDED:
  .\Objects\STARTUP.obj (?C_STARTUP)
  .\Objects\main.obj (MAIN)
  .\Objects\iic.obj (IIC)
  .\Objects\Init.obj (INIT)
  .\Objects\Key.obj (KEY)
  .\Objects\LED.obj (LED)
  .\Objects\Seg.obj (SEG)
  D:\KEILC51\C51\LIB\C51S.LIB (?C_INIT)
  D:\KEILC51\C51\LIB\C51S.LIB (?C?CLDPTR)
  D:\KEILC51\C51\LIB\C51S.LIB (?C?CLDOPTR)
  D:\KEILC51\C51\LIB\C51S.LIB (?C?CSTPTR)
  D:\KEILC51\C51\LIB\C51S.LIB (?C?UIDIV)
  D:\KEILC51\C51\LIB\C51S.LIB (?C?ULCMP)
  D:\KEILC51\C51\LIB\C51S.LIB (?C?LLDIDATA)
  D:\KEILC51\C51\LIB\C51S.LIB (?C?LLDIDATA0)
  D:\KEILC51\C51\LIB\C51S.LIB (?C?LSTIDATA)
  D:\KEILC51\C51\LIB\C51S.LIB (?C?ICALL)


LINK MAP OF MODULE:  .\Objects\pzk (?C_STARTUP)


            TYPE    BASE      LENGTH    RELOCATION   SEGMENT NAME
            -----------------------------------------------------

            * * * * * * *   D A T A   M E M O R Y   * * * * * * *
            REG     0000H     0008H     ABSOLUTE     "REG BANK 0"
            DATA    0008H     0006H     UNIT         _DATA_GROUP_
            IDATA   000EH     0002H     UNIT         ?ID?LED
                    0010H     0010H                  *** GAP ***
            BIT     0020H.0   0000H.1   UNIT         ?BI?MAIN
            BIT     0020H.1   0000H.1   UNIT         _BIT_GROUP_
                    0020H.2   0000H.6                *** GAP ***
            IDATA   0021H     0042H     UNIT         ?ID?MAIN
            IDATA   0063H     0001H     UNIT         ?STACK

            * * * * * * *  X D A T A   M E M O R Y  * * * * * * *
            XDATA   0000H     0020H     INPAGE       ?PD?MAIN
            XDATA   0020H     000EH     INPAGE       ?PD?SEG

            * * * * * * *   C O D E   M E M O R Y   * * * * * * *
            CODE    0000H     0003H     ABSOLUTE     
            CODE    0003H     0015H     UNIT         ?PR?TIMER1_INIT?MAIN
                    0018H     0003H                  *** GAP ***
            CODE    001BH     0003H     ABSOLUTE     
            CODE    001EH     00E9H     UNIT         ?C?LIB_CODE
            CODE    0107H     00E5H     UNIT         ?PR?SEG_PROC?MAIN
            CODE    01ECH     00C0H     UNIT         ?PR?KEY_PROC?MAIN
            CODE    02ACH     00A6H     UNIT         ?PR?KEY_READ?KEY
BL51 BANKED LINKER/LOCATER V6.22.2.0                                                  03/02/2026  20:17:58  PAGE 2


            CODE    0352H     008FH     UNIT         ?PR?TIMER1_ISR?MAIN
            CODE    03E1H     008CH     UNIT         ?C_C51STARTUP
            CODE    046DH     007FH     UNIT         ?PR?_LED_DISP?LED
            CODE    04ECH     0077H     UNIT         ?PR?LED_PROC?MAIN
            CODE    0563H     0075H     UNIT         ?PR?SCHEDULER_RUN?MAIN
            CODE    05D8H     0075H     UNIT         ?C_INITSEG
            CODE    064DH     004FH     UNIT         ?PR?_EEPROM_READ?IIC
            CODE    069CH     004FH     UNIT         ?PR?_SEG_DISP?SEG
            CODE    06EBH     0048H     UNIT         ?PR?_EEPROM_WRITE?IIC
            CODE    0733H     0035H     UNIT         ?PR?_I2CSENDBYTE?IIC
            CODE    0768H     0031H     UNIT         ?PR?MAIN?MAIN
            CODE    0799H     002AH     UNIT         ?PR?I2CRECEIVEBYTE?IIC
            CODE    07C3H     0028H     UNIT         ?PR?I2CWAITACK?IIC
            CODE    07EBH     0027H     UNIT         ?PR?_I2C_DELAY?IIC
            CODE    0812H     0027H     UNIT         ?PR?SYSTEM_INIT?INIT
            CODE    0839H     0025H     UNIT         ?PR?_AD_READ?IIC
            CODE    085EH     001CH     UNIT         ?PR?AD_DA?MAIN
            CODE    087AH     001CH     UNIT         ?PR?_I2CSENDACK?IIC
            CODE    0896H     0015H     UNIT         ?PR?_DA_WRITE?IIC
            CODE    08ABH     0013H     UNIT         ?PR?I2CSTART?IIC
            CODE    08BEH     0010H     UNIT         ?PR?I2CSTOP?IIC
            CODE    08CEH     0005H     UNIT         ?PR?SCHEDULER_INIT?MAIN



OVERLAY MAP OF MODULE:   .\Objects\pzk (?C_STARTUP)


SEGMENT                            BIT_GROUP          DATA_GROUP 
  +--> CALLED SEGMENT           START    LENGTH     START    LENGTH
-------------------------------------------------------------------
?C_C51STARTUP                   -----    -----      -----    -----
  +--> ?PR?MAIN?MAIN
  +--> ?C_INITSEG

?PR?MAIN?MAIN                   -----    -----      -----    -----
  +--> ?PR?SYSTEM_INIT?INIT
  +--> ?PR?SCHEDULER_INIT?MAIN
  +--> ?PR?TIMER1_INIT?MAIN
  +--> ?PR?_EEPROM_READ?IIC
  +--> ?PR?_AD_READ?IIC
  +--> ?PR?SCHEDULER_RUN?MAIN

?PR?_EEPROM_READ?IIC            -----    -----      0008H    0006H
  +--> ?PR?I2CWAITACK?IIC
  +--> ?PR?I2CSTART?IIC
  +--> ?PR?_I2CSENDBYTE?IIC
  +--> ?PR?I2CRECEIVEBYTE?IIC
  +--> ?PR?_I2CSENDACK?IIC
  +--> ?PR?I2CSTOP?IIC

?PR?I2CWAITACK?IIC              -----    -----      -----    -----
  +--> ?PR?I2CSTART?IIC
  +--> ?PR?_I2CSENDBYTE?IIC
  +--> ?PR?_I2C_DELAY?IIC

?PR?I2CSTART?IIC                -----    -----      -----    -----
BL51 BANKED LINKER/LOCATER V6.22.2.0                                                  03/02/2026  20:17:58  PAGE 3


  +--> ?PR?_I2C_DELAY?IIC

?PR?_I2CSENDBYTE?IIC            -----    -----      -----    -----
  +--> ?PR?_I2C_DELAY?IIC

?PR?I2CRECEIVEBYTE?IIC          -----    -----      -----    -----
  +--> ?PR?_I2C_DELAY?IIC

?PR?_I2CSENDACK?IIC             -----    -----      -----    -----
  +--> ?PR?_I2C_DELAY?IIC

?PR?I2CSTOP?IIC                 -----    -----      -----    -----
  +--> ?PR?_I2C_DELAY?IIC

?PR?_AD_READ?IIC                -----    -----      -----    -----
  +--> ?PR?I2CSTART?IIC
  +--> ?PR?I2CWAITACK?IIC
  +--> ?PR?_I2CSENDBYTE?IIC
  +--> ?PR?I2CRECEIVEBYTE?IIC
  +--> ?PR?_I2CSENDACK?IIC
  +--> ?PR?I2CSTOP?IIC

?PR?SCHEDULER_RUN?MAIN          -----    -----      0008H    0005H

?C_INITSEG                      -----    -----      -----    -----
  +--> ?PR?LED_PROC?MAIN
  +--> ?PR?KEY_PROC?MAIN
  +--> ?PR?SEG_PROC?MAIN
  +--> ?PR?AD_DA?MAIN

?PR?KEY_PROC?MAIN               -----    -----      -----    -----
  +--> ?PR?KEY_READ?KEY
  +--> ?PR?_EEPROM_WRITE?IIC

?PR?_EEPROM_WRITE?IIC           -----    -----      0008H    0006H
  +--> ?PR?I2CWAITACK?IIC
  +--> ?PR?_I2CSENDBYTE?IIC
  +--> ?PR?_I2C_DELAY?IIC
  +--> ?PR?I2CSTOP?IIC

?PR?AD_DA?MAIN                  -----    -----      -----    -----
  +--> ?PR?_AD_READ?IIC

*** NEW ROOT ***************************************************

?PR?TIMER1_ISR?MAIN             -----    -----      -----    -----
  +--> ?PR?_SEG_DISP?SEG
  +--> ?PR?_LED_DISP?LED

?PR?_SEG_DISP?SEG               0020H.1  0000H.1    -----    -----



SYMBOL TABLE OF MODULE:  .\Objects\pzk (?C_STARTUP)

  VALUE           TYPE          NAME
  ----------------------------------
BL51 BANKED LINKER/LOCATER V6.22.2.0                                                  03/02/2026  20:17:58  PAGE 4



  -------         MODULE        ?C_STARTUP
  C:03E1H         SEGMENT       ?C_C51STARTUP
  I:0063H         SEGMENT       ?STACK
  C:0000H         PUBLIC        ?C_STARTUP
  D:00E0H         SYMBOL        ACC
  D:00F0H         SYMBOL        B
  D:0083H         SYMBOL        DPH
  D:0082H         SYMBOL        DPL
  N:0000H         SYMBOL        IBPSTACK
  N:0100H         SYMBOL        IBPSTACKTOP
  N:0080H         SYMBOL        IDATALEN
  C:03E4H         SYMBOL        IDATALOOP
  N:0000H         SYMBOL        PBPSTACK
  N:0100H         SYMBOL        PBPSTACKTOP
  N:0000H         SYMBOL        PDATALEN
  N:0000H         SYMBOL        PDATASTART
  N:0000H         SYMBOL        PPAGE
  N:0000H         SYMBOL        PPAGEENABLE
  D:00A0H         SYMBOL        PPAGE_SFR
  D:0081H         SYMBOL        SP
  C:03E1H         SYMBOL        STARTUP1
  N:0000H         SYMBOL        XBPSTACK
  N:0000H         SYMBOL        XBPSTACKTOP
  N:0000H         SYMBOL        XDATALEN
  N:0000H         SYMBOL        XDATASTART
  C:0000H         LINE#         126
  C:03E1H         LINE#         133
  C:03E3H         LINE#         134
  C:03E4H         LINE#         135
  C:03E5H         LINE#         136
  C:03E7H         LINE#         185
  C:03EAH         LINE#         196
  -------         ENDMOD        ?C_STARTUP

  -------         MODULE        MAIN
  C:0000H         SYMBOL        _ICE_DUMMY_
  D:0080H         PUBLIC        P0
  D:0090H         PUBLIC        P1
  D:00A0H         PUBLIC        P2
  D:00B0H         PUBLIC        P3
  D:00C0H         PUBLIC        P4
  D:00C8H         PUBLIC        P5
  B:00A8H.7       PUBLIC        EA
  D:00E8H         PUBLIC        P6
  D:00F8H         PUBLIC        P7
  C:04ECH         PUBLIC        Led_Proc
  I:0021H         PUBLIC        Error
  D:00A8H         PUBLIC        IE
  C:0107H         PUBLIC        Seg_Proc
  D:00B8H         PUBLIC        IP
  I:0022H         PUBLIC        Scheduler_Task
  C:08CEH         PUBLIC        Scheduler_Init
  X:0000H         PUBLIC        Seg_Buf
  C:01ECH         PUBLIC        Key_Proc
  D:00D8H         PUBLIC        CCON
  I:004EH         PUBLIC        Key_Down
BL51 BANKED LINKER/LOCATER V6.22.2.0                                                  03/02/2026  20:17:58  PAGE 5


  I:004FH         PUBLIC        Seg_Show_Mod
  C:0768H         PUBLIC        main
  I:0050H         PUBLIC        Key_Old
  C:0003H         PUBLIC        Timer1_Init
  I:0051H         PUBLIC        Key_Val
  I:0052H         PUBLIC        Seg_Pos
  D:0098H         PUBLIC        SCON
  D:0089H         PUBLIC        TMOD
  D:0088H         PUBLIC        TCON
  C:0563H         PUBLIC        Scheduler_Run
  D:008EH         PUBLIC        AUXR
  I:0053H         PUBLIC        Voltage_Count
  C:0352H         PUBLIC        Timer1_Isr
  B:00A8H.3       PUBLIC        ET1
  B:0088H.7       PUBLIC        TF1
  D:008DH         PUBLIC        TH1
  I:0054H         PUBLIC        Key_Up
  D:008BH         PUBLIC        TL1
  I:0055H         PUBLIC        Time5000
  B:0088H.6       PUBLIC        TR1
  I:0057H         PUBLIC        Voltage_Get
  X:0008H         PUBLIC        EEPROM_Data_R
  X:0010H         PUBLIC        EEPROM_Data_W
  I:0059H         PUBLIC        AD_3_Data_100x
  I:005BH         PUBLIC        Voltage_Set
  I:005DH         PUBLIC        task_num
  C:085EH         PUBLIC        AD_DA
  I:005EH         PUBLIC        Voltage_E2PROM
  X:0018H         PUBLIC        ucLed
  I:005FH         PUBLIC        uwTick
  D:00D0H         PUBLIC        PSW
  B:0020H.0       PUBLIC        Flag
  -------         PROC          KEY_PROC
  C:01ECH         LINE#         44
  C:01ECH         LINE#         45
  C:01ECH         LINE#         46
  C:01F3H         LINE#         47
  C:01FCH         LINE#         48
  C:0202H         LINE#         49
  C:0207H         LINE#         50
  C:021AH         LINE#         51
  C:021AH         LINE#         52
  C:021AH         LINE#         53
  C:0222H         LINE#         54
  C:0222H         LINE#         55
  C:0234H         LINE#         56
  C:0245H         LINE#         57
  C:0245H         LINE#         58
  C:024DH         LINE#         59
  C:0251H         LINE#         61
  C:0252H         LINE#         62
  C:0252H         LINE#         63
  C:025BH         LINE#         64
  C:025BH         LINE#         65
  C:025CH         LINE#         66
  C:025FH         LINE#         67
  C:0260H         LINE#         68
BL51 BANKED LINKER/LOCATER V6.22.2.0                                                  03/02/2026  20:17:58  PAGE 6


  C:0261H         LINE#         70
  C:0262H         LINE#         71
  C:0262H         LINE#         72
  C:0269H         LINE#         73
  C:0269H         LINE#         74
  C:026CH         LINE#         75
  C:0276H         LINE#         76
  C:0285H         LINE#         77
  C:0286H         LINE#         81
  C:0286H         LINE#         82
  C:028DH         LINE#         83
  C:028DH         LINE#         84
  C:0290H         LINE#         85
  C:029CH         LINE#         86
  C:02A7H         LINE#         87
  C:02A8H         LINE#         88
  C:02ABH         LINE#         89
  C:02ABH         LINE#         90
  C:02ABH         LINE#         92
  -------         ENDPROC       KEY_PROC
  -------         PROC          SEG_PROC
  C:0107H         LINE#         95
  C:0107H         LINE#         96
  C:0107H         LINE#         97
  C:011AH         LINE#         98
  C:011AH         LINE#         99
  C:011AH         LINE#         100
  C:011FH         LINE#         101
  C:0122H         LINE#         102
  C:0124H         LINE#         103
  C:0126H         LINE#         104
  C:0128H         LINE#         105
  C:0146H         LINE#         106
  C:015CH         LINE#         107
  C:015EH         LINE#         108
  C:0160H         LINE#         109
  C:0160H         LINE#         110
  C:0165H         LINE#         111
  C:0169H         LINE#         112
  C:016BH         LINE#         113
  C:016DH         LINE#         114
  C:016FH         LINE#         115
  C:018DH         LINE#         116
  C:01A3H         LINE#         117
  C:01B5H         LINE#         118
  C:01B6H         LINE#         119
  C:01B6H         LINE#         120
  C:01BBH         LINE#         121
  C:01BFH         LINE#         122
  C:01C1H         LINE#         123
  C:01C3H         LINE#         124
  C:01C5H         LINE#         125
  C:01C7H         LINE#         126
  C:01DFH         LINE#         127
  C:01EBH         LINE#         128
  C:01EBH         LINE#         129
  C:01EBH         LINE#         130
BL51 BANKED LINKER/LOCATER V6.22.2.0                                                  03/02/2026  20:17:58  PAGE 7


  -------         ENDPROC       SEG_PROC
  -------         PROC          LED_PROC
  C:04ECH         LINE#         133
  C:04ECH         LINE#         134
  C:04ECH         LINE#         135
  C:04FCH         LINE#         136
  C:050AH         LINE#         137
  C:050AH         LINE#         138
  C:0510H         LINE#         139
  C:0512H         LINE#         140
  C:0512H         LINE#         141
  C:051FH         LINE#         142
  C:051FH         LINE#         143
  C:0521H         LINE#         144
  C:0524H         LINE#         145
  C:0524H         LINE#         146
  C:0530H         LINE#         147
  C:0530H         LINE#         149
  C:0535H         LINE#         150
  C:0537H         LINE#         151
  C:053BH         LINE#         152
  C:0548H         LINE#         153
  C:054CH         LINE#         154
  C:055EH         LINE#         155
  C:0562H         LINE#         157
  -------         ENDPROC       LED_PROC
  -------         PROC          AD_DA
  C:085EH         LINE#         164
  C:085EH         LINE#         165
  C:085EH         LINE#         166
  C:0879H         LINE#         167
  -------         ENDPROC       AD_DA
  -------         PROC          TIMER1_INIT
  C:0003H         LINE#         177
  C:0003H         LINE#         178
  C:0003H         LINE#         179
  C:0006H         LINE#         180
  C:0009H         LINE#         181
  C:000CH         LINE#         182
  C:000FH         LINE#         183
  C:0011H         LINE#         184
  C:0013H         LINE#         185
  C:0015H         LINE#         186
  C:0017H         LINE#         187
  -------         ENDPROC       TIMER1_INIT
  -------         PROC          TIMER1_ISR
  C:0352H         LINE#         198
  C:036FH         LINE#         200
  C:0386H         LINE#         203
  C:038DH         LINE#         204
  C:03A0H         LINE#         205
  C:03A0H         LINE#         206
  C:03A6H         LINE#         207
  C:03A8H         LINE#         208
  C:03A8H         LINE#         209
  C:03B2H         LINE#         210
  C:03B2H         LINE#         211
BL51 BANKED LINKER/LOCATER V6.22.2.0                                                  03/02/2026  20:17:58  PAGE 8


  C:03BBH         LINE#         212
  C:03BEH         LINE#         213
  C:03BEH         LINE#         214
  C:03C6H         LINE#         215
  C:03C6H         LINE#         217
  -------         ENDPROC       TIMER1_ISR
  -------         PROC          SCHEDULER_INIT
  C:08CEH         LINE#         254
  C:08CEH         LINE#         255
  C:08CEH         LINE#         256
  C:08D2H         LINE#         257
  -------         ENDPROC       SCHEDULER_INIT
  -------         PROC          SCHEDULER_RUN
  -------         DO            
  D:0008H         SYMBOL        i
  -------         DO            
  D:0009H         SYMBOL        now_time
  -------         ENDDO         
  -------         ENDDO         
  C:0563H         LINE#         265
  C:0563H         LINE#         266
  C:0563H         LINE#         268
  C:056EH         LINE#         269
  C:056EH         LINE#         270
  C:057BH         LINE#         271
  C:05ADH         LINE#         272
  C:05ADH         LINE#         273
  C:05C1H         LINE#         274
  C:05D3H         LINE#         275
  C:05D3H         LINE#         276
  C:05D7H         LINE#         277
  -------         ENDPROC       SCHEDULER_RUN
  -------         PROC          MAIN
  C:0768H         LINE#         290
  C:0768H         LINE#         291
  C:0768H         LINE#         292
  C:076BH         LINE#         293
  C:076EH         LINE#         294
  C:0771H         LINE#         295
  C:0782H         LINE#         296
  C:078FH         LINE#         297
  C:0794H         LINE#         298
  C:0794H         LINE#         299
  C:0794H         LINE#         300
  C:0797H         LINE#         301
  -------         ENDPROC       MAIN
  -------         ENDMOD        MAIN

  -------         MODULE        IIC
  C:0000H         SYMBOL        _ICE_DUMMY_
  D:0080H         PUBLIC        P0
  D:0090H         PUBLIC        P1
  D:00A0H         PUBLIC        P2
  D:00B0H         PUBLIC        P3
  C:0839H         PUBLIC        _Ad_Read
  D:00C0H         PUBLIC        P4
  D:00C8H         PUBLIC        P5
BL51 BANKED LINKER/LOCATER V6.22.2.0                                                  03/02/2026  20:17:58  PAGE 9


  B:00A8H.7       PUBLIC        EA
  D:00E8H         PUBLIC        P6
  D:00F8H         PUBLIC        P7
  D:00A8H         PUBLIC        IE
  C:07FCH         SYMBOL        _I2C_Delay
  C:0896H         PUBLIC        _Da_Write
  D:00B8H         PUBLIC        IP
  C:0799H         PUBLIC        I2CReceiveByte
  D:00D8H         PUBLIC        CCON
  C:064DH         PUBLIC        _EEPROM_Read
  D:0098H         PUBLIC        SCON
  D:0088H         PUBLIC        TCON
  B:00A0H.1       PUBLIC        sda
  C:06EBH         PUBLIC        _EEPROM_Write
  B:00A0H.0       PUBLIC        scl
  C:08ABH         PUBLIC        I2CStart
  C:087AH         PUBLIC        _I2CSendAck
  C:0733H         PUBLIC        _I2CSendByte
  C:07D5H         PUBLIC        I2CWaitAck
  C:08BEH         PUBLIC        I2CStop
  D:00D0H         PUBLIC        PSW
  -------         PROC          L?0035
  -------         ENDPROC       L?0035
  -------         PROC          _I2C_DELAY
  D:0007H         SYMBOL        n
  C:07FCH         LINE#         33
  C:07FCH         LINE#         34
  C:07FCH         LINE#         36
  C:07FCH         LINE#         37
  C:0801H         LINE#         38
  C:0806H         LINE#         39
  C:080BH         LINE#         40
  C:080BH         LINE#         41
  C:0811H         LINE#         42
  -------         ENDPROC       _I2C_DELAY
  -------         PROC          I2CSTART
  C:08ABH         LINE#         48
  C:08ABH         LINE#         49
  C:08ABH         LINE#         50
  C:08ADH         LINE#         51
  C:08AFH         LINE#         52
  C:08B4H         LINE#         53
  C:08B6H         LINE#         54
  C:08BBH         LINE#         55
  C:08BDH         LINE#         56
  -------         ENDPROC       I2CSTART
  -------         PROC          I2CSTOP
  C:08BEH         LINE#         62
  C:08BEH         LINE#         63
  C:08BEH         LINE#         64
  C:08C0H         LINE#         65
  C:08C2H         LINE#         66
  C:08C7H         LINE#         67
  C:08C9H         LINE#         68
  -------         ENDPROC       I2CSTOP
  -------         PROC          _I2CSENDBYTE
  D:0005H         SYMBOL        byt
BL51 BANKED LINKER/LOCATER V6.22.2.0                                                  03/02/2026  20:17:58  PAGE 10


  -------         DO            
  D:0004H         SYMBOL        i
  -------         ENDDO         
  C:0733H         LINE#         76
  C:0735H         LINE#         77
  C:0735H         LINE#         80
  C:0741H         LINE#         81
  C:0743H         LINE#         82
  C:0748H         LINE#         83
  C:074CH         LINE#         84
  C:074EH         LINE#         85
  C:0750H         LINE#         86
  C:0750H         LINE#         87
  C:0752H         LINE#         88
  C:0752H         LINE#         89
  C:0757H         LINE#         90
  C:0759H         LINE#         91
  C:075DH         LINE#         92
  C:0762H         LINE#         93
  C:0765H         LINE#         95
  C:0767H         LINE#         96
  -------         ENDPROC       _I2CSENDBYTE
  -------         PROC          I2CRECEIVEBYTE
  -------         DO            
  D:0005H         SYMBOL        da
  D:0004H         SYMBOL        i
  -------         ENDDO         
  C:0799H         LINE#         103
  C:0799H         LINE#         104
  C:0799H         LINE#         107
  C:07A5H         LINE#         108
  C:07A7H         LINE#         109
  C:07ACH         LINE#         110
  C:07B0H         LINE#         111
  C:07B3H         LINE#         112
  C:07B6H         LINE#         113
  C:07B8H         LINE#         114
  C:07BDH         LINE#         115
  C:07C0H         LINE#         116
  C:07C2H         LINE#         117
  -------         ENDPROC       I2CRECEIVEBYTE
  C:07CAH         SYMBOL        L?0037
  -------         PROC          L?0036
  -------         ENDPROC       L?0036
  C:07CAH         SYMBOL        L?0037
  -------         PROC          I2CWAITACK
  -------         DO            
  D:0005H         SYMBOL        ackbit
  -------         ENDDO         
  C:07D5H         LINE#         123
  C:07D5H         LINE#         124
  C:07D5H         LINE#         127
  C:07D7H         LINE#         128
  C:07DCH         LINE#         129
  C:07E1H         LINE#         130
  C:07E3H         LINE#         131
  C:07E8H         LINE#         133
BL51 BANKED LINKER/LOCATER V6.22.2.0                                                  03/02/2026  20:17:58  PAGE 11


  C:07EAH         LINE#         134
  -------         ENDPROC       I2CWAITACK
  -------         PROC          _I2CSENDACK
  D:0007H         SYMBOL        ackbit
  C:087AH         LINE#         140
  C:087AH         LINE#         141
  C:087AH         LINE#         142
  C:087CH         LINE#         143
  C:0881H         LINE#         144
  C:0886H         LINE#         145
  C:0888H         LINE#         146
  C:088DH         LINE#         147
  C:088FH         LINE#         148
  C:0891H         LINE#         149
  -------         ENDPROC       _I2CSENDACK
  -------         PROC          _AD_READ
  D:0003H         SYMBOL        addr
  -------         DO            
  D:0005H         SYMBOL        temp
  -------         ENDDO         
  C:0839H         LINE#         165
  C:083BH         LINE#         166
  C:083BH         LINE#         169
  C:083EH         LINE#         170
  C:0840H         LINE#         171
  C:0840H         LINE#         172
  C:0840H         LINE#         173
  C:0843H         LINE#         175
  C:0846H         LINE#         176
  C:084BH         LINE#         177
  C:084EH         LINE#         178
  C:0853H         LINE#         180
  C:0858H         LINE#         181
  C:085BH         LINE#         183
  C:085DH         LINE#         184
  -------         ENDPROC       _AD_READ
  -------         PROC          _DA_WRITE
  D:0003H         SYMBOL        dat
  C:0896H         LINE#         193
  C:0898H         LINE#         194
  C:0898H         LINE#         195
  C:089BH         LINE#         196
  C:08A0H         LINE#         197
  C:08A3H         LINE#         198
  C:08A5H         LINE#         199
  C:08A5H         LINE#         200
  C:08A5H         LINE#         201
  C:08A8H         LINE#         202
  -------         ENDPROC       _DA_WRITE
  -------         PROC          _EEPROM_WRITE
  D:0008H         SYMBOL        str
  D:0003H         SYMBOL        addr
  D:000CH         SYMBOL        num
  C:06EBH         LINE#         216
  C:06F1H         LINE#         217
  C:06F1H         LINE#         218
  C:06F1H         LINE#         219
BL51 BANKED LINKER/LOCATER V6.22.2.0                                                  03/02/2026  20:17:58  PAGE 12


  C:06F1H         LINE#         220
  C:06F1H         LINE#         221
  C:06F1H         LINE#         222
  C:06F4H         LINE#         224
  C:0701H         LINE#         225
  C:0701H         LINE#         226
  C:0716H         LINE#         227
  C:0719H         LINE#         228
  C:071EH         LINE#         229
  C:0720H         LINE#         230
  C:0723H         LINE#         233
  C:0723H         LINE#         234
  C:0723H         LINE#         235
  C:0723H         LINE#         236
  C:0726H         LINE#         237
  C:072BH         LINE#         238
  C:072BH         LINE#         239
  C:072BH         LINE#         240
  C:072BH         LINE#         241
  C:072EH         LINE#         242
  -------         ENDPROC       _EEPROM_WRITE
  -------         PROC          _EEPROM_READ
  D:0008H         SYMBOL        str
  D:0003H         SYMBOL        addr
  D:000CH         SYMBOL        num
  C:064DH         LINE#         254
  C:0653H         LINE#         255
  C:0653H         LINE#         256
  C:0653H         LINE#         257
  C:0653H         LINE#         258
  C:0653H         LINE#         259
  C:0653H         LINE#         260
  C:0656H         LINE#         262
  C:0659H         LINE#         263
  C:065EH         LINE#         264
  C:0661H         LINE#         266
  C:0663H         LINE#         267
  C:0670H         LINE#         268
  C:0670H         LINE#         269
  C:0685H         LINE#         270
  C:068BH         LINE#         271
  C:068FH         LINE#         273
  C:0694H         LINE#         274
  C:0696H         LINE#         275
  C:0699H         LINE#         276
  C:069BH         LINE#         277
  -------         ENDPROC       _EEPROM_READ
  -------         ENDMOD        IIC

  -------         MODULE        INIT
  C:0000H         SYMBOL        _ICE_DUMMY_
  C:0812H         PUBLIC        System_Init
  D:0080H         PUBLIC        P0
  D:0090H         PUBLIC        P1
  D:00A0H         PUBLIC        P2
  D:00B0H         PUBLIC        P3
  D:00C0H         PUBLIC        P4
BL51 BANKED LINKER/LOCATER V6.22.2.0                                                  03/02/2026  20:17:58  PAGE 13


  D:00C8H         PUBLIC        P5
  D:00E8H         PUBLIC        P6
  D:00F8H         PUBLIC        P7
  D:00A8H         PUBLIC        IE
  D:00B8H         PUBLIC        IP
  D:00D8H         PUBLIC        CCON
  D:0098H         PUBLIC        SCON
  D:0088H         PUBLIC        TCON
  D:00D0H         PUBLIC        PSW
  -------         PROC          SYSTEM_INIT
  -------         DO            
  D:0007H         SYMBOL        temp
  -------         ENDDO         
  C:0812H         LINE#         15
  C:0812H         LINE#         16
  C:0812H         LINE#         20
  C:0815H         LINE#         22
  C:081AH         LINE#         23
  C:081DH         LINE#         24
  C:081FH         LINE#         25
  C:0823H         LINE#         26
  C:0825H         LINE#         29
  C:0828H         LINE#         30
  C:082DH         LINE#         31
  C:0830H         LINE#         32
  C:0832H         LINE#         33
  C:0836H         LINE#         34
  C:0838H         LINE#         35
  -------         ENDPROC       SYSTEM_INIT
  -------         ENDMOD        INIT

  -------         MODULE        KEY
  C:0000H         SYMBOL        _ICE_DUMMY_
  D:0080H         PUBLIC        P0
  D:0090H         PUBLIC        P1
  D:00A0H         PUBLIC        P2
  D:00B0H         PUBLIC        P3
  D:00C0H         PUBLIC        P4
  D:00C8H         PUBLIC        P5
  D:00E8H         PUBLIC        P6
  D:00F8H         PUBLIC        P7
  C:02ACH         PUBLIC        Key_Read
  D:00A8H         PUBLIC        IE
  D:00B8H         PUBLIC        IP
  D:00D8H         PUBLIC        CCON
  B:00B0H.0       PUBLIC        P30
  D:0098H         PUBLIC        SCON
  B:00B0H.1       PUBLIC        P31
  D:0088H         PUBLIC        TCON
  B:00B0H.2       PUBLIC        P32
  B:00C0H.2       PUBLIC        P42
  B:00B0H.3       PUBLIC        P33
  B:00B0H.4       PUBLIC        P34
  B:00C0H.4       PUBLIC        P44
  B:00B0H.5       PUBLIC        P35
  D:00D0H         PUBLIC        PSW
  -------         PROC          KEY_READ
BL51 BANKED LINKER/LOCATER V6.22.2.0                                                  03/02/2026  20:17:58  PAGE 14


  -------         DO            
  D:0007H         SYMBOL        temp
  -------         ENDDO         
  C:02ACH         LINE#         26
  C:02ACH         LINE#         27
  C:02ACH         LINE#         28
  C:02AEH         LINE#         34
  C:02B6H         LINE#         35
  C:02BAH         LINE#         38
  C:02C2H         LINE#         39
  C:02C7H         LINE#         40
  C:02CCH         LINE#         41
  C:02D1H         LINE#         42
  C:02D6H         LINE#         45
  C:02DEH         LINE#         46
  C:02E4H         LINE#         49
  C:02ECH         LINE#         50
  C:02F1H         LINE#         51
  C:02F6H         LINE#         52
  C:02FBH         LINE#         53
  C:0300H         LINE#         55
  C:0308H         LINE#         56
  C:030EH         LINE#         59
  C:0316H         LINE#         60
  C:031BH         LINE#         61
  C:0320H         LINE#         62
  C:0325H         LINE#         63
  C:032AH         LINE#         68
  C:0332H         LINE#         69
  C:0337H         LINE#         70
  C:033CH         LINE#         71
  C:0341H         LINE#         72
  C:0346H         LINE#         76
  C:034EH         LINE#         77
  C:0351H         LINE#         79
  C:0351H         LINE#         80
  -------         ENDPROC       KEY_READ
  -------         ENDMOD        KEY

  -------         MODULE        LED
  C:0000H         SYMBOL        _ICE_DUMMY_
  D:0080H         PUBLIC        P0
  D:0090H         PUBLIC        P1
  D:00A0H         PUBLIC        P2
  D:00B0H         PUBLIC        P3
  D:00C0H         PUBLIC        P4
  D:00C8H         PUBLIC        P5
  D:00E8H         PUBLIC        P6
  D:00F8H         PUBLIC        P7
  C:046DH         PUBLIC        _Led_Disp
  D:00A8H         PUBLIC        IE
  D:00B8H         PUBLIC        IP
  D:00D8H         PUBLIC        CCON
  D:0098H         PUBLIC        SCON
  D:0088H         PUBLIC        TCON
  I:000EH         PUBLIC        temp_1
  I:000FH         PUBLIC        temp_1_old
BL51 BANKED LINKER/LOCATER V6.22.2.0                                                  03/02/2026  20:17:58  PAGE 15


  D:00D0H         PUBLIC        PSW
  -------         PROC          _LED_DISP
  D:0001H         SYMBOL        ucLed
  -------         DO            
  D:0006H         SYMBOL        temp
  -------         ENDDO         
  C:046DH         LINE#         20
  C:046DH         LINE#         21
  C:046DH         LINE#         25
  C:0471H         LINE#         26
  C:04CDH         LINE#         30
  C:04D2H         LINE#         31
  C:04D2H         LINE#         32
  C:04D8H         LINE#         34
  C:04DDH         LINE#         35
  C:04E0H         LINE#         36
  C:04E2H         LINE#         37
  C:04E6H         LINE#         38
  C:04E8H         LINE#         40
  C:04EBH         LINE#         41
  C:04EBH         LINE#         42
  -------         ENDPROC       _LED_DISP
  -------         ENDMOD        LED

  -------         MODULE        SEG
  C:0000H         SYMBOL        _ICE_DUMMY_
  D:0080H         PUBLIC        P0
  D:0090H         PUBLIC        P1
  D:00A0H         PUBLIC        P2
  D:00B0H         PUBLIC        P3
  D:00C0H         PUBLIC        P4
  D:00C8H         PUBLIC        P5
  D:00E8H         PUBLIC        P6
  D:00F8H         PUBLIC        P7
  X:0020H         PUBLIC        Seg_Dula
  D:00A8H         PUBLIC        IE
  C:069CH         PUBLIC        _Seg_Disp
  D:00B8H         PUBLIC        IP
  D:00D8H         PUBLIC        CCON
  D:0098H         PUBLIC        SCON
  D:0088H         PUBLIC        TCON
  D:00D0H         PUBLIC        PSW
  -------         PROC          _SEG_DISP
  D:0007H         SYMBOL        Wela
  D:0005H         SYMBOL        Dula
  B:0020H.1       SYMBOL        Point
  -------         DO            
  D:0006H         SYMBOL        temp
  -------         ENDDO         
  C:069CH         LINE#         42
  C:069CH         LINE#         43
  C:069CH         LINE#         47
  C:069FH         LINE#         49
  C:06A4H         LINE#         50
  C:06A7H         LINE#         51
  C:06A9H         LINE#         52
  C:06AEH         LINE#         53
BL51 BANKED LINKER/LOCATER V6.22.2.0                                                  03/02/2026  20:17:58  PAGE 16


  C:06B0H         LINE#         56
  C:06BDH         LINE#         58
  C:06C2H         LINE#         59
  C:06C5H         LINE#         60
  C:06C7H         LINE#         61
  C:06CBH         LINE#         62
  C:06CDH         LINE#         65
  C:06D4H         LINE#         67
  C:06DAH         LINE#         69
  C:06DFH         LINE#         70
  C:06E2H         LINE#         71
  C:06E4H         LINE#         72
  C:06E8H         LINE#         73
  C:06EAH         LINE#         74
  -------         ENDPROC       _SEG_DISP
  -------         ENDMOD        SEG

  -------         MODULE        ?C?CLDPTR
  C:001EH         PUBLIC        ?C?CLDPTR
  -------         ENDMOD        ?C?CLDPTR

  -------         MODULE        ?C?CLDOPTR
  C:0037H         PUBLIC        ?C?CLDOPTR
  -------         ENDMOD        ?C?CLDOPTR

  -------         MODULE        ?C?CSTPTR
  C:0064H         PUBLIC        ?C?CSTPTR
  -------         ENDMOD        ?C?CSTPTR

  -------         MODULE        ?C?UIDIV
  C:0076H         PUBLIC        ?C?UIDIV
  -------         ENDMOD        ?C?UIDIV

  -------         MODULE        ?C?ULCMP
  C:00CBH         PUBLIC        ?C?ULCMP
  -------         ENDMOD        ?C?ULCMP

  -------         MODULE        ?C?LLDIDATA
  C:00DCH         PUBLIC        ?C?LLDIDATA
  -------         ENDMOD        ?C?LLDIDATA

  -------         MODULE        ?C?LLDIDATA0
  C:00E8H         PUBLIC        ?C?LLDIDATA0
  -------         ENDMOD        ?C?LLDIDATA0

  -------         MODULE        ?C?LSTIDATA
  C:00F5H         PUBLIC        ?C?LSTIDATA
  -------         ENDMOD        ?C?LSTIDATA

  -------         MODULE        ?C?ICALL
  C:0101H         PUBLIC        ?C?ICALL
  C:0105H         PUBLIC        ?C?ICALL2
  -------         ENDMOD        ?C?ICALL

*** WARNING L16: UNCALLED SEGMENT, IGNORED FOR OVERLAY PROCESS
    SEGMENT: ?PR?_DA_WRITE?IIC

BL51 BANKED LINKER/LOCATER V6.22.2.0                                                  03/02/2026  20:17:58  PAGE 17


Program Size: data=83.2 xdata=46 code=2256
LINK/LOCATE RUN COMPLETE.  1 WARNING(S),  0 ERROR(S)
