C51 COMPILER V9.59.0.0   MAIN                                                              01/21/2026 11:20:02 PAGE 1   


C51 COMPILER V9.59.0.0, COMPILATION OF MODULE MAIN
OBJECT MODULE PLACED IN .\Objects\main.obj
COMPILER INVOKED BY: D:\keilc51\C51\BIN\C51.EXE main.c OPTIMIZE(8,SPEED) BROWSE INCDIR(..\Driver) DEBUG OBJECTEXTEND PRI
                    -NT(.\Listings\main.lst) TABS(2) OBJECT(.\Objects\main.obj)

line level    source

   1          /* 头文件声明区 */
   2          #include <REGX52.H>//单片机寄存器专用头文件
   3          #include <Key.h>//按键底层驱动专用头文件
   4          #include <Seg.h>//数码管底层驱动专用头文件
   5          #include <intrins.h>
   6          #include <Led.h>
   7          /* 变量声明区 */
   8          unsigned char Key_Val,Key_Down,Key_Old,Key_Up;//按键专用变量
   9          unsigned char Key_Slow_Down;//按键减速专用变量
  10          unsigned char Seg_Buf[6] = {10,10,10,10,10,10};//数码管显示数据存放数组
  11          unsigned char Seg_Point[6] = {0,0,0,0,0,0};//数码管小数点数据存放数组
  12          unsigned char Seg_Pos;//数码管扫描专用变量
  13          unsigned char Seg_Point_Pos;//数码管小数点扫描专用变量
  14          unsigned int Seg_Slow_Down;//数码管减速专用变量
  15          unsigned char Seg_Disp_Mode;//数码管显示模式变量 0-运行状态界面 1-流转时间设置界面 
  16          unsigned int Time;//1000ms计时
  17          unsigned char Time_Counter = 30 ;//倒计时计数
  18          unsigned char Seg_Set_Buf[6] = {10,10,10,10,10,10};//设置界面数据存放数组
  19          bit Sys_Flag ;//系统标志位
  20          unsigned char Time_Buf[3]={30,60,15};//设置时钟区间
  21          unsigned char Time_Buf_Index ;//设置时钟区间索引
  22          unsigned int Time500;//模式二数码管闪烁计时
  23          bit Seg_Flag;//闪烁标志位
  24          /* 键盘处理函数 */
  25          void Key_Proc()
  26          {
  27   1        if (Key_Slow_Down) return;
  28   1        Key_Slow_Down = 1;//按键减速程序
  29   1        
  30   1        Key_Val = Key_Read();//读取按下的键值
  31   1        Key_Down = Key_Val & (Key_Val ^ Key_Old);//下降沿
  32   1        Key_Up = Key_Old & (Key_Val ^ Key_Old);//上升沿
  33   1        
  34   1        Key_Old = Key_Val;//辅助扫描
  35   1        switch(Key_Down)
  36   1        {
  37   2          case 1 : 
  38   2            if(Seg_Disp_Mode ==0)Sys_Flag = 1 ;
  39   2          break;
  40   2          case 2 : 
  41   2            if(Seg_Disp_Mode ==0)
  42   2            { 
  43   3              Time_Counter = Time_Buf[Time_Buf_Index];
  44   3              Sys_Flag = 0 ;
  45   3            }
  46   2          break;
  47   2          case 3 : 
  48   2            if(Seg_Disp_Mode == 1 )
  49   2            {
  50   3              
  51   3              Time_Counter = Time_Buf[Time_Buf_Index];
  52   3            }
  53   2            Seg_Disp_Mode ^=1 ;
  54   2          break;
C51 COMPILER V9.59.0.0   MAIN                                                              01/21/2026 11:20:02 PAGE 2   

  55   2          case 4 : 
  56   2            if(Seg_Disp_Mode == 1) 
  57   2            {
  58   3              if(++Time_Buf_Index == 3) Time_Buf_Index = 0;
  59   3            }
  60   2            
  61   2            
  62   2          break;
  63   2        }
  64   1      }
  65          
  66          /* 信息处理函数 */
  67          void Seg_Proc()
  68          {
  69   1        if (Seg_Slow_Down) return;
  70   1        Seg_Slow_Down =1 ;
  71   1        
  72   1        Seg_Buf[0] = Seg_Disp_Mode + 1;
  73   1        if(Seg_Disp_Mode == 0)
  74   1        {
  75   2          
  76   2          Seg_Buf[4] = Time_Counter /10 %10;
  77   2          Seg_Buf[5] = Time_Counter %10;
  78   2        }else
  79   1        {
  80   2          Seg_Set_Buf[4] = Time_Buf[Time_Buf_Index] /10 %10;
  81   2          Seg_Set_Buf[5] = Time_Buf[Time_Buf_Index]  %10;
  82   2          if(Seg_Flag == 0) 
  83   2          {
  84   3            Seg_Buf[4] = 10;
  85   3            Seg_Buf[5] = 10;
  86   3          }else
  87   2          {
  88   3            Seg_Buf[4] = Seg_Set_Buf[4] ;
  89   3            Seg_Buf[5] = Seg_Set_Buf[5] ;
  90   3          }
  91   2      
  92   2          
  93   2        }
  94   1      }
  95          
  96          /* 其他显示函数 */
  97          void Led_Proc()
  98          {
  99   1        if(Time_Counter == 0) 
 100   1        {
 101   2          P1 = 0x00;
 102   2          P2_3 = 0;
 103   2        }
 104   1        else
 105   1        {
 106   2          P1 = 0xff;
 107   2          P2_3 = 1;
 108   2        }
 109   1        
 110   1        
 111   1      }
 112          
 113          /* 定时器0中断初始化函数 */
 114          void Timer0Init(void)   //1毫秒@12.000MHz
 115          {
 116   1        TMOD &= 0xF0;   //设置定时器模式
C51 COMPILER V9.59.0.0   MAIN                                                              01/21/2026 11:20:02 PAGE 3   

 117   1        TMOD |= 0x01;   //设置定时器模式
 118   1        TL0 = 0x18;   //设置定时初始值
 119   1        TH0 = 0xFC;   //设置定时初始值
 120   1        TF0 = 0;    //清除TF0标志
 121   1        TR0 = 1;    //定时器0开始计时
 122   1        ET0 = 1;    //定时器0中断打开
 123   1        EA = 1;     //总中断打开
 124   1      }
 125          
 126          /* 定时器0中断服务函数 */
 127          void Timer0Server() interrupt 1
 128          {
 129   1        TL0 = 0x18;   //设置定时初始值
 130   1        TH0 = 0xFC;   //设置定时初始值   
 131   1        if(++Key_Slow_Down == 10) Key_Slow_Down = 0;//键盘减速专用
 132   1        if(++Seg_Slow_Down == 20) Seg_Slow_Down = 0;//数码管减速专用
 133   1        if(++Time500 == 500) 
 134   1        {
 135   2          Time500 = 0;//模式2数码管闪烁
 136   2          Seg_Flag ^= 1;//闪烁状态转换
 137   2        }
 138   1        if(++Seg_Pos == 6) Seg_Pos = 0;//数码管显示专用
 139   1        if(++Seg_Point_Pos == 6) Seg_Point_Pos = 0;//数码管小数点显示专用
 140   1        Seg_Disp(Seg_Pos, Seg_Buf[Seg_Pos], Seg_Point[Seg_Point_Pos]);
 141   1        
 142   1        
 143   1        
 144   1        if (Sys_Flag == 1)
 145   1        {
 146   2          if(++Time == 1000)
 147   2          {
 148   3            Time = 0;
 149   3            Time_Counter --;
 150   3            if(Time_Counter ==255) Time_Counter = 0;
 151   3          }
 152   2          
 153   2        }
 154   1          
 155   1      
 156   1        
 157   1      }
 158          
 159          /* Main */
 160          void main()
 161          {
 162   1        Timer0Init();
 163   1        while (1)
 164   1        {
 165   2          Key_Proc();
 166   2          Seg_Proc();
 167   2          Led_Proc();
 168   2        }
 169   1      }


MODULE INFORMATION:   STATIC OVERLAYABLE
   CODE SIZE        =    434    ----
   CONSTANT SIZE    =   ----    ----
   XDATA SIZE       =   ----    ----
   PDATA SIZE       =   ----    ----
   DATA SIZE        =     37    ----
   IDATA SIZE       =   ----    ----
C51 COMPILER V9.59.0.0   MAIN                                                              01/21/2026 11:20:02 PAGE 4   

   BIT SIZE         =      2    ----
END OF MODULE INFORMATION.


C51 COMPILATION COMPLETE.  0 WARNING(S),  0 ERROR(S)
