C51 COMPILER V9.59.0.0   MAIN                                                              07/07/2025 22:42:25 PAGE 1   


C51 COMPILER V9.59.0.0, COMPILATION OF MODULE MAIN
OBJECT MODULE PLACED IN .\Objects\main.obj
COMPILER INVOKED BY: D:\keilc51\C51\BIN\C51.EXE main.c OPTIMIZE(8,SPEED) BROWSE INCDIR(..\Driver) DEBUG OBJECTEXTEND PRI
                    -NT(.\Listings\main.lst) TABS(2) OBJECT(.\Objects\main.obj)

line level    source

   1          /*头文件声明区*/
   2          #include <STC15F2K60S2.H>
   3          #include <Init.H>
   4          #include <Led.H>
   5          #include <Seg.H>
   6          #include <Key.H>
   7          #include <DS1302.H>
   8          
   9          /*变量声明区*/
  10          unsigned char Key_Val, Key_Down, Key_Up, Key_Old;
  11          unsigned int Key_Slow_Down;
  12          unsigned int Seg_Slow_Down;
  13          unsigned char Seg_Buf[8]={10,10,10,10,10,10,10,10};
  14          unsigned char Seg_Pos;
  15          unsigned char Seg_Point[8] = {0,0,0,0,0,0,0,0};
  16          unsigned char ucLed[8] = {0,0,0,0,0,0,0,0};
  17          unsigned char ucRtc[3] = {0X23,0X59,0X55};
  18          
  19          /*按键处理函数*/
  20          void Key_Proc()
  21          {
  22   1        if(Key_Slow_Down) return;
  23   1        Key_Slow_Down = 1;
  24   1        
  25   1        Key_Val = Key_Read();
  26   1        Key_Down = Key_Val & (Key_Val ^ Key_Old);
  27   1        Key_Up = ~ Key_Val & (Key_Val ^ Key_Old);
  28   1        Key_Old = Key_Val;
  29   1      }
  30          /*信息处理函数*/
  31          void Seg_Proc()
  32          {
  33   1        if(Seg_Slow_Down) return;
  34   1        Seg_Slow_Down = 1;
  35   1        
  36   1        /*信息读取区域*/
  37   1        Read_Rtc(ucRtc);
  38   1        
  39   1        /*数据处理区域*/
  40   1        
  41   1      
  42   1      }
  43          /*其他处理函数*/
  44          void Led_Proc()
  45          {
  46   1        
  47   1      }
  48          /*定时器0初始化函数*/
  49          void Timer0Init(void)   //1毫秒@12.000MHz
  50          {
  51   1        AUXR &= 0x7F;   //定时器时钟12T模式
  52   1        TMOD &= 0xF0;   //设置定时器模式
  53   1        TL0 = 0x18;   //设置定时初始值
  54   1        TH0 = 0xFC;   //设置定时初始值
C51 COMPILER V9.59.0.0   MAIN                                                              07/07/2025 22:42:25 PAGE 2   

  55   1        TF0 = 0;    //清除TF0标志
  56   1        TR0 = 1;    //定时器0开始计时
  57   1        ET0 = 1;
  58   1        EA = 1;
  59   1      }
  60          /*定时器0中断服务函数*/
  61          void Timer0Server() interrupt 1
  62          {
  63   1        if(++Key_Slow_Down == 10) Key_Slow_Down = 0;
  64   1        if(++Seg_Slow_Down == 100) Seg_Slow_Down = 0;
  65   1        if(++Seg_Pos == 8) Seg_Pos = 0;
  66   1        Seg_Disp(Seg_Pos,Seg_Buf[Seg_Pos],Seg_Point[Seg_Pos]);
  67   1        Led_Disp(Seg_Pos,ucLed[Seg_Pos]);
  68   1      }
  69          /*Main*/
  70          void main()
  71          {
  72   1        System_Init();
  73   1        Timer0Init();
  74   1        Set_Rtc(ucRtc);
  75   1        while(1)
  76   1        {
  77   2          Key_Proc();
  78   2          Seg_Proc();
  79   2          Led_Proc();
  80   2        }
  81   1      }


MODULE INFORMATION:   STATIC OVERLAYABLE
   CODE SIZE        =    242    ----
   CONSTANT SIZE    =   ----    ----
   XDATA SIZE       =   ----    ----
   PDATA SIZE       =   ----    ----
   DATA SIZE        =     36    ----
   IDATA SIZE       =   ----    ----
   BIT SIZE         =   ----    ----
END OF MODULE INFORMATION.


C51 COMPILATION COMPLETE.  0 WARNING(S),  0 ERROR(S)
