C51 COMPILER V9.59.0.0   KEY                                                               06/20/2025 20:56:06 PAGE 1   


C51 COMPILER V9.59.0.0, COMPILATION OF MODULE KEY
OBJECT MODULE PLACED IN .\Objects\Key.obj
COMPILER INVOKED BY: D:\keilc51\C51\BIN\C51.EXE ..\Driver\Key.c OPTIMIZE(8,SPEED) BROWSE INCDIR(..\Driver) DEBUG OBJECTE
                    -XTEND PRINT(.\Listings\Key.lst) TABS(2) OBJECT(.\Objects\Key.obj)

line level    source

   1          /*头文件声明区*/
   2          #include "Key.h"
   3          
   4          /*按键读取函数*/
   5          unsigned char Key_Read()
   6          {
   7   1        unsigned char temp=0;
   8   1        P3_0=0;P3_1=1;P3_2=1;P3_3=1;
   9   1        if(P3_4==0) temp=1;
  10   1        if(P3_5==0) temp=2;
  11   1        if(P3_6==0) temp=3;
  12   1        if(P3_7==0) temp=4;
  13   1        P3_0=1;P3_1=0;P3_2=1;P3_3=1;
  14   1        if(P3_4==0) temp=5;
  15   1        if(P3_5==0) temp=6;
  16   1        if(P3_6==0) temp=7;
  17   1        if(P3_7==0) temp=8;
  18   1        P3_0=1;P3_1=1;P3_2=0;P3_3=1;
  19   1        if(P3_4==0) temp=9;
  20   1        if(P3_5==0) temp=10;
  21   1        if(P3_6==0) temp=11;
  22   1        if(P3_7==0) temp=12;
  23   1        P3_0=1;P3_1=1;P3_2=1;P3_3=0;
  24   1        if(P3_4==0) temp=13;
  25   1        if(P3_5==0) temp=14;
  26   1        if(P3_6==0) temp=15;
  27   1        if(P3_7==0) temp=16;
  28   1        return temp;
  29   1      }
  30          
  31          


MODULE INFORMATION:   STATIC OVERLAYABLE
   CODE SIZE        =    114    ----
   CONSTANT SIZE    =   ----    ----
   XDATA SIZE       =   ----    ----
   PDATA SIZE       =   ----    ----
   DATA SIZE        =   ----    ----
   IDATA SIZE       =   ----    ----
   BIT SIZE         =   ----    ----
END OF MODULE INFORMATION.


C51 COMPILATION COMPLETE.  0 WARNING(S),  0 ERROR(S)
