BL51 BANKED LINKER/LOCATER V6.22.2.0                                                    06/26/2025  18:04:21  PAGE 1


BL51 BANKED LINKER/LOCATER V6.22.2.0, INVOKED BY:
D:\KEILC51\C51\BIN\BL51.EXE .\Objects\STARTUP.obj, .\Objects\main.obj, .\Objects\Seg.obj, .\Objects\Key.obj TO .\Objects
>> \test_4 PRINT (.\Listings\test_4.m51) RAMSIZE (256)


MEMORY MODEL: SMALL


INPUT MODULES INCLUDED:
  .\Objects\STARTUP.obj (?C_STARTUP)
  .\Objects\main.obj (MAIN)
  .\Objects\Seg.obj (SEG)
  .\Objects\Key.obj (KEY)
  D:\KEILC51\C51\LIB\C51S.LIB (?C_INIT)


LINK MAP OF MODULE:  .\Objects\test_4 (?C_STARTUP)


            TYPE    BASE      LENGTH    RELOCATION   SEGMENT NAME
            -----------------------------------------------------

            * * * * * * *   D A T A   M E M O R Y   * * * * * * *
            REG     0000H     0008H     ABSOLUTE     "REG BANK 0"
            DATA    0008H     0011H     UNIT         ?DT?SEG
                    0019H     0007H                  *** GAP ***
            BIT     0020H.0   0000H.3   UNIT         ?BI?MAIN
                    0020H.3   0000H.5                *** GAP ***
            DATA    0021H     0027H     UNIT         ?DT?MAIN
            IDATA   0048H     0001H     UNIT         ?STACK

            * * * * * * *   C O D E   M E M O R Y   * * * * * * *
            CODE    0000H     0003H     ABSOLUTE     
                    0003H     0008H                  *** GAP ***
            CODE    000BH     0003H     ABSOLUTE     
            CODE    000EH     0159H     UNIT         ?PR?SEG_PROC?MAIN
            CODE    0167H     0157H     UNIT         ?PR?KEY_PROC?MAIN
            CODE    02BEH     00E3H     UNIT         ?PR?TIMER0SERVER?MAIN
            CODE    03A1H     008CH     UNIT         ?C_C51STARTUP
            CODE    042DH     0072H     UNIT         ?PR?KEY_READ?KEY
            CODE    049FH     0032H     UNIT         ?C_INITSEG
            CODE    04D1H     002FH     UNIT         ?PR?_SEG_DISP?SEG
            CODE    0500H     0023H     UNIT         ?PR?LED_PROC?MAIN
            CODE    0523H     0015H     UNIT         ?PR?TIMER0INIT?MAIN
            CODE    0538H     000EH     UNIT         ?PR?MAIN?MAIN



OVERLAY MAP OF MODULE:   .\Objects\test_4 (?C_STARTUP)


SEGMENT
  +--> CALLED SEGMENT
---------------------
?C_C51STARTUP
  +--> ?PR?MAIN?MAIN
  +--> ?C_INITSEG

BL51 BANKED LINKER/LOCATER V6.22.2.0                                                  06/26/2025  18:04:21  PAGE 2


?PR?MAIN?MAIN
  +--> ?PR?TIMER0INIT?MAIN
  +--> ?PR?KEY_PROC?MAIN
  +--> ?PR?SEG_PROC?MAIN
  +--> ?PR?LED_PROC?MAIN

?PR?KEY_PROC?MAIN
  +--> ?PR?KEY_READ?KEY

*** NEW ROOT ***************************************************

?PR?TIMER0SERVER?MAIN
  +--> ?PR?_SEG_DISP?SEG



SYMBOL TABLE OF MODULE:  .\Objects\test_4 (?C_STARTUP)

  VALUE           TYPE          NAME
  ----------------------------------

  -------         MODULE        ?C_STARTUP
  C:03A1H         SEGMENT       ?C_C51STARTUP
  I:0048H         SEGMENT       ?STACK
  C:0000H         PUBLIC        ?C_STARTUP
  D:00E0H         SYMBOL        ACC
  D:00F0H         SYMBOL        B
  D:0083H         SYMBOL        DPH
  D:0082H         SYMBOL        DPL
  N:0000H         SYMBOL        IBPSTACK
  N:0100H         SYMBOL        IBPSTACKTOP
  N:0080H         SYMBOL        IDATALEN
  C:03A4H         SYMBOL        IDATALOOP
  N:0000H         SYMBOL        PBPSTACK
  N:0100H         SYMBOL        PBPSTACKTOP
  N:0000H         SYMBOL        PDATALEN
  N:0000H         SYMBOL        PDATASTART
  N:0000H         SYMBOL        PPAGE
  N:0000H         SYMBOL        PPAGEENABLE
  D:00A0H         SYMBOL        PPAGE_SFR
  D:0081H         SYMBOL        SP
  C:03A1H         SYMBOL        STARTUP1
  N:0000H         SYMBOL        XBPSTACK
  N:0000H         SYMBOL        XBPSTACKTOP
  N:0000H         SYMBOL        XDATALEN
  N:0000H         SYMBOL        XDATASTART
  C:0000H         LINE#         126
  C:03A1H         LINE#         133
  C:03A3H         LINE#         134
  C:03A4H         LINE#         135
  C:03A5H         LINE#         136
  C:03A7H         LINE#         185
  C:03AAH         LINE#         196
  -------         ENDMOD        ?C_STARTUP

  -------         MODULE        MAIN
  C:0000H         SYMBOL        _ICE_DUMMY_
BL51 BANKED LINKER/LOCATER V6.22.2.0                                                  06/26/2025  18:04:21  PAGE 3


  D:0090H         PUBLIC        P1
  B:00A8H.7       PUBLIC        EA
  C:0500H         PUBLIC        Led_Proc
  D:0021H         PUBLIC        Seg_Point
  B:00A0H.3       PUBLIC        P2_3
  D:0027H         PUBLIC        Led
  C:000EH         PUBLIC        Seg_Proc
  D:0028H         PUBLIC        Seg_Buf
  C:0167H         PUBLIC        Key_Proc
  D:002EH         PUBLIC        Seg_Slow_Down
  D:0030H         PUBLIC        Key_Down
  C:0538H         PUBLIC        main
  D:0031H         PUBLIC        Key_Old
  D:0032H         PUBLIC        Key_Slow_Down
  D:0033H         PUBLIC        Key_Val
  C:02BEH         PUBLIC        Timer0Server
  D:0034H         PUBLIC        Seg_Pos
  D:0089H         PUBLIC        TMOD
  B:00A8H.1       PUBLIC        ET0
  B:0088H.5       PUBLIC        TF0
  C:0523H         PUBLIC        Timer0Init
  B:0020H.0       PUBLIC        Alarm_Flag
  D:008CH         PUBLIC        TH0
  D:0035H         PUBLIC        Key_Up
  D:008AH         PUBLIC        TL0
  B:0088H.4       PUBLIC        TR0
  D:0036H         PUBLIC        Clock_Set_Index
  D:0037H         PUBLIC        Timer_500ms
  D:0039H         PUBLIC        Clock_Disp
  D:003CH         PUBLIC        Timer_1000Ms
  D:003EH         PUBLIC        Alarm
  B:0020H.1       PUBLIC        Alarm_Enable_Flag
  D:0041H         PUBLIC        Seg_Disp_Mode
  B:0020H.2       PUBLIC        Seg_Flag
  D:0042H         PUBLIC        Clock_Set
  D:0045H         PUBLIC        Alarm_Set
  -------         PROC          KEY_PROC
  C:0167H         LINE#         27
  C:0167H         LINE#         28
  C:0167H         LINE#         29
  C:016EH         LINE#         30
  C:0171H         LINE#         31
  C:0176H         LINE#         32
  C:017FH         LINE#         33
  C:0185H         LINE#         34
  C:0188H         LINE#         35
  C:018CH         LINE#         36
  C:018CH         LINE#         37
  C:018EH         LINE#         38
  C:018EH         LINE#         40
  C:01BFH         LINE#         41
  C:01BFH         LINE#         42
  C:01BFH         LINE#         43
  C:01C2H         LINE#         44
  C:01C5H         LINE#         45
  C:01C8H         LINE#         46
  C:01CBH         LINE#         47
BL51 BANKED LINKER/LOCATER V6.22.2.0                                                  06/26/2025  18:04:21  PAGE 4


  C:01CEH         LINE#         48
  C:01CFH         LINE#         49
  C:01CFH         LINE#         50
  C:01D8H         LINE#         51
  C:01D8H         LINE#         52
  C:01E5H         LINE#         53
  C:01E5H         LINE#         55
  C:01E6H         LINE#         56
  C:01E6H         LINE#         57
  C:01EBH         LINE#         58
  C:01ECH         LINE#         59
  C:01ECH         LINE#         60
  C:01F5H         LINE#         61
  C:01F5H         LINE#         62
  C:01FBH         LINE#         63
  C:020EH         LINE#         64
  C:020EH         LINE#         65
  C:0210H         LINE#         66
  C:0210H         LINE#         67
  C:0210H         LINE#         68
  C:0219H         LINE#         69
  C:0219H         LINE#         70
  C:021FH         LINE#         71
  C:0235H         LINE#         72
  C:0235H         LINE#         73
  C:0236H         LINE#         74
  C:0236H         LINE#         75
  C:0236H         LINE#         77
  C:0237H         LINE#         78
  C:0237H         LINE#         79
  C:0240H         LINE#         80
  C:0240H         LINE#         81
  C:0246H         LINE#         82
  C:024FH         LINE#         83
  C:024FH         LINE#         84
  C:0260H         LINE#         85
  C:0260H         LINE#         86
  C:0260H         LINE#         87
  C:0266H         LINE#         88
  C:0266H         LINE#         89
  C:026CH         LINE#         90
  C:0275H         LINE#         91
  C:0275H         LINE#         92
  C:0286H         LINE#         93
  C:0286H         LINE#         94
  C:0286H         LINE#         95
  C:0287H         LINE#         96
  C:0287H         LINE#         97
  C:0290H         LINE#         98
  C:0290H         LINE#         99
  C:0293H         LINE#         100
  C:0296H         LINE#         101
  C:0299H         LINE#         102
  C:0299H         LINE#         103
  C:029FH         LINE#         104
  C:029FH         LINE#         105
  C:02A2H         LINE#         106
BL51 BANKED LINKER/LOCATER V6.22.2.0                                                  06/26/2025  18:04:21  PAGE 5


  C:02A5H         LINE#         107
  C:02A8H         LINE#         108
  C:02A8H         LINE#         109
  C:02A8H         LINE#         110
  C:02AAH         LINE#         111
  C:02AAH         LINE#         112
  C:02ADH         LINE#         113
  C:02AEH         LINE#         114
  C:02AEH         LINE#         115
  C:02B1H         LINE#         116
  C:02B4H         LINE#         117
  C:02B7H         LINE#         118
  C:02BAH         LINE#         119
  C:02BDH         LINE#         120
  C:02BDH         LINE#         122
  -------         ENDPROC       KEY_PROC
  -------         PROC          SEG_PROC
  C:000EH         LINE#         126
  C:000EH         LINE#         127
  C:000EH         LINE#         128
  C:0017H         LINE#         129
  C:001CH         LINE#         130
  C:002EH         LINE#         131
  C:002EH         LINE#         132
  C:002EH         LINE#         133
  C:003BH         LINE#         134
  C:0044H         LINE#         135
  C:0051H         LINE#         136
  C:005AH         LINE#         137
  C:0067H         LINE#         138
  C:0070H         LINE#         139
  C:0071H         LINE#         140
  C:0071H         LINE#         141
  C:007EH         LINE#         142
  C:0087H         LINE#         143
  C:0094H         LINE#         144
  C:009DH         LINE#         145
  C:00AAH         LINE#         146
  C:00B3H         LINE#         163
  C:00D3H         LINE#         164
  C:00E6H         LINE#         165
  C:00E8H         LINE#         166
  C:00E8H         LINE#         167
  C:00F5H         LINE#         168
  C:00FEH         LINE#         169
  C:010BH         LINE#         170
  C:0114H         LINE#         171
  C:0121H         LINE#         172
  C:012AH         LINE#         173
  C:014AH         LINE#         174
  C:0166H         LINE#         175
  C:0166H         LINE#         177
  C:0166H         LINE#         178
  -------         ENDPROC       SEG_PROC
  -------         PROC          LED_PROC
  C:0500H         LINE#         182
  C:0500H         LINE#         183
BL51 BANKED LINKER/LOCATER V6.22.2.0                                                  06/26/2025  18:04:21  PAGE 6


  C:0500H         LINE#         184
  C:0503H         LINE#         185
  C:0503H         LINE#         187
  C:0514H         LINE#         188
  C:0517H         LINE#         189
  C:0517H         LINE#         190
  C:0519H         LINE#         191
  C:051CH         LINE#         192
  C:051CH         LINE#         194
  C:051DH         LINE#         196
  C:051DH         LINE#         197
  C:051FH         LINE#         198
  C:0522H         LINE#         199
  C:0522H         LINE#         201
  -------         ENDPROC       LED_PROC
  -------         PROC          TIMER0INIT
  C:0523H         LINE#         205
  C:0523H         LINE#         206
  C:0523H         LINE#         207
  C:0526H         LINE#         208
  C:0529H         LINE#         209
  C:052CH         LINE#         210
  C:052FH         LINE#         211
  C:0531H         LINE#         212
  C:0533H         LINE#         213
  C:0535H         LINE#         214
  C:0537H         LINE#         215
  -------         ENDPROC       TIMER0INIT
  -------         PROC          TIMER0SERVER
  C:02BEH         LINE#         219
  C:02DBH         LINE#         221
  C:02DEH         LINE#         222
  C:02E1H         LINE#         223
  C:02EBH         LINE#         224
  C:0302H         LINE#         225
  C:030CH         LINE#         226
  C:0323H         LINE#         227
  C:0335H         LINE#         228
  C:0335H         LINE#         229
  C:0339H         LINE#         230
  C:033BH         LINE#         231
  C:0341H         LINE#         232
  C:0341H         LINE#         233
  C:0343H         LINE#         234
  C:0345H         LINE#         235
  C:034BH         LINE#         236
  C:034BH         LINE#         237
  C:034DH         LINE#         238
  C:034FH         LINE#         239
  C:0357H         LINE#         240
  C:0357H         LINE#         241
  C:0357H         LINE#         242
  C:0357H         LINE#         243
  C:0368H         LINE#         244
  C:0368H         LINE#         245
  C:036EH         LINE#         246
  C:0373H         LINE#         247
BL51 BANKED LINKER/LOCATER V6.22.2.0                                                  06/26/2025  18:04:21  PAGE 7


  C:037EH         LINE#         248
  C:037EH         LINE#         249
  C:0381H         LINE#         250
  C:0383H         LINE#         252
  C:0383H         LINE#         253
  C:0386H         LINE#         254
  C:0386H         LINE#         255
  C:0386H         LINE#         256
  -------         ENDPROC       TIMER0SERVER
  -------         PROC          MAIN
  C:0538H         LINE#         259
  C:0538H         LINE#         260
  C:0538H         LINE#         261
  C:053BH         LINE#         262
  C:053BH         LINE#         263
  C:053BH         LINE#         264
  C:053EH         LINE#         265
  C:0541H         LINE#         266
  C:0544H         LINE#         267
  -------         ENDPROC       MAIN
  -------         ENDMOD        MAIN

  -------         MODULE        SEG
  C:0000H         SYMBOL        _ICE_DUMMY_
  D:0080H         PUBLIC        P0
  D:0008H         PUBLIC        Seg_Dula
  D:0013H         PUBLIC        Seg_Wela
  C:04D1H         PUBLIC        _Seg_Disp
  B:00A0H.6       PUBLIC        P2_6
  B:00A0H.7       PUBLIC        P2_7
  -------         PROC          _SEG_DISP
  D:0007H         SYMBOL        wela
  D:0004H         SYMBOL        dula
  D:0002H         SYMBOL        point
  C:04D1H         LINE#         4
  C:04D1H         LINE#         5
  C:04D1H         LINE#         6
  C:04D4H         LINE#         7
  C:04D6H         LINE#         8
  C:04D8H         LINE#         10
  C:04DFH         LINE#         11
  C:04E1H         LINE#         12
  C:04E3H         LINE#         14
  C:04E9H         LINE#         15
  C:04E9H         LINE#         16
  C:04F2H         LINE#         17
  C:04F4H         LINE#         18
  C:04F4H         LINE#         19
  C:04FBH         LINE#         20
  C:04FBH         LINE#         22
  C:04FDH         LINE#         23
  C:04FFH         LINE#         24
  -------         ENDPROC       _SEG_DISP
  -------         ENDMOD        SEG

  -------         MODULE        KEY
  C:0000H         SYMBOL        _ICE_DUMMY_
BL51 BANKED LINKER/LOCATER V6.22.2.0                                                  06/26/2025  18:04:21  PAGE 8


  C:042DH         PUBLIC        Key_Read
  B:00B0H.0       PUBLIC        P3_0
  B:00B0H.1       PUBLIC        P3_1
  B:00B0H.2       PUBLIC        P3_2
  B:00B0H.3       PUBLIC        P3_3
  B:00B0H.4       PUBLIC        P3_4
  B:00B0H.5       PUBLIC        P3_5
  B:00B0H.6       PUBLIC        P3_6
  B:00B0H.7       PUBLIC        P3_7
  -------         PROC          KEY_READ
  -------         DO            
  D:0007H         SYMBOL        temp
  -------         ENDDO         
  C:042DH         LINE#         3
  C:042DH         LINE#         4
  C:042DH         LINE#         5
  C:042FH         LINE#         6
  C:0437H         LINE#         7
  C:043BH         LINE#         8
  C:0440H         LINE#         9
  C:0445H         LINE#         10
  C:044AH         LINE#         12
  C:0452H         LINE#         13
  C:0457H         LINE#         14
  C:045CH         LINE#         15
  C:0461H         LINE#         16
  C:0466H         LINE#         18
  C:046EH         LINE#         19
  C:0473H         LINE#         20
  C:0478H         LINE#         21
  C:047DH         LINE#         22
  C:0482H         LINE#         24
  C:048AH         LINE#         25
  C:048FH         LINE#         26
  C:0494H         LINE#         27
  C:0499H         LINE#         28
  C:049EH         LINE#         30
  C:049EH         LINE#         35
  -------         ENDPROC       KEY_READ
  -------         ENDMOD        KEY

Program Size: data=65.3 xdata=0 code=1342
LINK/LOCATE RUN COMPLETE.  0 WARNING(S),  0 ERROR(S)
