BL51 BANKED LINKER/LOCATER V6.22.2.0                                                    01/27/2026  00:37:41  PAGE 1


BL51 BANKED LINKER/LOCATER V6.22.2.0, INVOKED BY:
D:\KEILC51\C51\BIN\BL51.EXE .\Objects\Key.obj, .\Objects\Led.obj, .\Objects\Seg.obj, .\Objects\main.obj TO .\Objects\µçÑ
>> ¹²É¼¯Æ÷ PRINT (.\Listings\µçÑ¹²É¼¯Æ÷.m51) RAMSIZE (256)


MEMORY MODEL: SMALL


INPUT MODULES INCLUDED:
  .\Objects\Key.obj (KEY)
  .\Objects\Led.obj (LED)
  .\Objects\Seg.obj (SEG)
  .\Objects\main.obj (MAIN)
  D:\KEILC51\C51\LIB\C51S.LIB (?C_STARTUP)
  D:\KEILC51\C51\LIB\C51S.LIB (?C_INIT)


LINK MAP OF MODULE:  .\Objects\µçÑ¹²É¼¯Æ÷ (KEY)


            TYPE    BASE      LENGTH    RELOCATION   SEGMENT NAME
            -----------------------------------------------------

            * * * * * * *   D A T A   M E M O R Y   * * * * * * *
            REG     0000H     0008H     ABSOLUTE     "REG BANK 0"
            DATA    0008H     0017H     UNIT         ?DT?SEG
                    001FH     0001H                  *** GAP ***
            BIT     0020H.0   0000H.1   UNIT         ?BI?MAIN
                    0020H.1   0000H.7                *** GAP ***
            DATA    0021H     0023H     UNIT         ?DT?MAIN
            DATA    0044H     0002H     UNIT         ?DT?LED
            IDATA   0046H     0001H     UNIT         ?STACK

            * * * * * * *   C O D E   M E M O R Y   * * * * * * *
            CODE    0000H     0003H     ABSOLUTE     
            CODE    0003H     0001H     UNIT         ?PR?LED_PROC?MAIN
                    0004H     0007H                  *** GAP ***
            CODE    000BH     0003H     ABSOLUTE     
            CODE    000EH     0094H     UNIT         ?PR?KEY_PROC?MAIN
            CODE    00A2H     0092H     UNIT         ?PR?TIMER0SERVER?MAIN
            CODE    0134H     008CH     UNIT         ?C_C51STARTUP
            CODE    01C0H     0072H     UNIT         ?PR?KEY_READ?KEY
            CODE    0232H     0061H     UNIT         ?PR?SEG_PROC?MAIN
            CODE    0293H     0041H     UNIT         ?C_INITSEG
            CODE    02D4H     0030H     UNIT         ?PR?_LED_DISP?LED
            CODE    0304H     002FH     UNIT         ?PR?_SEG_DISP?SEG
            CODE    0333H     0015H     UNIT         ?PR?TIMER0INIT?MAIN
            CODE    0348H     000EH     UNIT         ?PR?MAIN?MAIN



OVERLAY MAP OF MODULE:   .\Objects\µçÑ¹²É¼¯Æ÷ (KEY)


SEGMENT
  +--> CALLED SEGMENT
---------------------
?PR?TIMER0SERVER?MAIN
BL51 BANKED LINKER/LOCATER V6.22.2.0                                                  01/27/2026  00:37:41  PAGE 2


  +--> ?PR?_SEG_DISP?SEG

*** NEW ROOT ***************************************************

?C_C51STARTUP
  +--> ?PR?MAIN?MAIN
  +--> ?C_INITSEG

?PR?MAIN?MAIN
  +--> ?PR?TIMER0INIT?MAIN
  +--> ?PR?KEY_PROC?MAIN
  +--> ?PR?SEG_PROC?MAIN
  +--> ?PR?LED_PROC?MAIN

?PR?KEY_PROC?MAIN
  +--> ?PR?KEY_READ?KEY



SYMBOL TABLE OF MODULE:  .\Objects\µçÑ¹²É¼¯Æ÷ (KEY)

  VALUE           TYPE          NAME
  ----------------------------------

  -------         MODULE        KEY
  C:0000H         SYMBOL        _ICE_DUMMY_
  C:01C0H         PUBLIC        Key_Read
  B:00B0H.0       PUBLIC        P3_0
  B:00B0H.1       PUBLIC        P3_1
  B:00B0H.2       PUBLIC        P3_2
  B:00B0H.3       PUBLIC        P3_3
  B:00B0H.4       PUBLIC        P3_4
  B:00B0H.5       PUBLIC        P3_5
  B:00B0H.6       PUBLIC        P3_6
  B:00B0H.7       PUBLIC        P3_7
  -------         PROC          KEY_READ
  -------         DO            
  D:0007H         SYMBOL        temp
  -------         ENDDO         
  C:01C0H         LINE#         3
  C:01C0H         LINE#         4
  C:01C0H         LINE#         5
  C:01C2H         LINE#         6
  C:01CAH         LINE#         7
  C:01CEH         LINE#         8
  C:01D3H         LINE#         9
  C:01D8H         LINE#         10
  C:01DDH         LINE#         11
  C:01E5H         LINE#         12
  C:01EAH         LINE#         13
  C:01EFH         LINE#         14
  C:01F4H         LINE#         15
  C:01F9H         LINE#         16
  C:0201H         LINE#         17
  C:0206H         LINE#         18
  C:020BH         LINE#         19
  C:0210H         LINE#         20
BL51 BANKED LINKER/LOCATER V6.22.2.0                                                  01/27/2026  00:37:41  PAGE 3


  C:0215H         LINE#         21
  C:021DH         LINE#         22
  C:0222H         LINE#         23
  C:0227H         LINE#         24
  C:022CH         LINE#         25
  C:0231H         LINE#         26
  C:0231H         LINE#         27
  -------         ENDPROC       KEY_READ
  -------         ENDMOD        KEY

  -------         MODULE        LED
  C:0000H         SYMBOL        _ICE_DUMMY_
  D:0090H         PUBLIC        P1
  C:02D4H         PUBLIC        _Led_Disp
  -------         PROC          _LED_DISP
  D:0007H         SYMBOL        addr
  D:0004H         SYMBOL        enable
  -------         DO            
  D:0044H         SYMBOL        temp
  D:0045H         SYMBOL        temp_old
  -------         ENDDO         
  C:02D4H         LINE#         3
  C:02D4H         LINE#         4
  C:02D4H         LINE#         7
  C:02D8H         LINE#         8
  C:02E7H         LINE#         10
  C:02F5H         LINE#         11
  C:02FBH         LINE#         12
  C:02FBH         LINE#         13
  C:0300H         LINE#         14
  C:0303H         LINE#         15
  C:0303H         LINE#         16
  -------         ENDPROC       _LED_DISP
  -------         ENDMOD        LED

  -------         MODULE        SEG
  C:0000H         SYMBOL        _ICE_DUMMY_
  D:0080H         PUBLIC        P0
  D:0008H         PUBLIC        Seg_Dula
  D:0019H         PUBLIC        Seg_Wela
  C:0304H         PUBLIC        _Seg_Disp
  B:00A0H.6       PUBLIC        P2_6
  B:00A0H.7       PUBLIC        P2_7
  -------         PROC          _SEG_DISP
  D:0007H         SYMBOL        wela
  D:0004H         SYMBOL        dula
  D:0002H         SYMBOL        point
  C:0304H         LINE#         6
  C:0304H         LINE#         7
  C:0304H         LINE#         8
  C:0307H         LINE#         9
  C:0309H         LINE#         10
  C:030BH         LINE#         12
  C:0312H         LINE#         13
  C:0314H         LINE#         14
  C:0316H         LINE#         16
  C:031CH         LINE#         17
BL51 BANKED LINKER/LOCATER V6.22.2.0                                                  01/27/2026  00:37:41  PAGE 4


  C:0327H         LINE#         19
  C:032EH         LINE#         20
  C:0330H         LINE#         21
  C:0332H         LINE#         22
  -------         ENDPROC       _SEG_DISP
  -------         ENDMOD        SEG

  -------         MODULE        MAIN
  C:0000H         SYMBOL        _ICE_DUMMY_
  D:0021H         PUBLIC        Key_Error_Count
  B:00A8H.7       PUBLIC        EA
  C:0003H         PUBLIC        Led_Proc
  D:0022H         PUBLIC        Seg_Point
  D:0028H         PUBLIC        Voltage_Data_Index
  C:0232H         PUBLIC        Seg_Proc
  D:0029H         PUBLIC        Timer250
  D:002BH         PUBLIC        Seg_Buf
  C:000EH         PUBLIC        Key_Proc
  D:0031H         PUBLIC        Seg_Slow_Down
  D:0033H         PUBLIC        Key_Down
  D:0034H         PUBLIC        Voltage_Input_Index
  C:0348H         PUBLIC        main
  D:0035H         PUBLIC        Key_Old
  D:0036H         PUBLIC        Key_Slow_Down
  D:0037H         PUBLIC        Key_Val
  C:00A2H         PUBLIC        Timer0Server
  D:0038H         PUBLIC        Voltage_Data
  D:003CH         PUBLIC        Seg_Pos
  D:0089H         PUBLIC        TMOD
  B:00A8H.1       PUBLIC        ET0
  D:003DH         PUBLIC        Voltage_Input
  B:0088H.5       PUBLIC        TF0
  C:0333H         PUBLIC        Timer0Init
  D:008CH         PUBLIC        TH0
  D:0041H         PUBLIC        Key_Up
  D:008AH         PUBLIC        TL0
  B:0088H.4       PUBLIC        TR0
  D:0042H         PUBLIC        Voltage_Val
  B:0020H.0       PUBLIC        Input_Flag
  D:0043H         PUBLIC        Disp_Mode
  -------         PROC          KEY_PROC
  -------         DO            
  D:0007H         SYMBOL        i
  -------         ENDDO         
  C:000EH         LINE#         25
  C:000EH         LINE#         26
  C:000EH         LINE#         28
  C:0015H         LINE#         29
  C:0018H         LINE#         31
  C:001DH         LINE#         32
  C:0026H         LINE#         33
  C:002BH         LINE#         35
  C:002EH         LINE#         38
  C:0032H         LINE#         39
  C:0032H         LINE#         40
  C:003DH         LINE#         41
  C:003DH         LINE#         42
BL51 BANKED LINKER/LOCATER V6.22.2.0                                                  01/27/2026  00:37:41  PAGE 5


  C:0053H         LINE#         43
  C:0053H         LINE#         44
  C:0058H         LINE#         45
  C:005FH         LINE#         46
  C:0061H         LINE#         47
  C:0064H         LINE#         48
  C:0066H         LINE#         49
  C:0066H         LINE#         50
  C:0068H         LINE#         51
  C:0068H         LINE#         52
  C:0068H         LINE#         55
  C:0074H         LINE#         56
  C:0074H         LINE#         57
  C:007FH         LINE#         58
  C:007FH         LINE#         59
  C:008BH         LINE#         60
  C:008EH         LINE#         61
  C:0091H         LINE#         62
  C:0091H         LINE#         63
  C:0091H         LINE#         66
  C:0097H         LINE#         67
  C:0097H         LINE#         68
  C:00A1H         LINE#         69
  C:00A1H         LINE#         80
  -------         ENDPROC       KEY_PROC
  -------         PROC          SEG_PROC
  C:0232H         LINE#         86
  C:0232H         LINE#         87
  C:0232H         LINE#         88
  C:0238H         LINE#         89
  C:023DH         LINE#         90
  C:0245H         LINE#         91
  C:0245H         LINE#         92
  C:0245H         LINE#         93
  C:0248H         LINE#         94
  C:024BH         LINE#         96
  C:024EH         LINE#         97
  C:0251H         LINE#         98
  C:0254H         LINE#         99
  C:0257H         LINE#         101
  C:0265H         LINE#         102
  C:0265H         LINE#         103
  C:026CH         LINE#         104
  C:026CH         LINE#         105
  C:026DH         LINE#         106
  C:026DH         LINE#         107
  C:0270H         LINE#         108
  C:0273H         LINE#         109
  C:0276H         LINE#         110
  C:0279H         LINE#         111
  C:027CH         LINE#         112
  C:027FH         LINE#         113
  C:0282H         LINE#         114
  C:0292H         LINE#         117
  C:0292H         LINE#         118
  C:0292H         LINE#         120
  C:0292H         LINE#         121
BL51 BANKED LINKER/LOCATER V6.22.2.0                                                  01/27/2026  00:37:41  PAGE 6


  C:0292H         LINE#         123
  C:0292H         LINE#         126
  C:0292H         LINE#         128
  -------         ENDPROC       SEG_PROC
  -------         PROC          LED_PROC
  C:0003H         LINE#         134
  C:0003H         LINE#         135
  C:0003H         LINE#         137
  -------         ENDPROC       LED_PROC
  -------         PROC          TIMER0INIT
  C:0333H         LINE#         143
  C:0333H         LINE#         144
  C:0333H         LINE#         145
  C:0336H         LINE#         146
  C:0339H         LINE#         147
  C:033CH         LINE#         148
  C:033FH         LINE#         149
  C:0341H         LINE#         150
  C:0343H         LINE#         151
  C:0345H         LINE#         152
  C:0347H         LINE#         153
  -------         ENDPROC       TIMER0INIT
  -------         PROC          TIMER0SERVER
  C:00A2H         LINE#         157
  C:00BFH         LINE#         159
  C:00C2H         LINE#         160
  C:00C5H         LINE#         161
  C:00CFH         LINE#         162
  C:00E1H         LINE#         163
  C:00EBH         LINE#         164
  C:0102H         LINE#         165
  C:0110H         LINE#         166
  C:0110H         LINE#         167
  C:0114H         LINE#         168
  C:0119H         LINE#         169
  C:0119H         LINE#         176
  -------         ENDPROC       TIMER0SERVER
  -------         PROC          MAIN
  C:0348H         LINE#         179
  C:0348H         LINE#         180
  C:0348H         LINE#         181
  C:034BH         LINE#         182
  C:034BH         LINE#         183
  C:034BH         LINE#         184
  C:034EH         LINE#         185
  C:0351H         LINE#         186
  C:0354H         LINE#         187
  -------         ENDPROC       MAIN
  -------         ENDMOD        MAIN

*** WARNING L16: UNCALLED SEGMENT, IGNORED FOR OVERLAY PROCESS
    SEGMENT: ?PR?_LED_DISP?LED

Program Size: data=69.1 xdata=0 code=847
LINK/LOCATE RUN COMPLETE.  1 WARNING(S),  0 ERROR(S)
