BL51 BANKED LINKER/LOCATER V6.22.2.0                                                    03/02/2026  13:16:27  PAGE 1


BL51 BANKED LINKER/LOCATER V6.22.2.0, INVOKED BY:
D:\KEILC51\C51\BIN\BL51.EXE .\Objects\STARTUP.obj, .\Objects\main.obj, .\Objects\iic.obj, .\Objects\Init.obj, .\Objects\
>> Key.obj, .\Objects\LED.obj, .\Objects\onewire.obj, .\Objects\Seg.obj TO .\Objects\pzk PRINT (.\Listings\pzk.m51) RAMS
>> IZE (256)


MEMORY MODEL: SMALL WITH FLOATING POINT ARITHMETIC


INPUT MODULES INCLUDED:
  .\Objects\STARTUP.obj (?C_STARTUP)
  .\Objects\main.obj (MAIN)
  .\Objects\iic.obj (IIC)
  .\Objects\Init.obj (INIT)
  .\Objects\Key.obj (KEY)
  .\Objects\LED.obj (LED)
  .\Objects\onewire.obj (ONEWIRE)
  .\Objects\Seg.obj (SEG)
  D:\KEILC51\C51\LIB\C51FPS.LIB (?C?FPMUL)
  D:\KEILC51\C51\LIB\C51FPS.LIB (?C?FCAST)
  D:\KEILC51\C51\LIB\C51FPS.LIB (?C?CASTF)
  D:\KEILC51\C51\LIB\C51FPS.LIB (?C?FPGETOPN)
  D:\KEILC51\C51\LIB\C51S.LIB (?C_INIT)
  D:\KEILC51\C51\LIB\C51S.LIB (?C?CLDPTR)
  D:\KEILC51\C51\LIB\C51S.LIB (?C?CLDOPTR)
  D:\KEILC51\C51\LIB\C51S.LIB (?C?UIDIV)
  D:\KEILC51\C51\LIB\C51S.LIB (?C?LNEG)
  D:\KEILC51\C51\LIB\C51S.LIB (?C?ULCMP)
  D:\KEILC51\C51\LIB\C51S.LIB (?C?LLDIDATA)
  D:\KEILC51\C51\LIB\C51S.LIB (?C?LLDIDATA0)
  D:\KEILC51\C51\LIB\C51S.LIB (?C?LSTIDATA)
  D:\KEILC51\C51\LIB\C51S.LIB (?C?ICALL)


LINK MAP OF MODULE:  .\Objects\pzk (?C_STARTUP)


            TYPE    BASE      LENGTH    RELOCATION   SEGMENT NAME
            -----------------------------------------------------

            * * * * * * *   D A T A   M E M O R Y   * * * * * * *
            REG     0000H     0008H     ABSOLUTE     "REG BANK 0"
            DATA    0008H     0005H     UNIT         _DATA_GROUP_
            DATA    000DH     0001H     UNIT         ?DT?ONEWIRE
            IDATA   000EH     0002H     UNIT         ?ID?LED
                    0010H     0010H                  *** GAP ***
            BIT     0020H.0   0000H.2   UNIT         _BIT_GROUP_
                    0020H.2   0000H.6                *** GAP ***
            IDATA   0021H     004CH     UNIT         ?ID?MAIN
            IDATA   006DH     0001H     UNIT         ?STACK

            * * * * * * *  X D A T A   M E M O R Y  * * * * * * *
            XDATA   0000H     0010H     INPAGE       ?PD?MAIN
            XDATA   0010H     000DH     INPAGE       ?PD?SEG

            * * * * * * *   C O D E   M E M O R Y   * * * * * * *
            CODE    0000H     0003H     ABSOLUTE     
            CODE    0003H     0018H     UNIT         ?PR?_I2CSENDACK?IIC
BL51 BANKED LINKER/LOCATER V6.22.2.0                                                  03/02/2026  13:16:27  PAGE 2


            CODE    001BH     0003H     ABSOLUTE     
            CODE    001EH     02AAH     UNIT         ?C?LIB_CODE
            CODE    02C8H     00C3H     UNIT         ?PR?KEY_PROC?MAIN
            CODE    038BH     0093H     UNIT         ?PR?SEG_PROC?MAIN
            CODE    041EH     008CH     UNIT         ?C_C51STARTUP
            CODE    04AAH     0084H     UNIT         ?PR?TIMER1_ISR?MAIN
            CODE    052EH     007FH     UNIT         ?PR?_LED_DISP?LED
            CODE    05ADH     0076H     UNIT         ?C_INITSEG
            CODE    0623H     0075H     UNIT         ?PR?SCHEDULER_RUN?MAIN
            CODE    0698H     0062H     UNIT         ?PR?LED_PROC?MAIN
            CODE    06FAH     004FH     UNIT         ?PR?_SEG_DISP?SEG
            CODE    0749H     004BH     UNIT         ?PR?AD_DA?MAIN
            CODE    0794H     0043H     UNIT         ?PR?RD_TEMPERATURE?ONEWIRE
            CODE    07D7H     0035H     UNIT         ?PR?_I2CSENDBYTE?IIC
            CODE    080CH     002EH     UNIT         ?PR?_WRITE_DS18B20?ONEWIRE
            CODE    083AH     0027H     UNIT         ?PR?SYSTEM_INIT?INIT
            CODE    0861H     0027H     UNIT         ?PR?INIT_DS18B20?ONEWIRE
            CODE    0888H     0026H     UNIT         ?PR?GET_TEMPERATURE?MAIN
            CODE    08AEH     0026H     UNIT         ?PR?I2CRECEIVEBYTE?IIC
            CODE    08D4H     0023H     UNIT         ?PR?READ_DS18B20?ONEWIRE
            CODE    08F7H     001EH     UNIT         ?PR?_DELAY_ONEWIRE?ONEWIRE
            CODE    0915H     001AH     UNIT         ?PR?_I2C_DELAY?IIC
            CODE    092FH     001AH     UNIT         ?PR?_DA_WRITE?IIC
            CODE    0949H     0017H     UNIT         ?PR?KEY_READ?KEY
            CODE    0960H     0015H     UNIT         ?PR?TIMER1_INIT?MAIN
            CODE    0975H     0015H     UNIT         ?PR?I2CWAITACK?IIC
            CODE    098AH     000FH     UNIT         ?PR?I2CSTART?IIC
            CODE    0999H     000EH     UNIT         ?PR?MAIN?MAIN
            CODE    09A7H     000CH     UNIT         ?PR?I2CSTOP?IIC
            CODE    09B3H     0005H     UNIT         ?PR?SCHEDULER_INIT?MAIN



OVERLAY MAP OF MODULE:   .\Objects\pzk (?C_STARTUP)


SEGMENT                               BIT_GROUP          DATA_GROUP 
  +--> CALLED SEGMENT              START    LENGTH     START    LENGTH
----------------------------------------------------------------------
?C_C51STARTUP                      -----    -----      -----    -----
  +--> ?PR?MAIN?MAIN
  +--> ?C_INITSEG

?PR?MAIN?MAIN                      -----    -----      -----    -----
  +--> ?PR?SYSTEM_INIT?INIT
  +--> ?PR?SCHEDULER_INIT?MAIN
  +--> ?PR?TIMER1_INIT?MAIN
  +--> ?PR?SCHEDULER_RUN?MAIN

?PR?SCHEDULER_RUN?MAIN             -----    -----      0008H    0005H

?C_INITSEG                         -----    -----      -----    -----
  +--> ?PR?LED_PROC?MAIN
  +--> ?PR?KEY_PROC?MAIN
  +--> ?PR?SEG_PROC?MAIN
  +--> ?PR?GET_TEMPERATURE?MAIN
  +--> ?PR?AD_DA?MAIN
BL51 BANKED LINKER/LOCATER V6.22.2.0                                                  03/02/2026  13:16:27  PAGE 3



?PR?KEY_PROC?MAIN                  -----    -----      -----    -----
  +--> ?PR?KEY_READ?KEY

?PR?GET_TEMPERATURE?MAIN           -----    -----      -----    -----
  +--> ?PR?RD_TEMPERATURE?ONEWIRE

?PR?RD_TEMPERATURE?ONEWIRE         -----    -----      0008H    0001H
  +--> ?PR?INIT_DS18B20?ONEWIRE
  +--> ?PR?_WRITE_DS18B20?ONEWIRE
  +--> ?PR?READ_DS18B20?ONEWIRE

?PR?INIT_DS18B20?ONEWIRE           0020H.0  0000H.1    -----    -----
  +--> ?PR?_DELAY_ONEWIRE?ONEWIRE

?PR?_WRITE_DS18B20?ONEWIRE         -----    -----      -----    -----
  +--> ?PR?_DELAY_ONEWIRE?ONEWIRE

?PR?READ_DS18B20?ONEWIRE           -----    -----      -----    -----
  +--> ?PR?_DELAY_ONEWIRE?ONEWIRE

?PR?AD_DA?MAIN                     -----    -----      -----    -----
  +--> ?PR?_DA_WRITE?IIC

?PR?_DA_WRITE?IIC                  -----    -----      -----    -----
  +--> ?PR?I2CSTART?IIC
  +--> ?PR?I2CWAITACK?IIC
  +--> ?PR?_I2CSENDBYTE?IIC
  +--> ?PR?I2CSTOP?IIC

?PR?I2CSTART?IIC                   -----    -----      -----    -----
  +--> ?PR?_I2C_DELAY?IIC

?PR?I2CWAITACK?IIC                 -----    -----      -----    -----
  +--> ?PR?_I2CSENDBYTE?IIC
  +--> ?PR?_I2C_DELAY?IIC

?PR?_I2CSENDBYTE?IIC               -----    -----      -----    -----
  +--> ?PR?_I2C_DELAY?IIC

?PR?I2CSTOP?IIC                    -----    -----      -----    -----
  +--> ?PR?_I2C_DELAY?IIC

*** NEW ROOT ***************************************************

?PR?TIMER1_ISR?MAIN                -----    -----      -----    -----
  +--> ?PR?_SEG_DISP?SEG
  +--> ?PR?_LED_DISP?LED

?PR?_SEG_DISP?SEG                  0020H.1  0000H.1    -----    -----



SYMBOL TABLE OF MODULE:  .\Objects\pzk (?C_STARTUP)

  VALUE           TYPE          NAME
  ----------------------------------
BL51 BANKED LINKER/LOCATER V6.22.2.0                                                  03/02/2026  13:16:27  PAGE 4



  -------         MODULE        ?C_STARTUP
  C:041EH         SEGMENT       ?C_C51STARTUP
  I:006DH         SEGMENT       ?STACK
  C:0000H         PUBLIC        ?C_STARTUP
  D:00E0H         SYMBOL        ACC
  D:00F0H         SYMBOL        B
  D:0083H         SYMBOL        DPH
  D:0082H         SYMBOL        DPL
  N:0000H         SYMBOL        IBPSTACK
  N:0100H         SYMBOL        IBPSTACKTOP
  N:0080H         SYMBOL        IDATALEN
  C:0421H         SYMBOL        IDATALOOP
  N:0000H         SYMBOL        PBPSTACK
  N:0100H         SYMBOL        PBPSTACKTOP
  N:0000H         SYMBOL        PDATALEN
  N:0000H         SYMBOL        PDATASTART
  N:0000H         SYMBOL        PPAGE
  N:0000H         SYMBOL        PPAGEENABLE
  D:00A0H         SYMBOL        PPAGE_SFR
  D:0081H         SYMBOL        SP
  C:041EH         SYMBOL        STARTUP1
  N:0000H         SYMBOL        XBPSTACK
  N:0000H         SYMBOL        XBPSTACKTOP
  N:0000H         SYMBOL        XDATALEN
  N:0000H         SYMBOL        XDATASTART
  C:0000H         LINE#         126
  C:041EH         LINE#         133
  C:0420H         LINE#         134
  C:0421H         LINE#         135
  C:0422H         LINE#         136
  C:0424H         LINE#         185
  C:0427H         LINE#         196
  -------         ENDMOD        ?C_STARTUP

  -------         MODULE        MAIN
  C:0000H         SYMBOL        _ICE_DUMMY_
  D:0080H         PUBLIC        P0
  D:0090H         PUBLIC        P1
  D:00A0H         PUBLIC        P2
  D:00B0H         PUBLIC        P3
  D:00C0H         PUBLIC        P4
  D:00C8H         PUBLIC        P5
  B:00A8H.7       PUBLIC        EA
  D:00E8H         PUBLIC        P6
  D:00F8H         PUBLIC        P7
  C:0698H         PUBLIC        Led_Proc
  I:0021H         PUBLIC        Error
  D:00A8H         PUBLIC        IE
  C:038BH         PUBLIC        Seg_Proc
  C:0888H         PUBLIC        Get_Temperature
  D:00B8H         PUBLIC        IP
  I:0022H         PUBLIC        Scheduler_Task
  C:09B3H         PUBLIC        Scheduler_Init
  I:0059H         PUBLIC        Temperature_Min
  I:005AH         PUBLIC        Temperature_Max
  X:0000H         PUBLIC        Seg_Buf
BL51 BANKED LINKER/LOCATER V6.22.2.0                                                  03/02/2026  13:16:27  PAGE 5


  I:005BH         PUBLIC        Temperature_1x
  C:02C8H         PUBLIC        Key_Proc
  D:00D8H         PUBLIC        CCON
  I:005DH         PUBLIC        Key_Down
  I:005EH         PUBLIC        Seg_Show_Mod
  C:0999H         PUBLIC        main
  I:005FH         PUBLIC        Temperature_Min_Set
  I:0060H         PUBLIC        Key_Old
  C:0960H         PUBLIC        Timer1_Init
  I:0061H         PUBLIC        Temperature_Max_Set
  I:0062H         PUBLIC        Key_Val
  I:0063H         PUBLIC        Seg_Pos
  D:0098H         PUBLIC        SCON
  D:0089H         PUBLIC        TMOD
  D:0088H         PUBLIC        TCON
  C:0623H         PUBLIC        Scheduler_Run
  D:008EH         PUBLIC        AUXR
  C:04AAH         PUBLIC        Timer1_Isr
  B:00A8H.3       PUBLIC        ET1
  B:0088H.7       PUBLIC        TF1
  D:008DH         PUBLIC        TH1
  I:0064H         PUBLIC        Temperature_10x
  I:0066H         PUBLIC        Key_Up
  D:008BH         PUBLIC        TL1
  B:0088H.6       PUBLIC        TR1
  I:0067H         PUBLIC        task_num
  C:0749H         PUBLIC        AD_DA
  X:0008H         PUBLIC        ucLed
  I:0068H         PUBLIC        Temperature_Index
  I:0069H         PUBLIC        uwTick
  D:00D0H         PUBLIC        PSW
  -------         PROC          KEY_PROC
  C:02C8H         LINE#         42
  C:02C8H         LINE#         43
  C:02C8H         LINE#         44
  C:02CFH         LINE#         45
  C:02D9H         LINE#         46
  C:02DFH         LINE#         47
  C:02E5H         LINE#         48
  C:02F7H         LINE#         49
  C:02F7H         LINE#         50
  C:02F7H         LINE#         51
  C:0302H         LINE#         52
  C:0302H         LINE#         53
  C:030FH         LINE#         54
  C:030FH         LINE#         55
  C:0311H         LINE#         56
  C:0314H         LINE#         57
  C:0318H         LINE#         58
  C:031AH         LINE#         60
  C:031AH         LINE#         61
  C:031EH         LINE#         62
  C:0324H         LINE#         63
  C:0327H         LINE#         64
  C:0327H         LINE#         65
  C:032BH         LINE#         66
  C:032EH         LINE#         67
BL51 BANKED LINKER/LOCATER V6.22.2.0                                                  03/02/2026  13:16:27  PAGE 6


  C:032EH         LINE#         70
  C:032FH         LINE#         71
  C:032FH         LINE#         72
  C:0338H         LINE#         73
  C:0339H         LINE#         74
  C:0339H         LINE#         75
  C:0340H         LINE#         76
  C:0340H         LINE#         77
  C:0348H         LINE#         78
  C:0348H         LINE#         79
  C:0350H         LINE#         80
  C:0350H         LINE#         81
  C:0352H         LINE#         82
  C:0352H         LINE#         83
  C:0353H         LINE#         84
  C:0359H         LINE#         85
  C:0359H         LINE#         86
  C:0361H         LINE#         87
  C:0361H         LINE#         88
  C:0363H         LINE#         89
  C:0363H         LINE#         90
  C:0363H         LINE#         91
  C:0363H         LINE#         92
  C:0364H         LINE#         93
  C:0364H         LINE#         94
  C:036BH         LINE#         95
  C:036BH         LINE#         96
  C:0373H         LINE#         97
  C:0373H         LINE#         98
  C:037AH         LINE#         99
  C:037AH         LINE#         100
  C:037BH         LINE#         101
  C:037BH         LINE#         102
  C:037CH         LINE#         103
  C:0382H         LINE#         104
  C:0382H         LINE#         105
  C:0389H         LINE#         106
  C:0389H         LINE#         107
  C:038AH         LINE#         108
  C:038AH         LINE#         109
  C:038AH         LINE#         110
  C:038AH         LINE#         111
  C:038AH         LINE#         112
  C:038AH         LINE#         115
  -------         ENDPROC       KEY_PROC
  -------         PROC          SEG_PROC
  C:038BH         LINE#         118
  C:038BH         LINE#         119
  C:038BH         LINE#         120
  C:0397H         LINE#         121
  C:0397H         LINE#         122
  C:0397H         LINE#         123
  C:039CH         LINE#         124
  C:039FH         LINE#         125
  C:03A1H         LINE#         126
  C:03A3H         LINE#         127
  C:03A5H         LINE#         128
BL51 BANKED LINKER/LOCATER V6.22.2.0                                                  03/02/2026  13:16:27  PAGE 7


  C:03A7H         LINE#         129
  C:03C3H         LINE#         130
  C:03D9H         LINE#         131
  C:03DAH         LINE#         132
  C:03DAH         LINE#         133
  C:03DFH         LINE#         134
  C:03E3H         LINE#         135
  C:03E5H         LINE#         136
  C:03F6H         LINE#         137
  C:03FFH         LINE#         138
  C:0403H         LINE#         139
  C:0414H         LINE#         140
  C:041DH         LINE#         141
  C:041DH         LINE#         143
  C:041DH         LINE#         144
  -------         ENDPROC       SEG_PROC
  -------         PROC          LED_PROC
  C:0698H         LINE#         147
  C:0698H         LINE#         148
  C:0698H         LINE#         149
  C:06B1H         LINE#         150
  C:06B5H         LINE#         151
  C:06CFH         LINE#         152
  C:06D3H         LINE#         153
  C:06E6H         LINE#         154
  C:06EAH         LINE#         155
  C:06F5H         LINE#         156
  C:06F9H         LINE#         157
  -------         ENDPROC       LED_PROC
  -------         PROC          GET_TEMPERATURE
  C:0888H         LINE#         160
  C:0888H         LINE#         161
  C:0888H         LINE#         162
  C:089FH         LINE#         163
  C:08ADH         LINE#         164
  -------         ENDPROC       GET_TEMPERATURE
  -------         PROC          AD_DA
  C:0749H         LINE#         167
  C:0749H         LINE#         168
  C:0749H         LINE#         169
  C:075DH         LINE#         170
  C:077FH         LINE#         171
  C:0793H         LINE#         173
  -------         ENDPROC       AD_DA
  -------         PROC          TIMER1_INIT
  C:0960H         LINE#         184
  C:0960H         LINE#         185
  C:0960H         LINE#         186
  C:0963H         LINE#         187
  C:0966H         LINE#         188
  C:0969H         LINE#         189
  C:096CH         LINE#         190
  C:096EH         LINE#         191
  C:0970H         LINE#         192
  C:0972H         LINE#         193
  C:0974H         LINE#         194
  -------         ENDPROC       TIMER1_INIT
BL51 BANKED LINKER/LOCATER V6.22.2.0                                                  03/02/2026  13:16:27  PAGE 8


  -------         PROC          TIMER1_ISR
  C:04AAH         LINE#         209
  C:04C7H         LINE#         211
  C:04DEH         LINE#         214
  C:04E5H         LINE#         215
  C:04F8H         LINE#         216
  C:04F8H         LINE#         217
  C:04FEH         LINE#         218
  C:0500H         LINE#         219
  C:0500H         LINE#         220
  C:050AH         LINE#         221
  C:050AH         LINE#         222
  C:0513H         LINE#         224
  -------         ENDPROC       TIMER1_ISR
  -------         PROC          SCHEDULER_INIT
  C:09B3H         LINE#         261
  C:09B3H         LINE#         262
  C:09B3H         LINE#         263
  C:09B7H         LINE#         264
  -------         ENDPROC       SCHEDULER_INIT
  -------         PROC          SCHEDULER_RUN
  -------         DO            
  D:0008H         SYMBOL        i
  -------         DO            
  D:0009H         SYMBOL        now_time
  -------         ENDDO         
  -------         ENDDO         
  C:0623H         LINE#         272
  C:0623H         LINE#         273
  C:0623H         LINE#         275
  C:062EH         LINE#         276
  C:062EH         LINE#         277
  C:063BH         LINE#         278
  C:066DH         LINE#         279
  C:066DH         LINE#         280
  C:0681H         LINE#         281
  C:0693H         LINE#         282
  C:0693H         LINE#         283
  C:0697H         LINE#         284
  -------         ENDPROC       SCHEDULER_RUN
  -------         PROC          MAIN
  C:0999H         LINE#         296
  C:0999H         LINE#         297
  C:0999H         LINE#         298
  C:099CH         LINE#         299
  C:099FH         LINE#         301
  C:09A2H         LINE#         302
  C:09A2H         LINE#         303
  C:09A2H         LINE#         304
  C:09A5H         LINE#         305
  -------         ENDPROC       MAIN
  -------         ENDMOD        MAIN

  -------         MODULE        IIC
  C:0000H         SYMBOL        _ICE_DUMMY_
  D:0080H         PUBLIC        P0
  D:0090H         PUBLIC        P1
BL51 BANKED LINKER/LOCATER V6.22.2.0                                                  03/02/2026  13:16:27  PAGE 9


  D:00A0H         PUBLIC        P2
  D:00B0H         PUBLIC        P3
  D:00C0H         PUBLIC        P4
  D:00C8H         PUBLIC        P5
  D:00E8H         PUBLIC        P6
  D:00F8H         PUBLIC        P7
  D:00A8H         PUBLIC        IE
  C:0919H         SYMBOL        _I2C_Delay
  C:092FH         PUBLIC        _Da_Write
  D:00B8H         PUBLIC        IP
  C:08AEH         PUBLIC        I2CReceiveByte
  D:00D8H         PUBLIC        CCON
  D:0098H         PUBLIC        SCON
  D:0088H         PUBLIC        TCON
  B:00A0H.1       PUBLIC        sda
  B:00A0H.0       PUBLIC        scl
  C:098AH         PUBLIC        I2CStart
  C:0003H         PUBLIC        _I2CSendAck
  C:07D7H         PUBLIC        _I2CSendByte
  C:0978H         PUBLIC        I2CWaitAck
  C:09A7H         PUBLIC        I2CStop
  D:00D0H         PUBLIC        PSW
  C:0915H         SYMBOL        L?0022
  -------         PROC          L?0021
  -------         ENDPROC       L?0021
  C:0915H         SYMBOL        L?0022
  -------         PROC          _I2C_DELAY
  D:0007H         SYMBOL        n
  C:0919H         LINE#         33
  C:0919H         LINE#         34
  C:0919H         LINE#         36
  C:0919H         LINE#         37
  C:091EH         LINE#         38
  C:0923H         LINE#         39
  C:0928H         LINE#         40
  C:0928H         LINE#         41
  C:092EH         LINE#         42
  -------         ENDPROC       _I2C_DELAY
  -------         PROC          I2CSTART
  C:098AH         LINE#         48
  C:098AH         LINE#         49
  C:098AH         LINE#         50
  C:098CH         LINE#         51
  C:098CH         LINE#         52
  C:098FH         LINE#         53
  C:0991H         LINE#         54
  C:0996H         LINE#         55
  C:0998H         LINE#         56
  -------         ENDPROC       I2CSTART
  -------         PROC          I2CSTOP
  C:09A7H         LINE#         62
  C:09A7H         LINE#         63
  C:09A7H         LINE#         64
  C:09A9H         LINE#         65
  C:09A9H         LINE#         66
  C:09ACH         LINE#         67
  C:09AEH         LINE#         68
BL51 BANKED LINKER/LOCATER V6.22.2.0                                                  03/02/2026  13:16:27  PAGE 10


  -------         ENDPROC       I2CSTOP
  -------         PROC          _I2CSENDBYTE
  D:0005H         SYMBOL        byt
  -------         DO            
  D:0004H         SYMBOL        i
  -------         ENDDO         
  C:07D7H         LINE#         76
  C:07D9H         LINE#         77
  C:07D9H         LINE#         80
  C:07E5H         LINE#         81
  C:07E7H         LINE#         82
  C:07ECH         LINE#         83
  C:07F0H         LINE#         84
  C:07F2H         LINE#         85
  C:07F4H         LINE#         86
  C:07F4H         LINE#         87
  C:07F6H         LINE#         88
  C:07F6H         LINE#         89
  C:07FBH         LINE#         90
  C:07FDH         LINE#         91
  C:0801H         LINE#         92
  C:0806H         LINE#         93
  C:0809H         LINE#         95
  C:080BH         LINE#         96
  -------         ENDPROC       _I2CSENDBYTE
  -------         PROC          I2CRECEIVEBYTE
  -------         DO            
  D:0005H         SYMBOL        da
  D:0004H         SYMBOL        i
  -------         ENDDO         
  C:08AEH         LINE#         103
  C:08AEH         LINE#         104
  C:08AEH         LINE#         107
  C:08BAH         LINE#         108
  C:08BAH         LINE#         109
  C:08BDH         LINE#         110
  C:08C1H         LINE#         111
  C:08C4H         LINE#         112
  C:08C7H         LINE#         113
  C:08C9H         LINE#         114
  C:08CEH         LINE#         115
  C:08D1H         LINE#         116
  C:08D3H         LINE#         117
  -------         ENDPROC       I2CRECEIVEBYTE
  -------         PROC          L?0023
  -------         ENDPROC       L?0023
  -------         PROC          I2CWAITACK
  -------         DO            
  D:0005H         SYMBOL        ackbit
  -------         ENDDO         
  C:0978H         LINE#         123
  C:0978H         LINE#         124
  C:0978H         LINE#         127
  C:0978H         LINE#         128
  C:097BH         LINE#         129
  C:0980H         LINE#         130
  C:0982H         LINE#         131
BL51 BANKED LINKER/LOCATER V6.22.2.0                                                  03/02/2026  13:16:27  PAGE 11


  C:0987H         LINE#         133
  C:0989H         LINE#         134
  -------         ENDPROC       I2CWAITACK
  -------         PROC          _I2CSENDACK
  D:0007H         SYMBOL        ackbit
  C:0003H         LINE#         140
  C:0003H         LINE#         141
  C:0003H         LINE#         142
  C:0005H         LINE#         143
  C:000AH         LINE#         144
  C:000FH         LINE#         145
  C:000FH         LINE#         146
  C:0012H         LINE#         147
  C:0014H         LINE#         148
  C:0016H         LINE#         149
  -------         ENDPROC       _I2CSENDACK
  -------         PROC          _DA_WRITE
  D:0003H         SYMBOL        dat
  C:092FH         LINE#         161
  C:0931H         LINE#         162
  C:0931H         LINE#         163
  C:0934H         LINE#         164
  C:0936H         LINE#         165
  C:0939H         LINE#         166
  C:093BH         LINE#         167
  C:093EH         LINE#         168
  C:0943H         LINE#         169
  C:0946H         LINE#         170
  -------         ENDPROC       _DA_WRITE
  -------         ENDMOD        IIC

  -------         MODULE        INIT
  C:0000H         SYMBOL        _ICE_DUMMY_
  C:083AH         PUBLIC        System_Init
  D:0080H         PUBLIC        P0
  D:0090H         PUBLIC        P1
  D:00A0H         PUBLIC        P2
  D:00B0H         PUBLIC        P3
  D:00C0H         PUBLIC        P4
  D:00C8H         PUBLIC        P5
  D:00E8H         PUBLIC        P6
  D:00F8H         PUBLIC        P7
  D:00A8H         PUBLIC        IE
  D:00B8H         PUBLIC        IP
  D:00D8H         PUBLIC        CCON
  D:0098H         PUBLIC        SCON
  D:0088H         PUBLIC        TCON
  D:00D0H         PUBLIC        PSW
  -------         PROC          SYSTEM_INIT
  -------         DO            
  D:0007H         SYMBOL        temp
  -------         ENDDO         
  C:083AH         LINE#         15
  C:083AH         LINE#         16
  C:083AH         LINE#         20
  C:083DH         LINE#         22
  C:0842H         LINE#         23
BL51 BANKED LINKER/LOCATER V6.22.2.0                                                  03/02/2026  13:16:27  PAGE 12


  C:0845H         LINE#         24
  C:0847H         LINE#         25
  C:084BH         LINE#         26
  C:084DH         LINE#         29
  C:0850H         LINE#         30
  C:0855H         LINE#         31
  C:0858H         LINE#         32
  C:085AH         LINE#         33
  C:085EH         LINE#         34
  C:0860H         LINE#         35
  -------         ENDPROC       SYSTEM_INIT
  -------         ENDMOD        INIT

  -------         MODULE        KEY
  C:0000H         SYMBOL        _ICE_DUMMY_
  D:0080H         PUBLIC        P0
  D:0090H         PUBLIC        P1
  D:00A0H         PUBLIC        P2
  D:00B0H         PUBLIC        P3
  D:00C0H         PUBLIC        P4
  D:00C8H         PUBLIC        P5
  D:00E8H         PUBLIC        P6
  D:00F8H         PUBLIC        P7
  C:0949H         PUBLIC        Key_Read
  D:00A8H         PUBLIC        IE
  D:00B8H         PUBLIC        IP
  D:00D8H         PUBLIC        CCON
  B:00B0H.0       PUBLIC        P30
  D:0098H         PUBLIC        SCON
  B:00B0H.1       PUBLIC        P31
  D:0088H         PUBLIC        TCON
  B:00B0H.2       PUBLIC        P32
  B:00B0H.3       PUBLIC        P33
  D:00D0H         PUBLIC        PSW
  -------         PROC          KEY_READ
  -------         DO            
  D:0007H         SYMBOL        temp
  -------         ENDDO         
  C:0949H         LINE#         3
  C:0949H         LINE#         4
  C:0949H         LINE#         5
  C:094BH         LINE#         6
  C:0950H         LINE#         7
  C:0955H         LINE#         8
  C:095AH         LINE#         9
  C:095FH         LINE#         10
  C:095FH         LINE#         11
  -------         ENDPROC       KEY_READ
  -------         ENDMOD        KEY

  -------         MODULE        LED
  C:0000H         SYMBOL        _ICE_DUMMY_
  D:0080H         PUBLIC        P0
  D:0090H         PUBLIC        P1
  D:00A0H         PUBLIC        P2
  D:00B0H         PUBLIC        P3
  D:00C0H         PUBLIC        P4
BL51 BANKED LINKER/LOCATER V6.22.2.0                                                  03/02/2026  13:16:27  PAGE 13


  D:00C8H         PUBLIC        P5
  D:00E8H         PUBLIC        P6
  D:00F8H         PUBLIC        P7
  C:052EH         PUBLIC        _Led_Disp
  D:00A8H         PUBLIC        IE
  D:00B8H         PUBLIC        IP
  D:00D8H         PUBLIC        CCON
  D:0098H         PUBLIC        SCON
  D:0088H         PUBLIC        TCON
  I:000EH         PUBLIC        temp_1
  I:000FH         PUBLIC        temp_1_old
  D:00D0H         PUBLIC        PSW
  -------         PROC          _LED_DISP
  D:0001H         SYMBOL        ucLed
  -------         DO            
  D:0006H         SYMBOL        temp
  -------         ENDDO         
  C:052EH         LINE#         13
  C:052EH         LINE#         14
  C:052EH         LINE#         18
  C:0532H         LINE#         19
  C:058EH         LINE#         23
  C:0593H         LINE#         24
  C:0593H         LINE#         25
  C:0599H         LINE#         27
  C:059EH         LINE#         28
  C:05A1H         LINE#         29
  C:05A3H         LINE#         30
  C:05A7H         LINE#         31
  C:05A9H         LINE#         33
  C:05ACH         LINE#         34
  C:05ACH         LINE#         35
  -------         ENDPROC       _LED_DISP
  -------         ENDMOD        LED

  -------         MODULE        ONEWIRE
  C:0000H         SYMBOL        _ICE_DUMMY_
  D:0080H         PUBLIC        P0
  D:0090H         PUBLIC        P1
  D:00A0H         PUBLIC        P2
  D:00B0H         PUBLIC        P3
  D:00C0H         PUBLIC        P4
  C:08D4H         PUBLIC        Read_DS18B20
  D:00C8H         PUBLIC        P5
  D:00E8H         PUBLIC        P6
  D:00F8H         PUBLIC        P7
  D:00A8H         PUBLIC        IE
  C:08FBH         PUBLIC        _Delay_OneWire
  C:0813H         PUBLIC        _Write_DS18B20
  B:0090H.4       PUBLIC        DQ
  D:00B8H         PUBLIC        IP
  C:0861H         PUBLIC        init_ds18b20
  D:00D8H         PUBLIC        CCON
  D:0098H         PUBLIC        SCON
  D:0088H         PUBLIC        TCON
  C:0794H         PUBLIC        rd_temperature
  D:00D0H         PUBLIC        PSW
BL51 BANKED LINKER/LOCATER V6.22.2.0                                                  03/02/2026  13:16:27  PAGE 14


  C:08F7H         SYMBOL        L?0021
  -------         PROC          L?0020
  -------         ENDPROC       L?0020
  C:08F7H         SYMBOL        L?0021
  -------         PROC          _DELAY_ONEWIRE
  D:0006H         SYMBOL        t
  -------         DO            
  D:0005H         SYMBOL        i
  -------         ENDDO         
  C:08FBH         LINE#         19
  C:08FBH         LINE#         20
  C:08FBH         LINE#         22
  C:0905H         LINE#         23
  C:0914H         LINE#         24
  C:0914H         LINE#         25
  -------         ENDPROC       _DELAY_ONEWIRE
  -------         PROC          L?0022
  -------         ENDPROC       L?0022
  -------         PROC          _WRITE_DS18B20
  D:0001H         SYMBOL        dat
  -------         DO            
  D:0003H         SYMBOL        i
  -------         ENDDO         
  C:0813H         LINE#         34
  C:0815H         LINE#         35
  C:0815H         LINE#         37
  C:0821H         LINE#         38
  C:0821H         LINE#         39
  C:0823H         LINE#         40
  C:0827H         LINE#         41
  C:082AH         LINE#         42
  C:082CH         LINE#         43
  C:0830H         LINE#         44
  C:0833H         LINE#         45
  -------         ENDPROC       _WRITE_DS18B20
  -------         PROC          READ_DS18B20
  -------         DO            
  D:0003H         SYMBOL        i
  D:0004H         SYMBOL        dat
  -------         ENDDO         
  C:08D4H         LINE#         54
  C:08D4H         LINE#         55
  C:08D4H         LINE#         59
  C:08E0H         LINE#         60
  C:08E0H         LINE#         61
  C:08E2H         LINE#         62
  C:08E6H         LINE#         63
  C:08E8H         LINE#         64
  C:08EBH         LINE#         65
  C:08EBH         LINE#         66
  C:08EEH         LINE#         67
  C:08EEH         LINE#         68
  C:08F1H         LINE#         69
  C:08F4H         LINE#         70
  C:08F6H         LINE#         71
  -------         ENDPROC       READ_DS18B20
  -------         PROC          INIT_DS18B20
BL51 BANKED LINKER/LOCATER V6.22.2.0                                                  03/02/2026  13:16:27  PAGE 15


  -------         DO            
  B:0020H.0       SYMBOL        initflag
  -------         ENDDO         
  C:0861H         LINE#         79
  C:0861H         LINE#         80
  C:0861H         LINE#         81
  C:0863H         LINE#         83
  C:0865H         LINE#         84
  C:086CH         LINE#         85
  C:086EH         LINE#         86
  C:0875H         LINE#         87
  C:0877H         LINE#         88
  C:087EH         LINE#         89
  C:0882H         LINE#         90
  C:0885H         LINE#         92
  C:0887H         LINE#         93
  -------         ENDPROC       INIT_DS18B20
  -------         PROC          RD_TEMPERATURE
  -------         DO            
  D:0004H         SYMBOL        high
  D:0008H         SYMBOL        low
  D:000DH         SYMBOL        flag
  D:0004H         SYMBOL        temp
  -------         ENDDO         
  C:0794H         LINE#         104
  C:0794H         LINE#         105
  C:0794H         LINE#         110
  C:0798H         LINE#         111
  C:0798H         LINE#         113
  C:079BH         LINE#         114
  C:079BH         LINE#         115
  C:079EH         LINE#         116
  C:07A1H         LINE#         117
  C:07A7H         LINE#         118
  C:07A7H         LINE#         121
  C:07AAH         LINE#         122
  C:07AFH         LINE#         123
  C:07B4H         LINE#         124
  C:07B9H         LINE#         125
  C:07BEH         LINE#         128
  C:07C1H         LINE#         129
  C:07C1H         LINE#         130
  C:07C4H         LINE#         132
  C:07D6H         LINE#         133
  C:07D6H         LINE#         134
  -------         ENDPROC       RD_TEMPERATURE
  -------         ENDMOD        ONEWIRE

  -------         MODULE        SEG
  C:0000H         SYMBOL        _ICE_DUMMY_
  D:0080H         PUBLIC        P0
  D:0090H         PUBLIC        P1
  D:00A0H         PUBLIC        P2
  D:00B0H         PUBLIC        P3
  D:00C0H         PUBLIC        P4
  D:00C8H         PUBLIC        P5
  D:00E8H         PUBLIC        P6
BL51 BANKED LINKER/LOCATER V6.22.2.0                                                  03/02/2026  13:16:27  PAGE 16


  D:00F8H         PUBLIC        P7
  X:0010H         PUBLIC        Seg_Dula
  D:00A8H         PUBLIC        IE
  C:06FAH         PUBLIC        _Seg_Disp
  D:00B8H         PUBLIC        IP
  D:00D8H         PUBLIC        CCON
  D:0098H         PUBLIC        SCON
  D:0088H         PUBLIC        TCON
  D:00D0H         PUBLIC        PSW
  -------         PROC          _SEG_DISP
  D:0007H         SYMBOL        Wela
  D:0005H         SYMBOL        Dula
  B:0020H.1       SYMBOL        Point
  -------         DO            
  D:0006H         SYMBOL        temp
  -------         ENDDO         
  C:06FAH         LINE#         39
  C:06FAH         LINE#         40
  C:06FAH         LINE#         44
  C:06FDH         LINE#         46
  C:0702H         LINE#         47
  C:0705H         LINE#         48
  C:0707H         LINE#         49
  C:070CH         LINE#         50
  C:070EH         LINE#         53
  C:071BH         LINE#         55
  C:0720H         LINE#         56
  C:0723H         LINE#         57
  C:0725H         LINE#         58
  C:0729H         LINE#         59
  C:072BH         LINE#         62
  C:0732H         LINE#         64
  C:0738H         LINE#         66
  C:073DH         LINE#         67
  C:0740H         LINE#         68
  C:0742H         LINE#         69
  C:0746H         LINE#         70
  C:0748H         LINE#         71
  -------         ENDPROC       _SEG_DISP
  -------         ENDMOD        SEG

  -------         MODULE        ?C?FPMUL
  C:001EH         PUBLIC        ?C?FPMUL
  -------         ENDMOD        ?C?FPMUL

  -------         MODULE        ?C?FCAST
  C:012EH         PUBLIC        ?C?FCASTC
  C:0129H         PUBLIC        ?C?FCASTI
  C:0124H         PUBLIC        ?C?FCASTL
  -------         ENDMOD        ?C?FCAST

  -------         MODULE        ?C?CASTF
  C:0162H         PUBLIC        ?C?CASTF
  -------         ENDMOD        ?C?CASTF

  -------         MODULE        ?C?CLDPTR
  C:01E3H         PUBLIC        ?C?CLDPTR
BL51 BANKED LINKER/LOCATER V6.22.2.0                                                  03/02/2026  13:16:27  PAGE 17


  -------         ENDMOD        ?C?CLDPTR

  -------         MODULE        ?C?CLDOPTR
  C:01FCH         PUBLIC        ?C?CLDOPTR
  -------         ENDMOD        ?C?CLDOPTR

  -------         MODULE        ?C?UIDIV
  C:0229H         PUBLIC        ?C?UIDIV
  -------         ENDMOD        ?C?UIDIV

  -------         MODULE        ?C?LNEG
  C:027EH         PUBLIC        ?C?LNEG
  -------         ENDMOD        ?C?LNEG

  -------         MODULE        ?C?ULCMP
  C:028CH         PUBLIC        ?C?ULCMP
  -------         ENDMOD        ?C?ULCMP

  -------         MODULE        ?C?LLDIDATA
  C:029DH         PUBLIC        ?C?LLDIDATA
  -------         ENDMOD        ?C?LLDIDATA

  -------         MODULE        ?C?LLDIDATA0
  C:02A9H         PUBLIC        ?C?LLDIDATA0
  -------         ENDMOD        ?C?LLDIDATA0

  -------         MODULE        ?C?LSTIDATA
  C:02B6H         PUBLIC        ?C?LSTIDATA
  -------         ENDMOD        ?C?LSTIDATA

  -------         MODULE        ?C?ICALL
  C:02C2H         PUBLIC        ?C?ICALL
  C:02C6H         PUBLIC        ?C?ICALL2
  -------         ENDMOD        ?C?ICALL

*** WARNING L16: UNCALLED SEGMENT, IGNORED FOR OVERLAY PROCESS
    SEGMENT: ?PR?I2CRECEIVEBYTE?IIC

*** WARNING L16: UNCALLED SEGMENT, IGNORED FOR OVERLAY PROCESS
    SEGMENT: ?PR?_I2CSENDACK?IIC

Program Size: data=93.2 xdata=29 code=2488
LINK/LOCATE RUN COMPLETE.  2 WARNING(S),  0 ERROR(S)
